###############################################################################
#
# IAR ELF Linker V7.40.2.8542/W32 for ARM                 20/Oct/2015  12:49:49
# Copyright 2007-2015 IAR Systems AB.
#
#    Output file  =  
#        D:\IAR projects\HR1_0100_00_I720_new2\EWP\Debug
#        xFlash\Exe\hr1_0100_00_i650.out.tmp
#    Map file     =  
#        D:\IAR projects\HR1_0100_00_I720_new2\EWP\Debug
#        xFlash\List\hr1_0100_00_i650.map
#    Command line =  
#        "D:\IAR projects\HR1_0100_00_I720_new2\EWP\Debug xFlash\Obj\AppCn.o"
#        "D:\IAR projects\HR1_0100_00_I720_new2\EWP\Debug
#        xFlash\Obj\APVComponent.o" "D:\IAR
#        projects\HR1_0100_00_I720_new2\EWP\Debug
#        xFlash\Obj\arm926ej_cp15_drv.o" "D:\IAR
#        projects\HR1_0100_00_I720_new2\EWP\Debug xFlash\Obj\board_lowlevel.o"
#        "D:\IAR projects\HR1_0100_00_I720_new2\EWP\Debug xFlash\Obj\br_var.o"
#        "D:\IAR projects\HR1_0100_00_I720_new2\EWP\Debug
#        xFlash\Obj\callBackElement.o" "D:\IAR
#        projects\HR1_0100_00_I720_new2\EWP\Debug
#        xFlash\Obj\cicloGrammaEEPROM1.o" "D:\IAR
#        projects\HR1_0100_00_I720_new2\EWP\Debug
#        xFlash\Obj\cicloGrammaEEPROM2.o" "D:\IAR
#        projects\HR1_0100_00_I720_new2\EWP\Debug xFlash\Obj\cstartup.o"
#        "D:\IAR projects\HR1_0100_00_I720_new2\EWP\Debug xFlash\Obj\CTpu.o"
#        "D:\IAR projects\HR1_0100_00_I720_new2\EWP\Debug xFlash\Obj\cy7.o"
#        "D:\IAR projects\HR1_0100_00_I720_new2\EWP\Debug
#        xFlash\Obj\DZ1Component.o" "D:\IAR
#        projects\HR1_0100_00_I720_new2\EWP\Debug xFlash\Obj\DZ2Component.o"
#        "D:\IAR projects\HR1_0100_00_I720_new2\EWP\Debug
#        xFlash\Obj\DZ3Component.o" "D:\IAR
#        projects\HR1_0100_00_I720_new2\EWP\Debug xFlash\Obj\DZ4Component.o"
#        "D:\IAR projects\HR1_0100_00_I720_new2\EWP\Debug
#        xFlash\Obj\DZ5Component.o" "D:\IAR
#        projects\HR1_0100_00_I720_new2\EWP\Debug xFlash\Obj\DZPacket.o"
#        "D:\IAR projects\HR1_0100_00_I720_new2\EWP\Debug
#        xFlash\Obj\extentiontoEEPROM.o" "D:\IAR
#        projects\HR1_0100_00_I720_new2\EWP\Debug xFlash\Obj\extmanager.o"
#        "D:\IAR projects\HR1_0100_00_I720_new2\EWP\Debug
#        xFlash\Obj\FLogTimer.o" "D:\IAR
#        projects\HR1_0100_00_I720_new2\EWP\Debug xFlash\Obj\FLogTimerRES.o"
#        "D:\IAR projects\HR1_0100_00_I720_new2\EWP\Debug
#        xFlash\Obj\getINTERFACE.o" "D:\IAR
#        projects\HR1_0100_00_I720_new2\EWP\Debug xFlash\Obj\hu1.o" "D:\IAR
#        projects\HR1_0100_00_I720_new2\EWP\Debug xFlash\Obj\hu1l.o" "D:\IAR
#        projects\HR1_0100_00_I720_new2\EWP\Debug xFlash\Obj\hu2.o" "D:\IAR
#        projects\HR1_0100_00_I720_new2\EWP\Debug xFlash\Obj\hu2l.o" "D:\IAR
#        projects\HR1_0100_00_I720_new2\EWP\Debug xFlash\Obj\hu7.o" "D:\IAR
#        projects\HR1_0100_00_I720_new2\EWP\Debug xFlash\Obj\hu7l.o" "D:\IAR
#        projects\HR1_0100_00_I720_new2\EWP\Debug xFlash\Obj\ici_api.o" "D:\IAR
#        projects\HR1_0100_00_I720_new2\EWP\Debug xFlash\Obj\ILogTimer.o"
#        "D:\IAR projects\HR1_0100_00_I720_new2\EWP\Debug
#        xFlash\Obj\ILogTimerRES.o" "D:\IAR
#        projects\HR1_0100_00_I720_new2\EWP\Debug
#        xFlash\Obj\isNewZonaMethodVRT.o" "D:\IAR
#        projects\HR1_0100_00_I720_new2\EWP\Debug
#        xFlash\Obj\isZonaTrianMethodVRT.o" "D:\IAR
#        projects\HR1_0100_00_I720_new2\EWP\Debug
#        xFlash\Obj\JLINKDCC_HandleDataAbort.o" "D:\IAR
#        projects\HR1_0100_00_I720_new2\EWP\Debug
#        xFlash\Obj\JLINKDCC_Process.o" "D:\IAR
#        projects\HR1_0100_00_I720_new2\EWP\Debug xFlash\Obj\logicAPV.o"
#        "D:\IAR projects\HR1_0100_00_I720_new2\EWP\Debug
#        xFlash\Obj\logicDZ1.o" "D:\IAR
#        projects\HR1_0100_00_I720_new2\EWP\Debug xFlash\Obj\logicDZ2to5.o"
#        "D:\IAR projects\HR1_0100_00_I720_new2\EWP\Debug
#        xFlash\Obj\logicMTZ1.o" "D:\IAR
#        projects\HR1_0100_00_I720_new2\EWP\Debug xFlash\Obj\logicMTZ2to5.o"
#        "D:\IAR projects\HR1_0100_00_I720_new2\EWP\Debug
#        xFlash\Obj\logicNZOP1to2.o" "D:\IAR
#        projects\HR1_0100_00_I720_new2\EWP\Debug xFlash\Obj\logicOF.o" "D:\IAR
#        projects\HR1_0100_00_I720_new2\EWP\Debug xFlash\Obj\logicPF.o" "D:\IAR
#        projects\HR1_0100_00_I720_new2\EWP\Debug xFlash\Obj\logicPRM1.o"
#        "D:\IAR projects\HR1_0100_00_I720_new2\EWP\Debug
#        xFlash\Obj\logictimers.o" "D:\IAR
#        projects\HR1_0100_00_I720_new2\EWP\Debug xFlash\Obj\logicTZNP1to5.o"
#        "D:\IAR projects\HR1_0100_00_I720_new2\EWP\Debug
#        xFlash\Obj\logicUMM.o" "D:\IAR
#        projects\HR1_0100_00_I720_new2\EWP\Debug xFlash\Obj\logicUROV.o"
#        "D:\IAR projects\HR1_0100_00_I720_new2\EWP\Debug xFlash\Obj\logicWL.o"
#        "D:\IAR projects\HR1_0100_00_I720_new2\EWP\Debug
#        xFlash\Obj\lpc32xx_clkpwr_driver.o" "D:\IAR
#        projects\HR1_0100_00_I720_new2\EWP\Debug
#        xFlash\Obj\lpc32xx_dma_driver.o" "D:\IAR
#        projects\HR1_0100_00_I720_new2\EWP\Debug
#        xFlash\Obj\lpc32xx_gpio_driver.o" "D:\IAR
#        projects\HR1_0100_00_I720_new2\EWP\Debug
#        xFlash\Obj\lpc32xx_hstimer_driver.o" "D:\IAR
#        projects\HR1_0100_00_I720_new2\EWP\Debug
#        xFlash\Obj\lpc32xx_intc_driver.o" "D:\IAR
#        projects\HR1_0100_00_I720_new2\EWP\Debug
#        xFlash\Obj\lpc32xx_spi_driver.o" "D:\IAR
#        projects\HR1_0100_00_I720_new2\EWP\Debug
#        xFlash\Obj\lpc32xx_uart_driver.o" "D:\IAR
#        projects\HR1_0100_00_I720_new2\EWP\Debug xFlash\Obj\lpc32xx_vectors.o"
#        "D:\IAR projects\HR1_0100_00_I720_new2\EWP\Debug
#        xFlash\Obj\lpc_arm922t_cp15_driver.o" "D:\IAR
#        projects\HR1_0100_00_I720_new2\EWP\Debug
#        xFlash\Obj\lpcAV1_dma_driver.o" "D:\IAR
#        projects\HR1_0100_00_I720_new2\EWP\Debug
#        xFlash\Obj\lpcAV1_hsuart_driver.o" "D:\IAR
#        projects\HR1_0100_00_I720_new2\EWP\Debug
#        xFlash\Obj\lpcAV1_intc_driver.o" "D:\IAR
#        projects\HR1_0100_00_I720_new2\EWP\Debug
#        xFlash\Obj\lpcAV1_ssp_driver.o" "D:\IAR
#        projects\HR1_0100_00_I720_new2\EWP\Debug
#        xFlash\Obj\lpcAV1_timer_driver.o" "D:\IAR
#        projects\HR1_0100_00_I720_new2\EWP\Debug
#        xFlash\Obj\lpcAV1_uart_driver.o" "D:\IAR
#        projects\HR1_0100_00_I720_new2\EWP\Debug xFlash\Obj\lpu.o" "D:\IAR
#        projects\HR1_0100_00_I720_new2\EWP\Debug xFlash\Obj\main.o" "D:\IAR
#        projects\HR1_0100_00_I720_new2\EWP\Debug
#        xFlash\Obj\missionCollectionEEPROM1.o" "D:\IAR
#        projects\HR1_0100_00_I720_new2\EWP\Debug
#        xFlash\Obj\missionCollectionEEPROM2.o" "D:\IAR
#        projects\HR1_0100_00_I720_new2\EWP\Debug xFlash\Obj\MTZ1Component.o"
#        "D:\IAR projects\HR1_0100_00_I720_new2\EWP\Debug
#        xFlash\Obj\MTZ2Component.o" "D:\IAR
#        projects\HR1_0100_00_I720_new2\EWP\Debug xFlash\Obj\MTZ3Component.o"
#        "D:\IAR projects\HR1_0100_00_I720_new2\EWP\Debug
#        xFlash\Obj\MTZ4Component.o" "D:\IAR
#        projects\HR1_0100_00_I720_new2\EWP\Debug xFlash\Obj\MTZ5Component.o"
#        "D:\IAR projects\HR1_0100_00_I720_new2\EWP\Debug
#        xFlash\Obj\MTZPacket.o" "D:\IAR
#        projects\HR1_0100_00_I720_new2\EWP\Debug xFlash\Obj\NZOP1Component.o"
#        "D:\IAR projects\HR1_0100_00_I720_new2\EWP\Debug
#        xFlash\Obj\NZOP2Component.o" "D:\IAR
#        projects\HR1_0100_00_I720_new2\EWP\Debug xFlash\Obj\NZOPPacket.o"
#        "D:\IAR projects\HR1_0100_00_I720_new2\EWP\Debug
#        xFlash\Obj\OFComponent.o" "D:\IAR
#        projects\HR1_0100_00_I720_new2\EWP\Debug xFlash\Obj\partial_vfp.o"
#        "D:\IAR projects\HR1_0100_00_I720_new2\EWP\Debug
#        xFlash\Obj\periodOperations.o" "D:\IAR
#        projects\HR1_0100_00_I720_new2\EWP\Debug xFlash\Obj\PFComponent.o"
#        "D:\IAR projects\HR1_0100_00_I720_new2\EWP\Debug
#        xFlash\Obj\PRM1Component.o" "D:\IAR
#        projects\HR1_0100_00_I720_new2\EWP\Debug xFlash\Obj\psupervisor.o"
#        "D:\IAR projects\HR1_0100_00_I720_new2\EWP\Debug
#        xFlash\Obj\psvisor_help.o" "D:\IAR
#        projects\HR1_0100_00_I720_new2\EWP\Debug xFlash\Obj\rangirtoEEPROM.o"
#        "D:\IAR projects\HR1_0100_00_I720_new2\EWP\Debug
#        xFlash\Obj\rangmanager.o" "D:\IAR
#        projects\HR1_0100_00_I720_new2\EWP\Debug xFlash\Obj\ResetSystemMenu.o"
#        "D:\IAR projects\HR1_0100_00_I720_new2\EWP\Debug
#        xFlash\Obj\SettingIci_APV.o" "D:\IAR
#        projects\HR1_0100_00_I720_new2\EWP\Debug xFlash\Obj\SettingIci_data.o"
#        "D:\IAR projects\HR1_0100_00_I720_new2\EWP\Debug
#        xFlash\Obj\SettingIci_DZ1.o" "D:\IAR
#        projects\HR1_0100_00_I720_new2\EWP\Debug
#        xFlash\Obj\SettingIci_DZ2to5.o" "D:\IAR
#        projects\HR1_0100_00_I720_new2\EWP\Debug xFlash\Obj\SettingIci_MTZ.o"
#        "D:\IAR projects\HR1_0100_00_I720_new2\EWP\Debug
#        xFlash\Obj\SettingIci_NZOP.o" "D:\IAR
#        projects\HR1_0100_00_I720_new2\EWP\Debug xFlash\Obj\SettingIci_OF.o"
#        "D:\IAR projects\HR1_0100_00_I720_new2\EWP\Debug
#        xFlash\Obj\SettingIci_OFDZ.o" "D:\IAR
#        projects\HR1_0100_00_I720_new2\EWP\Debug
#        xFlash\Obj\SettingIci_OFMTZ.o" "D:\IAR
#        projects\HR1_0100_00_I720_new2\EWP\Debug
#        xFlash\Obj\SettingIci_OFTZNP.o" "D:\IAR
#        projects\HR1_0100_00_I720_new2\EWP\Debug
#        xFlash\Obj\SettingIci_OFUMM.o" "D:\IAR
#        projects\HR1_0100_00_I720_new2\EWP\Debug xFlash\Obj\SettingIci_PRM1.o"
#        "D:\IAR projects\HR1_0100_00_I720_new2\EWP\Debug
#        xFlash\Obj\SettingIci_Rangir.o" "D:\IAR
#        projects\HR1_0100_00_I720_new2\EWP\Debug
#        xFlash\Obj\SettingIci_RangirAPV.o" "D:\IAR
#        projects\HR1_0100_00_I720_new2\EWP\Debug
#        xFlash\Obj\SettingIci_RangirDZ.o" "D:\IAR
#        projects\HR1_0100_00_I720_new2\EWP\Debug
#        xFlash\Obj\SettingIci_RangirMTZ.o" "D:\IAR
#        projects\HR1_0100_00_I720_new2\EWP\Debug
#        xFlash\Obj\SettingIci_RangirNZOP.o" "D:\IAR
#        projects\HR1_0100_00_I720_new2\EWP\Debug
#        xFlash\Obj\SettingIci_RangirOF.o" "D:\IAR
#        projects\HR1_0100_00_I720_new2\EWP\Debug
#        xFlash\Obj\SettingIci_RangirOT.o" "D:\IAR
#        projects\HR1_0100_00_I720_new2\EWP\Debug
#        xFlash\Obj\SettingIci_RangirPRM1.o" "D:\IAR
#        projects\HR1_0100_00_I720_new2\EWP\Debug
#        xFlash\Obj\SettingIci_RangirTZNP.o" "D:\IAR
#        projects\HR1_0100_00_I720_new2\EWP\Debug
#        xFlash\Obj\SettingIci_RangirUMM.o" "D:\IAR
#        projects\HR1_0100_00_I720_new2\EWP\Debug
#        xFlash\Obj\SettingIci_RangirUROV.o" "D:\IAR
#        projects\HR1_0100_00_I720_new2\EWP\Debug xFlash\Obj\SettingIci_TZNP.o"
#        "D:\IAR projects\HR1_0100_00_I720_new2\EWP\Debug
#        xFlash\Obj\SettingIci_UMM.o" "D:\IAR
#        projects\HR1_0100_00_I720_new2\EWP\Debug xFlash\Obj\SettingIci_UROV.o"
#        "D:\IAR projects\HR1_0100_00_I720_new2\EWP\Debug xFlash\Obj\ssp1.o"
#        "D:\IAR projects\HR1_0100_00_I720_new2\EWP\Debug xFlash\Obj\ssp1L.o"
#        "D:\IAR projects\HR1_0100_00_I720_new2\EWP\Debug
#        xFlash\Obj\start_settings.o" "D:\IAR
#        projects\HR1_0100_00_I720_new2\EWP\Debug xFlash\Obj\systemMenu.o"
#        "D:\IAR projects\HR1_0100_00_I720_new2\EWP\Debug
#        xFlash\Obj\toSpeedDIS.o" "D:\IAR
#        projects\HR1_0100_00_I720_new2\EWP\Debug xFlash\Obj\toSpeedOptim.o"
#        "D:\IAR projects\HR1_0100_00_I720_new2\EWP\Debug
#        xFlash\Obj\toSpeedZonaVRT.o" "D:\IAR
#        projects\HR1_0100_00_I720_new2\EWP\Debug xFlash\Obj\translateI.o"
#        "D:\IAR projects\HR1_0100_00_I720_new2\EWP\Debug xFlash\Obj\ttbl.o"
#        "D:\IAR projects\HR1_0100_00_I720_new2\EWP\Debug
#        xFlash\Obj\TxtStream.o" "D:\IAR
#        projects\HR1_0100_00_I720_new2\EWP\Debug xFlash\Obj\TZNP1Component.o"
#        "D:\IAR projects\HR1_0100_00_I720_new2\EWP\Debug
#        xFlash\Obj\TZNP2Component.o" "D:\IAR
#        projects\HR1_0100_00_I720_new2\EWP\Debug xFlash\Obj\TZNP3Component.o"
#        "D:\IAR projects\HR1_0100_00_I720_new2\EWP\Debug
#        xFlash\Obj\TZNP4Component.o" "D:\IAR
#        projects\HR1_0100_00_I720_new2\EWP\Debug xFlash\Obj\TZNP5Component.o"
#        "D:\IAR projects\HR1_0100_00_I720_new2\EWP\Debug
#        xFlash\Obj\TZNPPacket.o" "D:\IAR
#        projects\HR1_0100_00_I720_new2\EWP\Debug xFlash\Obj\u3.o" "D:\IAR
#        projects\HR1_0100_00_I720_new2\EWP\Debug xFlash\Obj\u3l.o" "D:\IAR
#        projects\HR1_0100_00_I720_new2\EWP\Debug xFlash\Obj\UMMComponent.o"
#        "D:\IAR projects\HR1_0100_00_I720_new2\EWP\Debug
#        xFlash\Obj\UROVComponent.o" "D:\IAR
#        projects\HR1_0100_00_I720_new2\EWP\Debug xFlash\Obj\ustavkitoEEPROM.o"
#        "D:\IAR projects\HR1_0100_00_I720_new2\EWP\Debug
#        xFlash\Obj\ustmanager.o" "D:\IAR
#        projects\HR1_0100_00_I720_new2\EWP\Debug xFlash\Obj\ViewMenuCnf.o"
#        "D:\IAR projects\HR1_0100_00_I720_new2\EWP\Debug
#        xFlash\Obj\viewMenuList.o" "D:\IAR
#        projects\HR1_0100_00_I720_new2\EWP\Debug xFlash\Obj\ViewMenuRang.o"
#        "D:\IAR projects\HR1_0100_00_I720_new2\EWP\Debug
#        xFlash\Obj\ViewMenuReg.o" "D:\IAR
#        projects\HR1_0100_00_I720_new2\EWP\Debug xFlash\Obj\viewMenuSub.o"
#        "D:\IAR projects\HR1_0100_00_I720_new2\EWP\Debug
#        xFlash\Obj\ViewMenuTip.o" "D:\IAR
#        projects\HR1_0100_00_I720_new2\EWP\Debug xFlash\Obj\ViewMenuWideLog.o"
#        "D:\IAR projects\HR1_0100_00_I720_new2\EWP\Debug
#        xFlash\Obj\ViewRepozit.o" "D:\IAR
#        projects\HR1_0100_00_I720_new2\EWP\Debug xFlash\Obj\ViewRepozitWL.o"
#        "D:\IAR projects\HR1_0100_00_I720_new2\EWP\Debug
#        xFlash\Obj\widelogmanager.o" "D:\IAR
#        projects\HR1_0100_00_I720_new2\EWP\Debug xFlash\Obj\WLComponent.o"
#        --redirect _Printf=_PrintfFull --redirect _Scanf=_ScanfFull -o "D:\IAR
#        projects\HR1_0100_00_I720_new2\EWP\Debug
#        xFlash\Exe\hr1_0100_00_i650.out.tmp" --map "D:\IAR
#        projects\HR1_0100_00_I720_new2\EWP\Debug
#        xFlash\List\hr1_0100_00_i650.map" --config "D:\IAR
#        projects\HR1_0100_00_I720_new2\EWP\..\cfg\LPC3000_xFlash.icf" --entry
#        __iar_program_start --place_holder __checksum,2,.checksum,1
#        --define_symbol __checksum_begin=0xe0000000 --define_symbol
#        __checksum_end=0xe01ffffd --vfe
#
###############################################################################

*******************************************************************************
*** RUNTIME MODEL ATTRIBUTES
***

CppFlavor       = *
__SystemLibrary = DLib


*******************************************************************************
*** PLACEMENT SUMMARY
***

"VC_and_MW":
       place at 0xe0000000 { section VC_and_MW };
"A2":  place at start of [0xe0000004-0xe0000103] { section .cstartup };
"P1":  place in [from 0xe0000104 to 0xe00fffff] { ro };
"A3":  place at end of [0xe0100000-0xe01fffff] { ro section .checksum };
"P3":  place in [from 0xe1000000 to 0xe107efff] { section Fast_function };
"P4":  place in [from 0xe107f000 to 0xe107ffff] {
          section Fast_function_no_cache };
"P5":  place in [from 0xe1080000 to 0xe10fefff] {
          zi, rw, block CSTACK, block SVC_STACK, block IRQ_STACK,
          block FIQ_STACK, block UND_STACK, block ABT_STACK, block HEAP };
"P6":  place in [from 0xe10ff000 to 0xe10fffff] { rw data section DMA_BUFFERS };
"P7":  place in [from 0x08000100 to 0x0803ffff] {
          rw data section MMU_TT, section I_RAM_variables,
          section IRAM_function };

  Section                 Kind        Address     Size  Object
  -------                 ----        -------     ----  ------
"P7":                                           0x4c00
  MMU_TT                  uninit   0x08004000   0x4000  ttbl.o [1]
  MMU_TT                  uninit   0x08008000    0x400  ttbl.o [1]
  MMU_TT                  uninit   0x08008800    0x400  ttbl.o [1]
                                 - 0x08008c00   0x4c00

Absolute sections, part 1 of 20:                   0x4
  .noinit                 uninit   0x31080000      0x4  board_lowlevel.o [1]
                                 - 0x31080004      0x4

Absolute sections, part 2 of 20:                   0x4
  .noinit                 uninit   0x31080008      0x4  board_lowlevel.o [1]
                                 - 0x3108000c      0x4

Absolute sections, part 3 of 20:                   0x4
  .noinit                 uninit   0x31080080      0x4  board_lowlevel.o [1]
                                 - 0x31080084      0x4

Absolute sections, part 4 of 20:                  0x10
  .noinit                 uninit   0x31080200      0x4  board_lowlevel.o [1]
  .noinit                 uninit   0x31080204      0x4  board_lowlevel.o [1]
  .noinit                 uninit   0x31080208      0x4  board_lowlevel.o [1]
  .noinit                 uninit   0x3108020c      0x4  board_lowlevel.o [1]
                                 - 0x31080210     0x10

Absolute sections, part 5 of 20:                   0x8
  .noinit                 uninit   0x31080214      0x4  board_lowlevel.o [1]
  .noinit                 uninit   0x31080218      0x4  board_lowlevel.o [1]
                                 - 0x3108021c      0x8

Absolute sections, part 6 of 20:                  0x10
  .noinit                 uninit   0x31080220      0x4  board_lowlevel.o [1]
  .noinit                 uninit   0x31080224      0x4  board_lowlevel.o [1]
  .noinit                 uninit   0x31080228      0x4  board_lowlevel.o [1]
  .noinit                 uninit   0x3108022c      0x4  board_lowlevel.o [1]
                                 - 0x31080230     0x10

Absolute sections, part 7 of 20:                   0x8
  .noinit                 uninit   0x31080234      0x4  board_lowlevel.o [1]
  .noinit                 uninit   0x31080238      0x4  board_lowlevel.o [1]
                                 - 0x3108023c      0x8

Absolute sections, part 8 of 20:                  0x10
  .noinit                 uninit   0x31080240      0x4  board_lowlevel.o [1]
  .noinit                 uninit   0x31080244      0x4  board_lowlevel.o [1]
  .noinit                 uninit   0x31080248      0x4  board_lowlevel.o [1]
  .noinit                 uninit   0x3108024c      0x4  board_lowlevel.o [1]
                                 - 0x31080250     0x10

Absolute sections, part 9 of 20:                   0x8
  .noinit                 uninit   0x31080254      0x4  board_lowlevel.o [1]
  .noinit                 uninit   0x31080258      0x4  board_lowlevel.o [1]
                                 - 0x3108025c      0x8

Absolute sections, part 10 of 20:                 0x10
  .noinit                 uninit   0x31080260      0x4  board_lowlevel.o [1]
  .noinit                 uninit   0x31080264      0x4  board_lowlevel.o [1]
  .noinit                 uninit   0x31080268      0x4  board_lowlevel.o [1]
  .noinit                 uninit   0x3108026c      0x4  board_lowlevel.o [1]
                                 - 0x31080270     0x10

Absolute sections, part 11 of 20:                  0x8
  .noinit                 uninit   0x31080274      0x4  board_lowlevel.o [1]
  .noinit                 uninit   0x31080278      0x4  board_lowlevel.o [1]
                                 - 0x3108027c      0x8

Absolute sections, part 12 of 20:                  0x4
  .noinit                 uninit   0x31080400      0x4  board_lowlevel.o [1]
                                 - 0x31080404      0x4

Absolute sections, part 13 of 20:                  0x4
  .noinit                 uninit   0x31080440      0x4  board_lowlevel.o [1]
                                 - 0x31080444      0x4

Absolute sections, part 14 of 20:                  0x4
  .noinit                 uninit   0x31080460      0x4  board_lowlevel.o [1]
                                 - 0x31080464      0x4

Absolute sections, part 15 of 20:                  0x4
  .noinit                 uninit   0x31080480      0x4  board_lowlevel.o [1]
                                 - 0x31080484      0x4

Absolute sections, part 16 of 20:                  0x4
  .noinit                 uninit   0x40004014      0x4  board_lowlevel.o [1]
                                 - 0x40004018      0x4

Absolute sections, part 17 of 20:                  0xc
  .noinit                 uninit   0x40004040      0x4  board_lowlevel.o [1]
  .noinit                 uninit   0x40004044      0x4  board_lowlevel.o [1]
  .noinit                 uninit   0x40004048      0x4  board_lowlevel.o [1]
                                 - 0x4000404c      0xc

Absolute sections, part 18 of 20:                  0x4
  .noinit                 uninit   0x40004050      0x4  board_lowlevel.o [1]
                                 - 0x40004054      0x4

Absolute sections, part 19 of 20:                  0x4
  .noinit                 uninit   0x40004058      0x4  board_lowlevel.o [1]
                                 - 0x4000405c      0x4

Absolute sections, part 20 of 20:                  0x4
  .noinit                 uninit   0x40004068      0x4  board_lowlevel.o [1]
                                 - 0x4000406c      0x4

"VC_and_MW":                                       0x4
  VC_and_MW               const    0xe0000000      0x4  main.o [1]
                                 - 0xe0000004      0x4

"A2":                                             0xe4
  .cstartup               ro code  0xe0000004     0xe4  cstartup.o [1]
                                 - 0xe00000e8     0xe4

"P1":                                          0x3c0ff
  .text                   ro code  0xe0000104   0x34bc  AppCn.o [1]
  .text                   ro code  0xe00035c0    0x150  CTpu.o [1]
  .text                   ro code  0xe0003710     0xd4  ABImemcpy.o [5]
  .text                   ro code  0xe00037e4     0x54  strlen.o [5]
  .text                   ro code  0xe0003838     0x98  strncpy.o [5]
  .text                   ro code  0xe00038d0     0x78  ABImemset.o [5]
  .text                   ro code  0xe0003948   0x27b8  isNewZonaMethodVRT.o [1]
  .text                   ro code  0xe0006100     0x94  ceil.o [4]
  .text                   ro code  0xe0006194     0xb8  DblToS64.o [4]
  .text                   ro code  0xe0006250     0x80  acos.o [4]
  .text                   ro code  0xe00062d0     0x98  asin.o [4]
  .text                   ro code  0xe0006368     0x20  sqrt.o [4]
  .text                   ro code  0xe0006388    0x120  xatan.o [4]
  .text                   ro code  0xe00064a8     0x14  iarEdom.o [5]
  .text                   ro code  0xe00064bc      0xc  errno.o [3]
  .text                   ro code  0xe00064c8      0x4  xtls.o [3]
  .text                   ro code  0xe00064cc   0x1b20  SettingIci_DZ2to5.o [1]
  .text                   ro code  0xe0007fec    0x794  ResetSystemMenu.o [1]
  .text                   ro code  0xe0008780    0x6a4  psvisor_help.o [1]
  .text                   ro code  0xe0008e24    0x33c  ViewMenuCnf.o [1]
  .text                   ro code  0xe0009160    0x264  TxtStream.o [1]
  .text                   ro code  0xe00093c4    0xf2c  systemMenu.o [1]
  .text                   ro code  0xe000a2f0    0x3a8  main.o [1]
  .text                   ro code  0xe000a698    0x9b0  rangmanager.o [1]
  .text                   ro code  0xe000b048     0xfc  ViewMenuWideLog.o [1]
  .text                   ro code  0xe000b144    0x508  ustmanager.o [1]
  .text                   ro code  0xe000b64c   0x14ac  psupervisor.o [1]
  .text                   ro code  0xe000caf8     0x78  logictimers.o [1]
  .text                   ro code  0xe000cb70    0x1a8  I32DivMod.o [5]
  .text                   ro code  0xe000cd18      0x4  viewMenuList.o [1]
  .text                   ro code  0xe000cd1c     0xe0  viewMenuSub.o [1]
  .text                   ro code  0xe000cdfc     0x68  strcpy.o [5]
  .text                   ro code  0xe000ce64     0x58  sprintf.o [3]
  .text                   ro code  0xe000cebc     0x30  strcat.o [3]
  .text                   ro code  0xe000ceec     0x74  memcmp.o [5]
  .text                   ro code  0xe000cf60    0x1bc  u3.o [1]
  .text                   ro code  0xe000d11c    0x7e0  periodOperations.o [1]
  .text                   ro code  0xe000d8fc    0x564  arm926ej_cp15_drv.o [1]
  .text                   ro code  0xe000de60     0xfc  callBackElement.o [1]
  .text                   ro code  0xe000df5c    0x490  lpc32xx_intc_driver.o [1]
  .text                   ro code  0xe000e3ec    0xb88  lpc32xx_clkpwr_driver.o [1]
  .text                   ro code  0xe000ef74     0xdc  widelogmanager.o [1]
  .text                   ro code  0xe000f050    0x2b8  ViewRepozit.o [1]
  .text                   ro code  0xe000f308    0x2e8  ViewRepozitWL.o [1]
  .text                   ro code  0xe000f5f0      0x4  IntDivZer.o [5]
  .text                   ro code  0xe000f5f4   0x163e  xprintffull.o [3]
  .text                   ro code  0xe0010c32     0x2a  zero_init3.o [5]
  .text                   ro code  0xe0010c5c    0x210  lpcAV1_timer_driver.o [1]
  .text                   ro code  0xe0010e6c    0x27c  ssp1.o [1]
  .text                   ro code  0xe00110e8    0x89c  lpu.o [1]
  .text                   ro code  0xe0011984    0x450  lpcAV1_intc_driver.o [1]
  .text                   ro code  0xe0011dd4     0x3c  lpc32xx_gpio_driver.o [1]
  .text                   ro code  0xe0011e10    0x58c  JLINKDCC_Process.o [1]
  .text                   ro code  0xe001239c    0xbfc  SettingIci_data.o [1]
  .text                   ro code  0xe0012f98     0x20  uread4.o [5]
  .text                   ro code  0xe0012fb8     0x58  lpc_arm922t_cp15_driver.o [1]
  .text                   ro code  0xe0013010    0x130  I64DivMod.o [5]
  .text                   ro code  0xe0013140     0x20  strchr.o [5]
  .text                   ro code  0xe0013160     0x94  memchr.o [5]
  .text                   ro code  0xe00131f4     0x78  xdnorm.o [4]
  .text                   ro code  0xe001326c     0x38  DblCmpLe.o [4]
  .text                   ro code  0xe00132a4     0x38  DblCmpGe.o [4]
  .text                   ro code  0xe00132dc    0x1dc  xdscale.o [4]
  .text                   ro code  0xe00134b8     0x10  DblToS32.o [4]
  .text                   ro code  0xe00134c8     0x10  S32ToDbl.o [4]
  .text                   ro code  0xe00134d8     0x14  DblSub.o [4]
  .text                   ro code  0xe00134ec     0xf8  partial_vfp.o [1]
  .text                   ro code  0xe00135e4     0x10  DblToU32.o [4]
  .text                   ro code  0xe00135f4     0x34  div.o [3]
  .text                   ro code  0xe0013628    0x690  lpcAV1_ssp_driver.o [1]
  .text                   ro code  0xe0013cb8    0x308  lpcAV1_dma_driver.o [1]
  .text                   ro code  0xe0013fc0    0x554  SettingIci_Rangir.o [1]
  .text                   ro code  0xe0014514   0x1a28  SettingIci_MTZ.o [1]
  .text                   ro code  0xe0015f3c    0x4f0  SettingIci_UMM.o [1]
  .text                   ro code  0xe001642c    0x3d4  SettingIci_DZ1.o [1]
  .text                   ro code  0xe0016800   0x1328  SettingIci_TZNP.o [1]
  .text                   ro code  0xe0017b28     0xd0  SettingIci_PRM1.o [1]
  .text                   ro code  0xe0017bf8    0x3fc  SettingIci_NZOP.o [1]
  .text                   ro code  0xe0017ff4    0xbc8  SettingIci_APV.o [1]
  .text                   ro code  0xe0018bbc    0x9f8  SettingIci_UROV.o [1]
  .text                   ro code  0xe00195b4    0xd24  SettingIci_OF.o [1]
  .text                   ro code  0xe001a2d8     0x8c  ustavkitoEEPROM.o [1]
  .text                   ro code  0xe001a364      0x4  I64DivZer.o [5]
  .text                   ro code  0xe001a368    0xea0  SettingIci_RangirMTZ.o [1]
  .text                   ro code  0xe001b208    0x450  SettingIci_RangirUMM.o [1]
  .text                   ro code  0xe001b658    0xa70  SettingIci_RangirTZNP.o [1]
  .text                   ro code  0xe001c0c8    0xaa0  SettingIci_RangirDZ.o [1]
  .text                   ro code  0xe001cb68     0xb0  SettingIci_RangirPRM1.o [1]
  .text                   ro code  0xe001cc18    0x320  SettingIci_RangirNZOP.o [1]
  .text                   ro code  0xe001cf38    0x110  SettingIci_RangirAPV.o [1]
  .text                   ro code  0xe001d048     0xe0  SettingIci_RangirUROV.o [1]
  .text                   ro code  0xe001d128    0x620  SettingIci_RangirOF.o [1]
  .text                   ro code  0xe001d748    0x4a0  SettingIci_RangirOT.o [1]
  .text                   ro code  0xe001dbe8    0xba4  SettingIci_OFDZ.o [1]
  .text                   ro code  0xe001e78c    0x964  SettingIci_OFMTZ.o [1]
  .text                   ro code  0xe001f0f0    0x364  SettingIci_OFUMM.o [1]
  .text                   ro code  0xe001f454    0xae4  SettingIci_OFTZNP.o [1]
  .text                   ro code  0xe001ff38    0x474  missionCollectionEEPROM1.o [1]
  .text                   ro code  0xe00203ac   0x16f8  PRM1Component.o [1]
  .text                   ro code  0xe0021aa4   0x15dc  OFComponent.o [1]
  .text                   ro code  0xe0023080   0x12a8  DZ2Component.o [1]
  .text                   ro code  0xe0024328    0xdec  isZonaTrianMethodVRT.o [1]
  .text                   ro code  0xe0025114    0xf7c  APVComponent.o [1]
  .text                   ro code  0xe0026090    0xe64  MTZ2Component.o [1]
  .text                   ro code  0xe0026ef4    0xbd0  MTZ1Component.o [1]
  .text                   ro code  0xe0027ac4    0xd7c  DZ1Component.o [1]
  .text                   ro code  0xe0028840    0xbe8  logicUMM.o [1]
  .text                   ro code  0xe0029428    0xb58  TZNP1Component.o [1]
  .text                   ro code  0xe0029f80    0xabc  NZOP1Component.o [1]
  .text                   ro code  0xe002aa3c    0xa4c  UMMComponent.o [1]
  .text                   ro code  0xe002b488    0x810  UROVComponent.o [1]
  .text                   ro code  0xe002bc98    0x4b4  lpcAV1_hsuart_driver.o [1]
  .text                   ro code  0xe002c14c    0x454  ViewMenuRang.o [1]
  .text                   ro code  0xe002c5a0    0x41c  MTZ3Component.o [1]
  .text                   ro code  0xe002c9bc    0x41c  MTZ5Component.o [1]
  .text                   ro code  0xe002cdd8    0x3f0  TZNP2Component.o [1]
  .text                   ro code  0xe002d1c8    0x3e0  MTZ4Component.o [1]
  .text                   ro code  0xe002d5a8    0x3d8  NZOP2Component.o [1]
  .text                   ro code  0xe002d980    0x3d0  DZ5Component.o [1]
  .text                   ro code  0xe002dd50    0x3b0  DZ4Component.o [1]
  .text                   ro code  0xe002e100    0x3b0  TZNP3Component.o [1]
  .text                   ro code  0xe002e4b0    0x3b0  TZNP4Component.o [1]
  .text                   ro code  0xe002e860    0x3b0  TZNP5Component.o [1]
  .text                   ro code  0xe002ec10    0x358  DZ3Component.o [1]
  .text                   ro code  0xe002ef68    0x310  WLComponent.o [1]
  .text                   ro code  0xe002f278    0x308  ViewMenuReg.o [1]
  .text                   ro code  0xe002f580    0x300  TZNPPacket.o [1]
  .text                   ro code  0xe002f880    0x2f0  DZPacket.o [1]
  .text                   ro code  0xe002fb70    0x2f0  MTZPacket.o [1]
  .text                   ro code  0xe002fe60    0x2b8  board_lowlevel.o [1]
  .text                   ro code  0xe0030118    0x124  start_settings.o [1]
  .text                   ro code  0xe003023c    0x258  NZOPPacket.o [1]
  .text                   ro code  0xe0030494    0x1d0  lpc32xx_vectors.o [1]
  .text                   ro code  0xe0030664    0x1be  lz77_init.o [5]
  .rodata                 const    0xe0030822      0x2  lpcAV1_ssp_driver.o [1]
  .text                   ro code  0xe0030824      0x8  abort.o [3]
  .text                   ro code  0xe003082c     0x14  XXexit.o [5]
  .text                   ro code  0xe0030840    0x1b8  PFComponent.o [1]
  .rodata                 const    0xe00309f8    0x110  ttbl.o [1]
  .text                   ro code  0xe0030b08     0xd8  hu2l.o [1]
  .rodata                 const    0xe0030be0     0x6c  lpu.o [1]
  .text                   ro code  0xe0030c4c     0x68  ici_api.o [1]
  .intvec                 ro code  0xe0030cb4     0x40  cstartup.o [1]
  .text                   ro code  0xe0030cf4     0x38  ABImemset48.o [5]
  .rodata                 const    0xe0030d2c     0x34  AppCn.o [1]
  .text                   ro code  0xe0030d60     0x2c  cmain.o [5]
  .text                   ro code  0xe0030d8c      0x8  low_level_init.o [3]
  .text                   ro code  0xe0030d94     0x28  data_init.o [5]
  .text                   ro code  0xe0030dbc      0x4  exit.o [3]
  .text                   ro code  0xe0030dc0     0x10  cexit.o [5]
  .text                   ro code  0xe0030dd0     0x28  hu7l.o [1]
  .text                   ro code  0xe0030df8     0x28  ssp1L.o [1]
  .rodata                 const    0xe0030e20     0x24  APVComponent.o [1]
  .rodata                 const    0xe0030e44     0x24  APVComponent.o [1]
  .iar.init_table         const    0xe0030e68     0x6c  - Linker created -
  .rodata                 const    0xe0030ed4     0x1c  PRM1Component.o [1]
  .rodata                 const    0xe0030ef0     0x18  APVComponent.o [1]
  .rodata                 const    0xe0030f08     0x18  APVComponent.o [1]
  .rodata                 const    0xe0030f20     0x18  MTZ1Component.o [1]
  .rodata                 const    0xe0030f38     0x18  NZOP1Component.o [1]
  .rodata                 const    0xe0030f50     0x18  NZOP1Component.o [1]
  .rodata                 const    0xe0030f68     0x18  NZOP2Component.o [1]
  .rodata                 const    0xe0030f80     0x18  NZOP2Component.o [1]
  .rodata                 const    0xe0030f98     0x18  OFComponent.o [1]
  .rodata                 const    0xe0030fb0     0x18  OFComponent.o [1]
  .rodata                 const    0xe0030fc8     0x18  PRM1Component.o [1]
  .rodata                 const    0xe0030fe0     0x18  PRM1Component.o [1]
  .rodata                 const    0xe0030ff8     0x18  PRM1Component.o [1]
  .rodata                 const    0xe0031010     0x18  ResetSystemMenu.o [1]
  .rodata                 const    0xe0031028     0x14  APVComponent.o [1]
  .rodata                 const    0xe003103c     0x14  DZ1Component.o [1]
  .rodata                 const    0xe0031050     0x14  DZ2Component.o [1]
  .rodata                 const    0xe0031064     0x14  DZ3Component.o [1]
  .rodata                 const    0xe0031078     0x14  DZ4Component.o [1]
  .rodata                 const    0xe003108c     0x14  DZ5Component.o [1]
  .rodata                 const    0xe00310a0     0x14  MTZ1Component.o [1]
  .rodata                 const    0xe00310b4     0x14  MTZ1Component.o [1]
  .rodata                 const    0xe00310c8     0x14  MTZ1Component.o [1]
  .rodata                 const    0xe00310dc     0x14  MTZ1Component.o [1]
  .rodata                 const    0xe00310f0     0x14  MTZ1Component.o [1]
  .rodata                 const    0xe0031104     0x14  MTZ2Component.o [1]
  .rodata                 const    0xe0031118     0x14  MTZ2Component.o [1]
  .rodata                 const    0xe003112c     0x14  MTZ2Component.o [1]
  .rodata                 const    0xe0031140     0x14  MTZ2Component.o [1]
  .rodata                 const    0xe0031154     0x14  MTZ2Component.o [1]
  .rodata                 const    0xe0031168     0x14  MTZ3Component.o [1]
  .rodata                 const    0xe003117c     0x14  MTZ3Component.o [1]
  .rodata                 const    0xe0031190     0x14  MTZ3Component.o [1]
  .rodata                 const    0xe00311a4     0x14  MTZ3Component.o [1]
  .rodata                 const    0xe00311b8     0x14  MTZ4Component.o [1]
  .rodata                 const    0xe00311cc     0x14  MTZ4Component.o [1]
  .rodata                 const    0xe00311e0     0x14  MTZ4Component.o [1]
  .rodata                 const    0xe00311f4     0x14  MTZ4Component.o [1]
  .rodata                 const    0xe0031208     0x14  MTZ5Component.o [1]
  .rodata                 const    0xe003121c     0x14  MTZ5Component.o [1]
  .rodata                 const    0xe0031230     0x14  MTZ5Component.o [1]
  .rodata                 const    0xe0031244     0x14  MTZ5Component.o [1]
  .rodata                 const    0xe0031258     0x14  NZOP1Component.o [1]
  .rodata                 const    0xe003126c     0x14  NZOP1Component.o [1]
  .rodata                 const    0xe0031280     0x14  NZOP1Component.o [1]
  .rodata                 const    0xe0031294     0x14  NZOP1Component.o [1]
  .rodata                 const    0xe00312a8     0x14  NZOP1Component.o [1]
  .rodata                 const    0xe00312bc     0x14  NZOP1Component.o [1]
  .rodata                 const    0xe00312d0     0x14  NZOP1Component.o [1]
  .rodata                 const    0xe00312e4     0x14  NZOP1Component.o [1]
  .rodata                 const    0xe00312f8     0x14  NZOP1Component.o [1]
  .rodata                 const    0xe003130c     0x14  NZOP2Component.o [1]
  .rodata                 const    0xe0031320     0x14  NZOP2Component.o [1]
  .rodata                 const    0xe0031334     0x14  NZOP2Component.o [1]
  .rodata                 const    0xe0031348     0x14  NZOP2Component.o [1]
  .rodata                 const    0xe003135c     0x14  NZOP2Component.o [1]
  .rodata                 const    0xe0031370     0x14  NZOP2Component.o [1]
  .rodata                 const    0xe0031384     0x14  OFComponent.o [1]
  .rodata                 const    0xe0031398     0x14  OFComponent.o [1]
  .rodata                 const    0xe00313ac     0x14  OFComponent.o [1]
  .rodata                 const    0xe00313c0     0x14  OFComponent.o [1]
  .rodata                 const    0xe00313d4     0x14  OFComponent.o [1]
  .rodata                 const    0xe00313e8     0x14  OFComponent.o [1]
  .rodata                 const    0xe00313fc     0x14  OFComponent.o [1]
  .rodata                 const    0xe0031410     0x14  OFComponent.o [1]
  .rodata                 const    0xe0031424     0x14  OFComponent.o [1]
  .rodata                 const    0xe0031438     0x14  OFComponent.o [1]
  .rodata                 const    0xe003144c     0x14  OFComponent.o [1]
  .rodata                 const    0xe0031460     0x14  OFComponent.o [1]
  .rodata                 const    0xe0031474     0x14  OFComponent.o [1]
  .rodata                 const    0xe0031488     0x14  OFComponent.o [1]
  .rodata                 const    0xe003149c     0x14  OFComponent.o [1]
  .rodata                 const    0xe00314b0     0x14  OFComponent.o [1]
  .rodata                 const    0xe00314c4     0x14  OFComponent.o [1]
  .rodata                 const    0xe00314d8     0x14  OFComponent.o [1]
  .rodata                 const    0xe00314ec     0x14  OFComponent.o [1]
  .rodata                 const    0xe0031500     0x14  OFComponent.o [1]
  .rodata                 const    0xe0031514     0x14  OFComponent.o [1]
  .rodata                 const    0xe0031528     0x14  OFComponent.o [1]
  .rodata                 const    0xe003153c     0x14  OFComponent.o [1]
  .rodata                 const    0xe0031550     0x14  OFComponent.o [1]
  .rodata                 const    0xe0031564     0x14  OFComponent.o [1]
  .rodata                 const    0xe0031578     0x14  OFComponent.o [1]
  .rodata                 const    0xe003158c     0x14  OFComponent.o [1]
  .rodata                 const    0xe00315a0     0x14  OFComponent.o [1]
  .rodata                 const    0xe00315b4     0x14  OFComponent.o [1]
  .rodata                 const    0xe00315c8     0x14  OFComponent.o [1]
  .rodata                 const    0xe00315dc     0x14  OFComponent.o [1]
  .rodata                 const    0xe00315f0     0x14  PRM1Component.o [1]
  .rodata                 const    0xe0031604     0x14  ResetSystemMenu.o [1]
  .rodata                 const    0xe0031618     0x14  ttbl.o [1]
  .rodata                 const    0xe003162c     0x14  TZNP1Component.o [1]
  .rodata                 const    0xe0031640     0x14  TZNP1Component.o [1]
  .rodata                 const    0xe0031654     0x14  TZNP1Component.o [1]
  .rodata                 const    0xe0031668     0x14  TZNP1Component.o [1]
  .rodata                 const    0xe003167c     0x14  TZNP1Component.o [1]
  .rodata                 const    0xe0031690     0x14  TZNP1Component.o [1]
  .rodata                 const    0xe00316a4     0x14  TZNP2Component.o [1]
  .rodata                 const    0xe00316b8     0x14  TZNP2Component.o [1]
  .rodata                 const    0xe00316cc     0x14  TZNP2Component.o [1]
  .rodata                 const    0xe00316e0     0x14  TZNP2Component.o [1]
  .rodata                 const    0xe00316f4     0x14  TZNP2Component.o [1]
  .rodata                 const    0xe0031708     0x14  TZNP2Component.o [1]
  .rodata                 const    0xe003171c     0x14  TZNP3Component.o [1]
  .rodata                 const    0xe0031730     0x14  TZNP3Component.o [1]
  .rodata                 const    0xe0031744     0x14  TZNP3Component.o [1]
  .rodata                 const    0xe0031758     0x14  TZNP3Component.o [1]
  .rodata                 const    0xe003176c     0x14  TZNP3Component.o [1]
  .rodata                 const    0xe0031780     0x14  TZNP3Component.o [1]
  .rodata                 const    0xe0031794     0x14  TZNP4Component.o [1]
  .rodata                 const    0xe00317a8     0x14  TZNP4Component.o [1]
  .rodata                 const    0xe00317bc     0x14  TZNP4Component.o [1]
  .rodata                 const    0xe00317d0     0x14  TZNP4Component.o [1]
  .rodata                 const    0xe00317e4     0x14  TZNP4Component.o [1]
  .rodata                 const    0xe00317f8     0x14  TZNP4Component.o [1]
  .rodata                 const    0xe003180c     0x14  TZNP5Component.o [1]
  .rodata                 const    0xe0031820     0x14  TZNP5Component.o [1]
  .rodata                 const    0xe0031834     0x14  TZNP5Component.o [1]
  .rodata                 const    0xe0031848     0x14  TZNP5Component.o [1]
  .rodata                 const    0xe003185c     0x14  TZNP5Component.o [1]
  .rodata                 const    0xe0031870     0x14  TZNP5Component.o [1]
  .rodata                 const    0xe0031884     0x14  ViewMenuWideLog.o [1]
  .text                   ro code  0xe0031898     0x14  fpinit.o [4]
  .text                   ro code  0xe00318ac     0x14  xsprout.o [3]
  .rodata                 const    0xe00318c0     0x10  APVComponent.o [1]
  .rodata                 const    0xe00318d0     0x10  APVComponent.o [1]
  .rodata                 const    0xe00318e0     0x10  APVComponent.o [1]
  .rodata                 const    0xe00318f0     0x10  APVComponent.o [1]
  .rodata                 const    0xe0031900     0x10  APVComponent.o [1]
  .rodata                 const    0xe0031910     0x10  APVComponent.o [1]
  .rodata                 const    0xe0031920     0x10  APVComponent.o [1]
  .rodata                 const    0xe0031930     0x10  DZ1Component.o [1]
  .rodata                 const    0xe0031940     0x10  DZ1Component.o [1]
  .rodata                 const    0xe0031950     0x10  DZ1Component.o [1]
  .rodata                 const    0xe0031960     0x10  DZ1Component.o [1]
  .rodata                 const    0xe0031970     0x10  DZ1Component.o [1]
  .rodata                 const    0xe0031980     0x10  DZ1Component.o [1]
  .rodata                 const    0xe0031990     0x10  DZ2Component.o [1]
  .rodata                 const    0xe00319a0     0x10  DZ2Component.o [1]
  .rodata                 const    0xe00319b0     0x10  DZ2Component.o [1]
  .rodata                 const    0xe00319c0     0x10  DZ2Component.o [1]
  .rodata                 const    0xe00319d0     0x10  DZ2Component.o [1]
  .rodata                 const    0xe00319e0     0x10  DZ2Component.o [1]
  .rodata                 const    0xe00319f0     0x10  DZ2Component.o [1]
  .rodata                 const    0xe0031a00     0x10  DZ3Component.o [1]
  .rodata                 const    0xe0031a10     0x10  DZ3Component.o [1]
  .rodata                 const    0xe0031a20     0x10  DZ3Component.o [1]
  .rodata                 const    0xe0031a30     0x10  DZ3Component.o [1]
  .rodata                 const    0xe0031a40     0x10  DZ3Component.o [1]
  .rodata                 const    0xe0031a50     0x10  DZ3Component.o [1]
  .rodata                 const    0xe0031a60     0x10  DZ3Component.o [1]
  .rodata                 const    0xe0031a70     0x10  DZ3Component.o [1]
  .rodata                 const    0xe0031a80     0x10  DZ3Component.o [1]
  .rodata                 const    0xe0031a90     0x10  DZ3Component.o [1]
  .rodata                 const    0xe0031aa0     0x10  DZ3Component.o [1]
  .rodata                 const    0xe0031ab0     0x10  DZ4Component.o [1]
  .rodata                 const    0xe0031ac0     0x10  DZ4Component.o [1]
  .rodata                 const    0xe0031ad0     0x10  DZ4Component.o [1]
  .rodata                 const    0xe0031ae0     0x10  DZ4Component.o [1]
  .rodata                 const    0xe0031af0     0x10  DZ4Component.o [1]
  .rodata                 const    0xe0031b00     0x10  DZ4Component.o [1]
  .rodata                 const    0xe0031b10     0x10  DZ4Component.o [1]
  .rodata                 const    0xe0031b20     0x10  DZ4Component.o [1]
  .rodata                 const    0xe0031b30     0x10  DZ4Component.o [1]
  .rodata                 const    0xe0031b40     0x10  DZ4Component.o [1]
  .rodata                 const    0xe0031b50     0x10  DZ4Component.o [1]
  .rodata                 const    0xe0031b60     0x10  DZ4Component.o [1]
  .rodata                 const    0xe0031b70     0x10  DZ4Component.o [1]
  .rodata                 const    0xe0031b80     0x10  DZ4Component.o [1]
  .rodata                 const    0xe0031b90     0x10  DZ4Component.o [1]
  .rodata                 const    0xe0031ba0     0x10  DZ5Component.o [1]
  .rodata                 const    0xe0031bb0     0x10  DZ5Component.o [1]
  .rodata                 const    0xe0031bc0     0x10  DZ5Component.o [1]
  .rodata                 const    0xe0031bd0     0x10  DZ5Component.o [1]
  .rodata                 const    0xe0031be0     0x10  DZ5Component.o [1]
  .rodata                 const    0xe0031bf0     0x10  DZ5Component.o [1]
  .rodata                 const    0xe0031c00     0x10  DZ5Component.o [1]
  .rodata                 const    0xe0031c10     0x10  DZ5Component.o [1]
  .rodata                 const    0xe0031c20     0x10  DZ5Component.o [1]
  .rodata                 const    0xe0031c30     0x10  DZ5Component.o [1]
  .rodata                 const    0xe0031c40     0x10  DZ5Component.o [1]
  .rodata                 const    0xe0031c50     0x10  DZ5Component.o [1]
  .rodata                 const    0xe0031c60     0x10  DZ5Component.o [1]
  .rodata                 const    0xe0031c70     0x10  DZ5Component.o [1]
  .rodata                 const    0xe0031c80     0x10  DZ5Component.o [1]
  .rodata                 const    0xe0031c90     0x10  MTZ1Component.o [1]
  .rodata                 const    0xe0031ca0     0x10  MTZ1Component.o [1]
  .rodata                 const    0xe0031cb0     0x10  MTZ1Component.o [1]
  .rodata                 const    0xe0031cc0     0x10  MTZ1Component.o [1]
  .rodata                 const    0xe0031cd0     0x10  MTZ1Component.o [1]
  .rodata                 const    0xe0031ce0     0x10  MTZ1Component.o [1]
  .rodata                 const    0xe0031cf0     0x10  MTZ1Component.o [1]
  .rodata                 const    0xe0031d00     0x10  MTZ1Component.o [1]
  .rodata                 const    0xe0031d10     0x10  MTZ1Component.o [1]
  .rodata                 const    0xe0031d20     0x10  MTZ1Component.o [1]
  .rodata                 const    0xe0031d30     0x10  MTZ1Component.o [1]
  .rodata                 const    0xe0031d40     0x10  MTZ1Component.o [1]
  .rodata                 const    0xe0031d50     0x10  MTZ1Component.o [1]
  .rodata                 const    0xe0031d60     0x10  MTZ2Component.o [1]
  .rodata                 const    0xe0031d70     0x10  MTZ2Component.o [1]
  .rodata                 const    0xe0031d80     0x10  MTZ2Component.o [1]
  .rodata                 const    0xe0031d90     0x10  MTZ2Component.o [1]
  .rodata                 const    0xe0031da0     0x10  MTZ2Component.o [1]
  .rodata                 const    0xe0031db0     0x10  MTZ2Component.o [1]
  .rodata                 const    0xe0031dc0     0x10  MTZ2Component.o [1]
  .rodata                 const    0xe0031dd0     0x10  MTZ2Component.o [1]
  .rodata                 const    0xe0031de0     0x10  MTZ2Component.o [1]
  .rodata                 const    0xe0031df0     0x10  MTZ2Component.o [1]
  .rodata                 const    0xe0031e00     0x10  MTZ2Component.o [1]
  .rodata                 const    0xe0031e10     0x10  MTZ2Component.o [1]
  .rodata                 const    0xe0031e20     0x10  MTZ2Component.o [1]
  .rodata                 const    0xe0031e30     0x10  MTZ2Component.o [1]
  .rodata                 const    0xe0031e40     0x10  MTZ3Component.o [1]
  .rodata                 const    0xe0031e50     0x10  MTZ3Component.o [1]
  .rodata                 const    0xe0031e60     0x10  MTZ3Component.o [1]
  .rodata                 const    0xe0031e70     0x10  MTZ3Component.o [1]
  .rodata                 const    0xe0031e80     0x10  MTZ3Component.o [1]
  .rodata                 const    0xe0031e90     0x10  MTZ3Component.o [1]
  .rodata                 const    0xe0031ea0     0x10  MTZ3Component.o [1]
  .rodata                 const    0xe0031eb0     0x10  MTZ3Component.o [1]
  .rodata                 const    0xe0031ec0     0x10  MTZ3Component.o [1]
  .rodata                 const    0xe0031ed0     0x10  MTZ3Component.o [1]
  .rodata                 const    0xe0031ee0     0x10  MTZ3Component.o [1]
  .rodata                 const    0xe0031ef0     0x10  MTZ3Component.o [1]
  .rodata                 const    0xe0031f00     0x10  MTZ3Component.o [1]
  .rodata                 const    0xe0031f10     0x10  MTZ3Component.o [1]
  .rodata                 const    0xe0031f20     0x10  MTZ3Component.o [1]
  .rodata                 const    0xe0031f30     0x10  MTZ3Component.o [1]
  .rodata                 const    0xe0031f40     0x10  MTZ4Component.o [1]
  .rodata                 const    0xe0031f50     0x10  MTZ4Component.o [1]
  .rodata                 const    0xe0031f60     0x10  MTZ4Component.o [1]
  .rodata                 const    0xe0031f70     0x10  MTZ4Component.o [1]
  .rodata                 const    0xe0031f80     0x10  MTZ4Component.o [1]
  .rodata                 const    0xe0031f90     0x10  MTZ4Component.o [1]
  .rodata                 const    0xe0031fa0     0x10  MTZ4Component.o [1]
  .rodata                 const    0xe0031fb0     0x10  MTZ4Component.o [1]
  .rodata                 const    0xe0031fc0     0x10  MTZ4Component.o [1]
  .rodata                 const    0xe0031fd0     0x10  MTZ4Component.o [1]
  .rodata                 const    0xe0031fe0     0x10  MTZ4Component.o [1]
  .rodata                 const    0xe0031ff0     0x10  MTZ4Component.o [1]
  .rodata                 const    0xe0032000     0x10  MTZ4Component.o [1]
  .rodata                 const    0xe0032010     0x10  MTZ4Component.o [1]
  .rodata                 const    0xe0032020     0x10  MTZ4Component.o [1]
  .rodata                 const    0xe0032030     0x10  MTZ4Component.o [1]
  .rodata                 const    0xe0032040     0x10  MTZ5Component.o [1]
  .rodata                 const    0xe0032050     0x10  MTZ5Component.o [1]
  .rodata                 const    0xe0032060     0x10  MTZ5Component.o [1]
  .rodata                 const    0xe0032070     0x10  MTZ5Component.o [1]
  .rodata                 const    0xe0032080     0x10  MTZ5Component.o [1]
  .rodata                 const    0xe0032090     0x10  MTZ5Component.o [1]
  .rodata                 const    0xe00320a0     0x10  MTZ5Component.o [1]
  .rodata                 const    0xe00320b0     0x10  MTZ5Component.o [1]
  .rodata                 const    0xe00320c0     0x10  MTZ5Component.o [1]
  .rodata                 const    0xe00320d0     0x10  MTZ5Component.o [1]
  .rodata                 const    0xe00320e0     0x10  MTZ5Component.o [1]
  .rodata                 const    0xe00320f0     0x10  MTZ5Component.o [1]
  .rodata                 const    0xe0032100     0x10  MTZ5Component.o [1]
  .rodata                 const    0xe0032110     0x10  MTZ5Component.o [1]
  .rodata                 const    0xe0032120     0x10  MTZ5Component.o [1]
  .rodata                 const    0xe0032130     0x10  MTZ5Component.o [1]
  .rodata                 const    0xe0032140     0x10  NZOP1Component.o [1]
  .rodata                 const    0xe0032150     0x10  NZOP1Component.o [1]
  .rodata                 const    0xe0032160     0x10  NZOP1Component.o [1]
  .rodata                 const    0xe0032170     0x10  NZOP1Component.o [1]
  .rodata                 const    0xe0032180     0x10  NZOP1Component.o [1]
  .rodata                 const    0xe0032190     0x10  NZOP1Component.o [1]
  .rodata                 const    0xe00321a0     0x10  NZOP1Component.o [1]
  .rodata                 const    0xe00321b0     0x10  NZOP1Component.o [1]
  .rodata                 const    0xe00321c0     0x10  NZOP1Component.o [1]
  .rodata                 const    0xe00321d0     0x10  NZOP2Component.o [1]
  .rodata                 const    0xe00321e0     0x10  NZOP2Component.o [1]
  .rodata                 const    0xe00321f0     0x10  NZOP2Component.o [1]
  .rodata                 const    0xe0032200     0x10  NZOP2Component.o [1]
  .rodata                 const    0xe0032210     0x10  NZOP2Component.o [1]
  .rodata                 const    0xe0032220     0x10  NZOP2Component.o [1]
  .rodata                 const    0xe0032230     0x10  NZOP2Component.o [1]
  .rodata                 const    0xe0032240     0x10  NZOP2Component.o [1]
  .rodata                 const    0xe0032250     0x10  OFComponent.o [1]
  .rodata                 const    0xe0032260     0x10  OFComponent.o [1]
  .rodata                 const    0xe0032270     0x10  OFComponent.o [1]
  .rodata                 const    0xe0032280     0x10  OFComponent.o [1]
  .rodata                 const    0xe0032290     0x10  OFComponent.o [1]
  .rodata                 const    0xe00322a0     0x10  OFComponent.o [1]
  .rodata                 const    0xe00322b0     0x10  OFComponent.o [1]
  .rodata                 const    0xe00322c0     0x10  OFComponent.o [1]
  .rodata                 const    0xe00322d0     0x10  OFComponent.o [1]
  .rodata                 const    0xe00322e0     0x10  OFComponent.o [1]
  .rodata                 const    0xe00322f0     0x10  OFComponent.o [1]
  .rodata                 const    0xe0032300     0x10  OFComponent.o [1]
  .rodata                 const    0xe0032310     0x10  OFComponent.o [1]
  .rodata                 const    0xe0032320     0x10  OFComponent.o [1]
  .rodata                 const    0xe0032330     0x10  OFComponent.o [1]
  .rodata                 const    0xe0032340     0x10  OFComponent.o [1]
  .rodata                 const    0xe0032350     0x10  OFComponent.o [1]
  .rodata                 const    0xe0032360     0x10  OFComponent.o [1]
  .rodata                 const    0xe0032370     0x10  OFComponent.o [1]
  .rodata                 const    0xe0032380     0x10  OFComponent.o [1]
  .rodata                 const    0xe0032390     0x10  OFComponent.o [1]
  .rodata                 const    0xe00323a0     0x10  OFComponent.o [1]
  .rodata                 const    0xe00323b0     0x10  OFComponent.o [1]
  .rodata                 const    0xe00323c0     0x10  OFComponent.o [1]
  .rodata                 const    0xe00323d0     0x10  OFComponent.o [1]
  .rodata                 const    0xe00323e0     0x10  OFComponent.o [1]
  .rodata                 const    0xe00323f0     0x10  OFComponent.o [1]
  .rodata                 const    0xe0032400     0x10  PRM1Component.o [1]
  .rodata                 const    0xe0032410     0x10  PRM1Component.o [1]
  .rodata                 const    0xe0032420     0x10  PRM1Component.o [1]
  .rodata                 const    0xe0032430     0x10  PRM1Component.o [1]
  .rodata                 const    0xe0032440     0x10  PRM1Component.o [1]
  .rodata                 const    0xe0032450     0x10  PRM1Component.o [1]
  .rodata                 const    0xe0032460     0x10  ResetSystemMenu.o [1]
  .rodata                 const    0xe0032470     0x10  ResetSystemMenu.o [1]
  .rodata                 const    0xe0032480     0x10  ResetSystemMenu.o [1]
  .rodata                 const    0xe0032490     0x10  ResetSystemMenu.o [1]
  .rodata                 const    0xe00324a0     0x10  ResetSystemMenu.o [1]
  .rodata                 const    0xe00324b0     0x10  systemMenu.o [1]
  .rodata                 const    0xe00324c0     0x10  systemMenu.o [1]
  .rodata                 const    0xe00324d0     0x10  TZNP1Component.o [1]
  .rodata                 const    0xe00324e0     0x10  TZNP1Component.o [1]
  .rodata                 const    0xe00324f0     0x10  TZNP1Component.o [1]
  .rodata                 const    0xe0032500     0x10  TZNP1Component.o [1]
  .rodata                 const    0xe0032510     0x10  TZNP1Component.o [1]
  .rodata                 const    0xe0032520     0x10  TZNP1Component.o [1]
  .rodata                 const    0xe0032530     0x10  TZNP1Component.o [1]
  .rodata                 const    0xe0032540     0x10  TZNP1Component.o [1]
  .rodata                 const    0xe0032550     0x10  TZNP1Component.o [1]
  .rodata                 const    0xe0032560     0x10  TZNP1Component.o [1]
  .rodata                 const    0xe0032570     0x10  TZNP1Component.o [1]
  .rodata                 const    0xe0032580     0x10  TZNP1Component.o [1]
  .rodata                 const    0xe0032590     0x10  TZNP1Component.o [1]
  .rodata                 const    0xe00325a0     0x10  TZNP1Component.o [1]
  .rodata                 const    0xe00325b0     0x10  TZNP1Component.o [1]
  .rodata                 const    0xe00325c0     0x10  TZNP1Component.o [1]
  .rodata                 const    0xe00325d0     0x10  TZNP2Component.o [1]
  .rodata                 const    0xe00325e0     0x10  TZNP2Component.o [1]
  .rodata                 const    0xe00325f0     0x10  TZNP2Component.o [1]
  .rodata                 const    0xe0032600     0x10  TZNP2Component.o [1]
  .rodata                 const    0xe0032610     0x10  TZNP2Component.o [1]
  .rodata                 const    0xe0032620     0x10  TZNP2Component.o [1]
  .rodata                 const    0xe0032630     0x10  TZNP2Component.o [1]
  .rodata                 const    0xe0032640     0x10  TZNP2Component.o [1]
  .rodata                 const    0xe0032650     0x10  TZNP2Component.o [1]
  .rodata                 const    0xe0032660     0x10  TZNP2Component.o [1]
  .rodata                 const    0xe0032670     0x10  TZNP2Component.o [1]
  .rodata                 const    0xe0032680     0x10  TZNP2Component.o [1]
  .rodata                 const    0xe0032690     0x10  TZNP2Component.o [1]
  .rodata                 const    0xe00326a0     0x10  TZNP2Component.o [1]
  .rodata                 const    0xe00326b0     0x10  TZNP2Component.o [1]
  .rodata                 const    0xe00326c0     0x10  TZNP2Component.o [1]
  .rodata                 const    0xe00326d0     0x10  TZNP3Component.o [1]
  .rodata                 const    0xe00326e0     0x10  TZNP3Component.o [1]
  .rodata                 const    0xe00326f0     0x10  TZNP3Component.o [1]
  .rodata                 const    0xe0032700     0x10  TZNP3Component.o [1]
  .rodata                 const    0xe0032710     0x10  TZNP3Component.o [1]
  .rodata                 const    0xe0032720     0x10  TZNP3Component.o [1]
  .rodata                 const    0xe0032730     0x10  TZNP3Component.o [1]
  .rodata                 const    0xe0032740     0x10  TZNP3Component.o [1]
  .rodata                 const    0xe0032750     0x10  TZNP3Component.o [1]
  .rodata                 const    0xe0032760     0x10  TZNP3Component.o [1]
  .rodata                 const    0xe0032770     0x10  TZNP3Component.o [1]
  .rodata                 const    0xe0032780     0x10  TZNP3Component.o [1]
  .rodata                 const    0xe0032790     0x10  TZNP3Component.o [1]
  .rodata                 const    0xe00327a0     0x10  TZNP3Component.o [1]
  .rodata                 const    0xe00327b0     0x10  TZNP3Component.o [1]
  .rodata                 const    0xe00327c0     0x10  TZNP3Component.o [1]
  .rodata                 const    0xe00327d0     0x10  TZNP4Component.o [1]
  .rodata                 const    0xe00327e0     0x10  TZNP4Component.o [1]
  .rodata                 const    0xe00327f0     0x10  TZNP4Component.o [1]
  .rodata                 const    0xe0032800     0x10  TZNP4Component.o [1]
  .rodata                 const    0xe0032810     0x10  TZNP4Component.o [1]
  .rodata                 const    0xe0032820     0x10  TZNP4Component.o [1]
  .rodata                 const    0xe0032830     0x10  TZNP4Component.o [1]
  .rodata                 const    0xe0032840     0x10  TZNP4Component.o [1]
  .rodata                 const    0xe0032850     0x10  TZNP4Component.o [1]
  .rodata                 const    0xe0032860     0x10  TZNP4Component.o [1]
  .rodata                 const    0xe0032870     0x10  TZNP4Component.o [1]
  .rodata                 const    0xe0032880     0x10  TZNP4Component.o [1]
  .rodata                 const    0xe0032890     0x10  TZNP4Component.o [1]
  .rodata                 const    0xe00328a0     0x10  TZNP4Component.o [1]
  .rodata                 const    0xe00328b0     0x10  TZNP4Component.o [1]
  .rodata                 const    0xe00328c0     0x10  TZNP4Component.o [1]
  .rodata                 const    0xe00328d0     0x10  TZNP5Component.o [1]
  .rodata                 const    0xe00328e0     0x10  TZNP5Component.o [1]
  .rodata                 const    0xe00328f0     0x10  TZNP5Component.o [1]
  .rodata                 const    0xe0032900     0x10  TZNP5Component.o [1]
  .rodata                 const    0xe0032910     0x10  TZNP5Component.o [1]
  .rodata                 const    0xe0032920     0x10  TZNP5Component.o [1]
  .rodata                 const    0xe0032930     0x10  TZNP5Component.o [1]
  .rodata                 const    0xe0032940     0x10  TZNP5Component.o [1]
  .rodata                 const    0xe0032950     0x10  TZNP5Component.o [1]
  .rodata                 const    0xe0032960     0x10  TZNP5Component.o [1]
  .rodata                 const    0xe0032970     0x10  TZNP5Component.o [1]
  .rodata                 const    0xe0032980     0x10  TZNP5Component.o [1]
  .rodata                 const    0xe0032990     0x10  TZNP5Component.o [1]
  .rodata                 const    0xe00329a0     0x10  TZNP5Component.o [1]
  .rodata                 const    0xe00329b0     0x10  TZNP5Component.o [1]
  .rodata                 const    0xe00329c0     0x10  TZNP5Component.o [1]
  .rodata                 const    0xe00329d0     0x10  UMMComponent.o [1]
  .rodata                 const    0xe00329e0     0x10  UMMComponent.o [1]
  .rodata                 const    0xe00329f0     0x10  UMMComponent.o [1]
  .rodata                 const    0xe0032a00     0x10  UMMComponent.o [1]
  .rodata                 const    0xe0032a10     0x10  UMMComponent.o [1]
  .rodata                 const    0xe0032a20     0x10  UMMComponent.o [1]
  .rodata                 const    0xe0032a30     0x10  UMMComponent.o [1]
  .rodata                 const    0xe0032a40     0x10  UMMComponent.o [1]
  .rodata                 const    0xe0032a50     0x10  UMMComponent.o [1]
  .rodata                 const    0xe0032a60     0x10  UMMComponent.o [1]
  .rodata                 const    0xe0032a70     0x10  UMMComponent.o [1]
  .rodata                 const    0xe0032a80     0x10  UROVComponent.o [1]
  .rodata                 const    0xe0032a90     0x10  UROVComponent.o [1]
  .rodata                 const    0xe0032aa0     0x10  UROVComponent.o [1]
  .rodata                 const    0xe0032ab0     0x10  UROVComponent.o [1]
  .rodata                 const    0xe0032ac0     0x10  UROVComponent.o [1]
  .rodata                 const    0xe0032ad0     0x10  UROVComponent.o [1]
  .rodata                 const    0xe0032ae0     0x10  UROVComponent.o [1]
  .rodata                 const    0xe0032af0     0x10  ViewMenuWideLog.o [1]
  .rodata                 const    0xe0032b00     0x10  ViewRepozitWL.o [1]
  .rodata                 const    0xe0032b10     0x10  WLComponent.o [1]
  .rodata                 const    0xe0032b20     0x10  WLComponent.o [1]
  .rodata                 const    0xe0032b30     0x10  WLComponent.o [1]
  .rodata                 const    0xe0032b40     0x10  WLComponent.o [1]
  .rodata                 const    0xe0032b50     0x10  WLComponent.o [1]
  .rodata                 const    0xe0032b60      0xc  AppCn.o [1]
  .rodata                 const    0xe0032b6c      0xc  AppCn.o [1]
  .rodata                 const    0xe0032b78      0xc  APVComponent.o [1]
  .rodata                 const    0xe0032b84      0xc  APVComponent.o [1]
  .rodata                 const    0xe0032b90      0xc  APVComponent.o [1]
  .rodata                 const    0xe0032b9c      0xc  APVComponent.o [1]
  .rodata                 const    0xe0032ba8      0xc  APVComponent.o [1]
  .rodata                 const    0xe0032bb4      0xc  APVComponent.o [1]
  .rodata                 const    0xe0032bc0      0xc  APVComponent.o [1]
  .rodata                 const    0xe0032bcc      0xc  APVComponent.o [1]
  .rodata                 const    0xe0032bd8      0xc  APVComponent.o [1]
  .rodata                 const    0xe0032be4      0xc  APVComponent.o [1]
  .rodata                 const    0xe0032bf0      0xc  APVComponent.o [1]
  .rodata                 const    0xe0032bfc      0xc  APVComponent.o [1]
  .rodata                 const    0xe0032c08      0xc  APVComponent.o [1]
  .rodata                 const    0xe0032c14      0xc  APVComponent.o [1]
  .rodata                 const    0xe0032c20      0xc  APVComponent.o [1]
  .rodata                 const    0xe0032c2c      0xc  DZ1Component.o [1]
  .rodata                 const    0xe0032c38      0xc  DZ1Component.o [1]
  .rodata                 const    0xe0032c44      0xc  DZ1Component.o [1]
  .rodata                 const    0xe0032c50      0xc  DZ1Component.o [1]
  .rodata                 const    0xe0032c5c      0xc  DZ2Component.o [1]
  .rodata                 const    0xe0032c68      0xc  DZ2Component.o [1]
  .rodata                 const    0xe0032c74      0xc  DZ3Component.o [1]
  .rodata                 const    0xe0032c80      0xc  DZ3Component.o [1]
  .rodata                 const    0xe0032c8c      0xc  DZ3Component.o [1]
  .rodata                 const    0xe0032c98      0xc  DZ3Component.o [1]
  .rodata                 const    0xe0032ca4      0xc  DZ3Component.o [1]
  .rodata                 const    0xe0032cb0      0xc  DZ4Component.o [1]
  .rodata                 const    0xe0032cbc      0xc  DZ4Component.o [1]
  .rodata                 const    0xe0032cc8      0xc  DZ4Component.o [1]
  .rodata                 const    0xe0032cd4      0xc  DZ4Component.o [1]
  .rodata                 const    0xe0032ce0      0xc  DZ4Component.o [1]
  .rodata                 const    0xe0032cec      0xc  DZ5Component.o [1]
  .rodata                 const    0xe0032cf8      0xc  DZ5Component.o [1]
  .rodata                 const    0xe0032d04      0xc  DZ5Component.o [1]
  .rodata                 const    0xe0032d10      0xc  DZ5Component.o [1]
  .rodata                 const    0xe0032d1c      0xc  DZ5Component.o [1]
  .rodata                 const    0xe0032d28      0xc  missionCollectionEEPROM1.o [1]
  .rodata                 const    0xe0032d34      0xc  MTZ1Component.o [1]
  .rodata                 const    0xe0032d40      0xc  MTZ1Component.o [1]
  .rodata                 const    0xe0032d4c      0xc  MTZ1Component.o [1]
  .rodata                 const    0xe0032d58      0xc  MTZ1Component.o [1]
  .rodata                 const    0xe0032d64      0xc  MTZ1Component.o [1]
  .rodata                 const    0xe0032d70      0xc  MTZ1Component.o [1]
  .rodata                 const    0xe0032d7c      0xc  MTZ1Component.o [1]
  .rodata                 const    0xe0032d88      0xc  MTZ1Component.o [1]
  .rodata                 const    0xe0032d94      0xc  MTZ2Component.o [1]
  .rodata                 const    0xe0032da0      0xc  MTZ2Component.o [1]
  .rodata                 const    0xe0032dac      0xc  MTZ2Component.o [1]
  .rodata                 const    0xe0032db8      0xc  MTZ2Component.o [1]
  .rodata                 const    0xe0032dc4      0xc  MTZ2Component.o [1]
  .rodata                 const    0xe0032dd0      0xc  MTZ2Component.o [1]
  .rodata                 const    0xe0032ddc      0xc  MTZ2Component.o [1]
  .rodata                 const    0xe0032de8      0xc  MTZ3Component.o [1]
  .rodata                 const    0xe0032df4      0xc  MTZ3Component.o [1]
  .rodata                 const    0xe0032e00      0xc  MTZ3Component.o [1]
  .rodata                 const    0xe0032e0c      0xc  MTZ3Component.o [1]
  .rodata                 const    0xe0032e18      0xc  MTZ3Component.o [1]
  .rodata                 const    0xe0032e24      0xc  MTZ3Component.o [1]
  .rodata                 const    0xe0032e30      0xc  MTZ3Component.o [1]
  .rodata                 const    0xe0032e3c      0xc  MTZ4Component.o [1]
  .rodata                 const    0xe0032e48      0xc  MTZ4Component.o [1]
  .rodata                 const    0xe0032e54      0xc  MTZ4Component.o [1]
  .rodata                 const    0xe0032e60      0xc  MTZ4Component.o [1]
  .rodata                 const    0xe0032e6c      0xc  MTZ4Component.o [1]
  .rodata                 const    0xe0032e78      0xc  MTZ4Component.o [1]
  .rodata                 const    0xe0032e84      0xc  MTZ4Component.o [1]
  .rodata                 const    0xe0032e90      0xc  MTZ5Component.o [1]
  .rodata                 const    0xe0032e9c      0xc  MTZ5Component.o [1]
  .rodata                 const    0xe0032ea8      0xc  MTZ5Component.o [1]
  .rodata                 const    0xe0032eb4      0xc  MTZ5Component.o [1]
  .rodata                 const    0xe0032ec0      0xc  MTZ5Component.o [1]
  .rodata                 const    0xe0032ecc      0xc  MTZ5Component.o [1]
  .rodata                 const    0xe0032ed8      0xc  MTZ5Component.o [1]
  .rodata                 const    0xe0032ee4      0xc  NZOP1Component.o [1]
  .rodata                 const    0xe0032ef0      0xc  NZOP1Component.o [1]
  .rodata                 const    0xe0032efc      0xc  NZOP2Component.o [1]
  .rodata                 const    0xe0032f08      0xc  NZOP2Component.o [1]
  .rodata                 const    0xe0032f14      0xc  NZOP2Component.o [1]
  .rodata                 const    0xe0032f20      0xc  OFComponent.o [1]
  .rodata                 const    0xe0032f2c      0xc  PFComponent.o [1]
  .rodata                 const    0xe0032f38      0xc  PFComponent.o [1]
  .rodata                 const    0xe0032f44      0xc  PFComponent.o [1]
  .rodata                 const    0xe0032f50      0xc  PFComponent.o [1]
  .rodata                 const    0xe0032f5c      0xc  PFComponent.o [1]
  .rodata                 const    0xe0032f68      0xc  PFComponent.o [1]
  .rodata                 const    0xe0032f74      0xc  PFComponent.o [1]
  .rodata                 const    0xe0032f80      0xc  PFComponent.o [1]
  .rodata                 const    0xe0032f8c      0xc  PFComponent.o [1]
  .rodata                 const    0xe0032f98      0xc  PFComponent.o [1]
  .rodata                 const    0xe0032fa4      0xc  PFComponent.o [1]
  .rodata                 const    0xe0032fb0      0xc  PFComponent.o [1]
  .rodata                 const    0xe0032fbc      0xc  PFComponent.o [1]
  .rodata                 const    0xe0032fc8      0xc  PFComponent.o [1]
  .rodata                 const    0xe0032fd4      0xc  PFComponent.o [1]
  .rodata                 const    0xe0032fe0      0xc  PFComponent.o [1]
  .rodata                 const    0xe0032fec      0xc  PRM1Component.o [1]
  .rodata                 const    0xe0032ff8      0xc  PRM1Component.o [1]
  .rodata                 const    0xe0033004      0xc  PRM1Component.o [1]
  .rodata                 const    0xe0033010      0xc  PRM1Component.o [1]
  .rodata                 const    0xe003301c      0xc  PRM1Component.o [1]
  .rodata                 const    0xe0033028      0xc  PRM1Component.o [1]
  .rodata                 const    0xe0033034      0xc  PRM1Component.o [1]
  .rodata                 const    0xe0033040      0xc  PRM1Component.o [1]
  .rodata                 const    0xe003304c      0xc  PRM1Component.o [1]
  .rodata                 const    0xe0033058      0xc  PRM1Component.o [1]
  .rodata                 const    0xe0033064      0xc  PRM1Component.o [1]
  .rodata                 const    0xe0033070      0xc  PRM1Component.o [1]
  .rodata                 const    0xe003307c      0xc  ResetSystemMenu.o [1]
  .rodata                 const    0xe0033088      0xc  ResetSystemMenu.o [1]
  .rodata                 const    0xe0033094      0xc  ResetSystemMenu.o [1]
  .rodata                 const    0xe00330a0      0xc  ResetSystemMenu.o [1]
  .rodata                 const    0xe00330ac      0xc  ResetSystemMenu.o [1]
  .rodata                 const    0xe00330b8      0xc  ResetSystemMenu.o [1]
  .rodata                 const    0xe00330c4      0xc  ResetSystemMenu.o [1]
  .rodata                 const    0xe00330d0      0xc  ResetSystemMenu.o [1]
  .rodata                 const    0xe00330dc      0xc  ResetSystemMenu.o [1]
  .rodata                 const    0xe00330e8      0xc  ResetSystemMenu.o [1]
  .rodata                 const    0xe00330f4      0xc  ResetSystemMenu.o [1]
  .rodata                 const    0xe0033100      0xc  ResetSystemMenu.o [1]
  .rodata                 const    0xe003310c      0xc  ResetSystemMenu.o [1]
  .rodata                 const    0xe0033118      0xc  ResetSystemMenu.o [1]
  .rodata                 const    0xe0033124      0xc  systemMenu.o [1]
  .rodata                 const    0xe0033130      0xc  systemMenu.o [1]
  .rodata                 const    0xe003313c      0xc  TZNP1Component.o [1]
  .rodata                 const    0xe0033148      0xc  TZNP2Component.o [1]
  .rodata                 const    0xe0033154      0xc  TZNP3Component.o [1]
  .rodata                 const    0xe0033160      0xc  TZNP4Component.o [1]
  .rodata                 const    0xe003316c      0xc  TZNP5Component.o [1]
  .rodata                 const    0xe0033178      0xc  UMMComponent.o [1]
  .rodata                 const    0xe0033184      0xc  UMMComponent.o [1]
  .rodata                 const    0xe0033190      0xc  UMMComponent.o [1]
  .rodata                 const    0xe003319c      0xc  UMMComponent.o [1]
  .rodata                 const    0xe00331a8      0xc  UMMComponent.o [1]
  .rodata                 const    0xe00331b4      0xc  UMMComponent.o [1]
  .rodata                 const    0xe00331c0      0xc  UMMComponent.o [1]
  .rodata                 const    0xe00331cc      0xc  UMMComponent.o [1]
  .rodata                 const    0xe00331d8      0xc  UMMComponent.o [1]
  .rodata                 const    0xe00331e4      0xc  UMMComponent.o [1]
  .rodata                 const    0xe00331f0      0xc  UMMComponent.o [1]
  .rodata                 const    0xe00331fc      0xc  UMMComponent.o [1]
  .rodata                 const    0xe0033208      0xc  UMMComponent.o [1]
  .rodata                 const    0xe0033214      0xc  UMMComponent.o [1]
  .rodata                 const    0xe0033220      0xc  UMMComponent.o [1]
  .rodata                 const    0xe003322c      0xc  UMMComponent.o [1]
  .rodata                 const    0xe0033238      0xc  UMMComponent.o [1]
  .rodata                 const    0xe0033244      0xc  UROVComponent.o [1]
  .rodata                 const    0xe0033250      0xc  UROVComponent.o [1]
  .rodata                 const    0xe003325c      0xc  UROVComponent.o [1]
  .rodata                 const    0xe0033268      0xc  UROVComponent.o [1]
  .rodata                 const    0xe0033274      0xc  ViewMenuReg.o [1]
  .rodata                 const    0xe0033280      0xc  ViewMenuReg.o [1]
  .rodata                 const    0xe003328c      0xc  ViewMenuWideLog.o [1]
  .rodata                 const    0xe0033298      0xc  ViewRepozit.o [1]
  .rodata                 const    0xe00332a8      0x8  AppCn.o [1]
  .rodata                 const    0xe00332b0      0x8  AppCn.o [1]
  .rodata                 const    0xe00332b8      0x8  AppCn.o [1]
  .rodata                 const    0xe00332c0      0x8  APVComponent.o [1]
  .rodata                 const    0xe00332c8      0x8  APVComponent.o [1]
  .rodata                 const    0xe00332d0      0x8  APVComponent.o [1]
  .rodata                 const    0xe00332d8      0x8  APVComponent.o [1]
  .rodata                 const    0xe00332e0      0x8  APVComponent.o [1]
  .rodata                 const    0xe00332e8      0x8  DZ1Component.o [1]
  .rodata                 const    0xe00332f0      0x8  DZ3Component.o [1]
  .rodata                 const    0xe00332f8      0x8  DZ4Component.o [1]
  .rodata                 const    0xe0033300      0x8  DZ5Component.o [1]
  .rodata                 const    0xe0033308      0x8  MTZ1Component.o [1]
  .rodata                 const    0xe0033310      0x8  MTZ1Component.o [1]
  .rodata                 const    0xe0033318      0x8  MTZPacket.o [1]
  .rodata                 const    0xe0033320      0x8  NZOP1Component.o [1]
  .rodata                 const    0xe0033328      0x8  NZOPPacket.o [1]
  .rodata                 const    0xe0033330      0x8  NZOPPacket.o [1]
  .rodata                 const    0xe0033338      0x8  OFComponent.o [1]
  .rodata                 const    0xe0033340      0x8  PRM1Component.o [1]
  .rodata                 const    0xe0033348      0x8  PRM1Component.o [1]
  .rodata                 const    0xe0033350      0x8  ResetSystemMenu.o [1]
  .rodata                 const    0xe0033358      0x8  ResetSystemMenu.o [1]
  .rodata                 const    0xe0033360      0x8  ResetSystemMenu.o [1]
  .rodata                 const    0xe0033368      0x8  ResetSystemMenu.o [1]
  .rodata                 const    0xe0033370      0x8  ResetSystemMenu.o [1]
  .rodata                 const    0xe0033378      0x8  ResetSystemMenu.o [1]
  .rodata                 const    0xe0033380      0x8  ResetSystemMenu.o [1]
  .rodata                 const    0xe0033388      0x8  ResetSystemMenu.o [1]
  .rodata                 const    0xe0033390      0x8  ResetSystemMenu.o [1]
  .rodata                 const    0xe0033398      0x8  ResetSystemMenu.o [1]
  .rodata                 const    0xe00333a0      0x8  ResetSystemMenu.o [1]
  .rodata                 const    0xe00333a8      0x8  ResetSystemMenu.o [1]
  .rodata                 const    0xe00333b0      0x8  ResetSystemMenu.o [1]
  .rodata                 const    0xe00333b8      0x8  systemMenu.o [1]
  .rodata                 const    0xe00333c0      0x8  systemMenu.o [1]
  .rodata                 const    0xe00333c8      0x8  systemMenu.o [1]
  .rodata                 const    0xe00333d0      0x8  TZNP1Component.o [1]
  .rodata                 const    0xe00333d8      0x8  TZNPPacket.o [1]
  .rodata                 const    0xe00333e0      0x8  TZNPPacket.o [1]
  .rodata                 const    0xe00333e8      0x8  UMMComponent.o [1]
  .rodata                 const    0xe00333f0      0x8  UROVComponent.o [1]
  .rodata                 const    0xe00333f8      0x8  ViewMenuRang.o [1]
[...]
resistance_fB0Y2        0xe10acca0     0x8  Data  Gb  SettingIci_data.o [1]
resistance_fB0Y3        0xe10accd0     0x8  Data  Gb  SettingIci_data.o [1]
resistance_fB0Y4        0xe10acd00     0x8  Data  Gb  SettingIci_data.o [1]
resistance_fB0Y5        0xe10acd30     0x8  Data  Gb  SettingIci_data.o [1]
resistance_fBMX         0xe10acd58     0x8  Data  Gb  SettingIci_data.o [1]
resistance_fBMY         0xe10acd60     0x8  Data  Gb  SettingIci_data.o [1]
resistance_fC0X1        0xe10acc78     0x8  Data  Gb  SettingIci_data.o [1]
resistance_fC0X2        0xe10acca8     0x8  Data  Gb  SettingIci_data.o [1]
resistance_fC0X3        0xe10accd8     0x8  Data  Gb  SettingIci_data.o [1]
resistance_fC0X4        0xe10acd08     0x8  Data  Gb  SettingIci_data.o [1]
resistance_fC0X5        0xe10acd38     0x8  Data  Gb  SettingIci_data.o [1]
resistance_fC0Y1        0xe10acc80     0x8  Data  Gb  SettingIci_data.o [1]
resistance_fC0Y2        0xe10accb0     0x8  Data  Gb  SettingIci_data.o [1]
resistance_fC0Y3        0xe10acce0     0x8  Data  Gb  SettingIci_data.o [1]
resistance_fC0Y4        0xe10acd10     0x8  Data  Gb  SettingIci_data.o [1]
resistance_fC0Y5        0xe10acd40     0x8  Data  Gb  SettingIci_data.o [1]
resistance_fCMX         0xe10acd68     0x8  Data  Gb  SettingIci_data.o [1]
resistance_fCMY         0xe10acd70     0x8  Data  Gb  SettingIci_data.o [1]
restore_partial_VFP_state
                        0xe00134fc          Code  Gb  partial_vfp.o [1]
resurs_diagnostica      0xe10acec8     0x4  Data  Gb  main.o [1]
rpzCOMPONENT            0xe1082820   0x210  Data  Gb  ViewRepozit.o [1]
rpzCOMPONENT_WL         0xe10832c0    0x84  Data  Gb  ViewRepozitWL.o [1]
rpzcomponent_obj        0xe10abf98    0x90  Data  Gb  ViewRepozit.o [1]
rst1OT1                 0xe10a19e0     0x4  Data  Gb  toSpeedDIS.o [1]
rst1OT2                 0xe10a19e8     0x4  Data  Gb  toSpeedDIS.o [1]
rst1OT3                 0xe10a19f0     0x4  Data  Gb  toSpeedDIS.o [1]
rst1OT4                 0xe10a19f8     0x4  Data  Gb  toSpeedDIS.o [1]
rst1OT5                 0xe10a1a00     0x4  Data  Gb  toSpeedDIS.o [1]
rst1OT6                 0xe10a1a08     0x4  Data  Gb  toSpeedDIS.o [1]
rst1OT7                 0xe10a1a10     0x4  Data  Gb  toSpeedDIS.o [1]
rst1OT8                 0xe10a1a18     0x4  Data  Gb  toSpeedDIS.o [1]
rst2OT1                 0xe10a19e4     0x4  Data  Gb  toSpeedDIS.o [1]
rst2OT2                 0xe10a19ec     0x4  Data  Gb  toSpeedDIS.o [1]
rst2OT3                 0xe10a19f4     0x4  Data  Gb  toSpeedDIS.o [1]
rst2OT4                 0xe10a19fc     0x4  Data  Gb  toSpeedDIS.o [1]
rst2OT5                 0xe10a1a04     0x4  Data  Gb  toSpeedDIS.o [1]
rst2OT6                 0xe10a1a0c     0x4  Data  Gb  toSpeedDIS.o [1]
rst2OT7                 0xe10a1a14     0x4  Data  Gb  toSpeedDIS.o [1]
rst2OT8                 0xe10a1a1c     0x4  Data  Gb  toSpeedDIS.o [1]
samples_data_rdy        0xe10ace78     0x4  Data  Gb  ici_api.o [1]
savePARAMtoEEPROM       0xe001a2d8    0x78  Code  Gb  ustavkitoEEPROM.o [1]
save_partial_VFP_state  0xe00134ec          Code  Gb  partial_vfp.o [1]
sectorMTZ_IA_N          0xe10ad098     0x4  Data  Gb  SettingIci_data.o [1]
sectorMTZ_IA_V          0xe10ad094     0x4  Data  Gb  SettingIci_data.o [1]
sectorMTZ_IB_N          0xe10ad0a0     0x4  Data  Gb  SettingIci_data.o [1]
sectorMTZ_IB_V          0xe10ad09c     0x4  Data  Gb  SettingIci_data.o [1]
sectorMTZ_IC_N          0xe10ad0a8     0x4  Data  Gb  SettingIci_data.o [1]
sectorMTZ_IC_V          0xe10ad0a4     0x4  Data  Gb  SettingIci_data.o [1]
sectorNZOP1_N           0xe10ad0c4     0x4  Data  Gb  SettingIci_data.o [1]
sectorNZOP1_V           0xe10ad0c0     0x4  Data  Gb  SettingIci_data.o [1]
sectorNZOP2_N           0xe10ad0cc     0x4  Data  Gb  SettingIci_data.o [1]
sectorNZOP2_V           0xe10ad0c8     0x4  Data  Gb  SettingIci_data.o [1]
sectorTZNP1             0xe10ad0ac     0x4  Data  Gb  SettingIci_data.o [1]
sectorTZNP2             0xe10ad0b0     0x4  Data  Gb  SettingIci_data.o [1]
sectorTZNP3             0xe10ad0b4     0x4  Data  Gb  SettingIci_data.o [1]
sectorTZNP4             0xe10ad0b8     0x4  Data  Gb  SettingIci_data.o [1]
sectorTZNP5             0xe10ad0bc     0x4  Data  Gb  SettingIci_data.o [1]
selectorDVHi            0xe10acfd8     0x4  Data  Gb  periodOperations.o [1]
selectorDVLow           0xe10acfd0     0x4  Data  Gb  periodOperations.o [1]
selectorDVMidd          0xe10acfd4     0x4  Data  Gb  periodOperations.o [1]
selectorUVVHi           0xe10ad13c     0x4  Data  Gb  ViewMenuRang.o [1]
selectorUVVLow          0xe10ad134     0x4  Data  Gb  ViewMenuRang.o [1]
selectorUVVMidd         0xe10ad138     0x4  Data  Gb  ViewMenuRang.o [1]
selectorUprStrAPV       0xe0025704    0x3c  Code  Gb  APVComponent.o [1]
selectorUprStrDV        0xe0020bd4    0x3c  Code  Gb  PRM1Component.o [1]
selectorUprStrDZ1       0xe0027d88    0x3c  Code  Gb  DZ1Component.o [1]
selectorUprStrDZ2       0xe0023080    0x3c  Code  Gb  DZ2Component.o [1]
selectorUprStrMTZ1      0xe00272cc    0x3c  Code  Gb  MTZ1Component.o [1]
selectorUprStrMTZ2      0xe0026380    0x3c  Code  Gb  MTZ2Component.o [1]
selectorUprStrNZOP1     0xe002a2e8    0xc4  Code  Gb  NZOP1Component.o [1]
selectorUprStrOF        0xe0021cf0    0x3c  Code  Gb  OFComponent.o [1]
selectorUprStrPRM1      0xe0020b98    0x3c  Code  Gb  PRM1Component.o [1]
selectorUprStrRELE      0xe0020c10    0x3c  Code  Gb  PRM1Component.o [1]
selectorUprStrTZNP1     0xe0029768    0x3c  Code  Gb  TZNP1Component.o [1]
selectorUprStrTZNP2     0xe002d05c    0x3c  Code  Gb  TZNP2Component.o [1]
selectorUprStrUMM       0xe002ad54    0xd0  Code  Gb  UMMComponent.o [1]
selectorUprStrUROV      0xe002b8ac    0x3c  Code  Gb  UROVComponent.o [1]
send_cb_spi1            0xe100b29c   0x10c  Code  Gb  ssp1L.o [1]
send_cb_ssp_Dma         0xe0010fd4    0x74  Code  Gb  ssp1.o [1]
setCRCMassiv            0xe0008df0    0x34  Code  Gb  psvisor_help.o [1]
setClonMngUSTAVKI       0xe000b274   0x100  Code  Gb  ustmanager.o [1]
setTimerENABLE          0xe1009560    0x14  Code  Gb  logictimers.o [1]
setTimerENABLE_WL       0xe1009588    0x14  Code  Gb  logictimers.o [1]
setTimerPorog           0xe1009574    0x14  Code  Gb  logictimers.o [1]
setTimerPorog_WL        0xe100959c    0x14  Code  Gb  logictimers.o [1]
shCtrTrLpduSpiTeleMechs
                        0xe10ad156     0x2  Data  Gb  lpu.o [1]
speed_angle_APV         0xe10ad0d0     0x4  Data  Gb  SettingIci_data.o [1]
spi1_rxbuff             0xe10ff320   0x320  Data  Lc  ssp1L.o [1]
spi1_rxfill             0xe10ad0fc     0x4  Data  Gb  ssp1L.o [1]
spi1_rxget              0xe10ad0f4     0x4  Data  Gb  ssp1L.o [1]
spi1_rxsize             0xe10ad0ec     0x4  Data  Gb  ssp1L.o [1]
spi1_txbuff             0xe10ff000   0x320  Data  Lc  ssp1L.o [1]
spi1_txfill             0xe10ad0f0     0x4  Data  Gb  ssp1L.o [1]
spi1_txget              0xe10ad0f8     0x4  Data  Gb  ssp1L.o [1]
spi1_txsize             0xe10ad0e8     0x4  Data  Gb  ssp1L.o [1]
splitUgolSVRT           0xe0004e3c    0x34  Code  Gb  isNewZonaMethodVRT.o [1]
sprintf                 0xe000ce64    0x58  Code  Gb  sprintf.o [3]
spvUSTAVKI              0xe10a590c   0x708  Data  Gb  psupervisor.o [1]
sqrt                    0xe0006368          Code  Gb  sqrt.o [4]
sqrtl                   0xe0006368          Code  Gb  sqrt.o [4]
ssp1_hdr_init           0xe0010e94   0x140  Code  Gb  ssp1.o [1]
ssp1_regptr             0xe10aced0     0x4  Data  Gb  main.o [1]
sspclks                 0xe0030822     0x2  Data  Lc  lpcAV1_ssp_driver.o [1]
sspdev0                 0xe10ad0e4     0x4  Data  Gb  ssp1L.o [1]
sspdrv                  0xe10ac6d8    0x30  Data  Lc  lpcAV1_ssp_driver.o [1]
start_settings          0xe000a424    0x80  Code  Gb  main.o [1]
strcat                  0xe000cebc    0x30  Code  Gb  strcat.o [3]
strchr                  0xe0013140          Code  Gb  strchr.o [5]
strcpy                  0xe000cdfc          Code  Gb  strcpy.o [5]
stringList              0xe10a6014   0x600  Data  Gb  main.o [1]
strlen                  0xe00037e4          Code  Gb  strlen.o [5]
strncpy                 0xe0003838          Code  Gb  strncpy.o [5]
struct_maskaOTAPVUROVOFcmd
                        0xe10a1a70   0x780  Data  Gb  toSpeedDIS.o [1]
struct_maskaOTcmd       0xe10a21f0   0x500  Data  Gb  toSpeedDIS.o [1]
sub_menu_DZ             0xe10837f4    0x6c  Data  Gb  DZPacket.o [1]
sub_menu_MTZ            0xe1083860    0x6c  Data  Gb  MTZPacket.o [1]
sub_menu_NZOP           0xe1084e84    0x48  Data  Gb  NZOPPacket.o [1]
sub_menu_TZNP           0xe1083938    0x6c  Data  Gb  TZNPPacket.o [1]
sub_menu_act            0xe10859d0    0x18  Data  Gb  ResetSystemMenu.o [1]
sub_menu_apv            0xe1085a00    0x18  Data  Gb  ResetSystemMenu.o [1]
sub_menu_cdi            0xe1085788    0x24  Data  Gb  ResetSystemMenu.o [1]
sub_menu_cnf            0xe1082328   0x27c  Data  Gb  ResetSystemMenu.o [1]
sub_menu_cnfwl          0xe1082edc    0x9c  Data  Gb  ResetSystemMenu.o [1]
sub_menu_cntr           0xe1084f5c    0x48  Data  Gb  ResetSystemMenu.o [1]
sub_menu_comp_APV       0xe1083ad8    0x60  Data  Gb  APVComponent.o [1]
sub_menu_comp_DZ1       0xe1083b38    0x60  Data  Gb  DZ1Component.o [1]
sub_menu_comp_DZ2       0xe1083b98    0x60  Data  Gb  DZ2Component.o [1]
sub_menu_comp_DZ3       0xe1083bf8    0x60  Data  Gb  DZ3Component.o [1]
sub_menu_comp_DZ4       0xe1083c58    0x60  Data  Gb  DZ4Component.o [1]
sub_menu_comp_DZ5       0xe1083d18    0x60  Data  Gb  DZ5Component.o [1]
sub_menu_comp_MTZ1      0xe1083dd8    0x60  Data  Gb  MTZ1Component.o [1]
sub_menu_comp_MTZ2      0xe1083e98    0x60  Data  Gb  MTZ2Component.o [1]
sub_menu_comp_MTZ3      0xe1083f58    0x60  Data  Gb  MTZ3Component.o [1]
sub_menu_comp_MTZ4      0xe1084018    0x60  Data  Gb  MTZ4Component.o [1]
sub_menu_comp_MTZ5      0xe10840d8    0x60  Data  Gb  MTZ5Component.o [1]
sub_menu_comp_NZOP1     0xe1084198    0x60  Data  Gb  NZOP1Component.o [1]
sub_menu_comp_NZOP2     0xe10841f8    0x60  Data  Gb  NZOP2Component.o [1]
sub_menu_comp_OF        0xe1084258    0x60  Data  Gb  OFComponent.o [1]
sub_menu_comp_PF        0xe10842b8    0x60  Data  Gb  PFComponent.o [1]
sub_menu_comp_PRM1      0xe1084318    0x60  Data  Gb  PRM1Component.o [1]
sub_menu_comp_TZNP1     0xe1084378    0x60  Data  Gb  TZNP1Component.o [1]
sub_menu_comp_TZNP2     0xe10843d8    0x60  Data  Gb  TZNP2Component.o [1]
sub_menu_comp_TZNP3     0xe1084438    0x60  Data  Gb  TZNP3Component.o [1]
sub_menu_comp_TZNP4     0xe1084498    0x60  Data  Gb  TZNP4Component.o [1]
sub_menu_comp_TZNP5     0xe10844f8    0x60  Data  Gb  TZNP5Component.o [1]
sub_menu_comp_UMM       0xe1084558    0x60  Data  Gb  UMMComponent.o [1]
sub_menu_comp_UROV      0xe10845b8    0x60  Data  Gb  UROVComponent.o [1]
sub_menu_comp_WL        0xe1084618    0x60  Data  Gb  WLComponent.o [1]
sub_menu_dv             0xe1085740    0x24  Data  Gb  ResetSystemMenu.o [1]
sub_menu_main           0xe1082f78    0x9c  Data  Gb  ResetSystemMenu.o [1]
sub_menu_p1of           0xe1085a30    0x18  Data  Gb  ResetSystemMenu.o [1]
sub_menu_p2of           0xe1085a48    0x18  Data  Gb  ResetSystemMenu.o [1]
sub_menu_p3of           0xe1085a60    0x18  Data  Gb  ResetSystemMenu.o [1]
sub_menu_rdis           0xe10859e8    0x18  Data  Gb  ResetSystemMenu.o [1]
sub_menu_reg            0xe10859b8    0x18  Data  Gb  ResetSystemMenu.o [1]
sub_menu_rele           0xe1085764    0x24  Data  Gb  ResetSystemMenu.o [1]
sub_menu_rpz            0xe10825a4   0x27c  Data  Gb  ViewRepozit.o [1]
sub_menu_rpzWL          0xe1083014    0x9c  Data  Gb  ViewRepozitWL.o [1]
sub_menu_tmp            0xe1085a78    0x18  Data  Gb  ResetSystemMenu.o [1]
sub_menu_upr_compAPV    0xe1084990    0x54  Data  Gb  APVComponent.o [1]
sub_menu_upr_compCDI    0xe108571c    0x24  Data  Gb  PRM1Component.o [1]
sub_menu_upr_compDV     0xe10856d4    0x24  Data  Gb  PRM1Component.o [1]
sub_menu_upr_compDZ1    0xe1085500    0x24  Data  Gb  DZ1Component.o [1]
sub_menu_upr_compDZ3    0xe1085548    0x24  Data  Gb  DZ3Component.o [1]
sub_menu_upr_compDZ4    0xe1083cb8    0x60  Data  Gb  DZ4Component.o [1]
sub_menu_upr_compDZ5    0xe1083d78    0x60  Data  Gb  DZ5Component.o [1]
sub_menu_upr_compMTZ1   0xe1084b34    0x54  Data  Gb  MTZ1Component.o [1]
sub_menu_upr_compMTZ2   0xe10834b4    0x78  Data  Gb  MTZ2Component.o [1]
sub_menu_upr_compMTZ3   0xe1083134    0x84  Data  Gb  MTZ3Component.o [1]
sub_menu_upr_compMTZ4   0xe10831b8    0x84  Data  Gb  MTZ4Component.o [1]
sub_menu_upr_compMTZ5   0xe108323c    0x84  Data  Gb  MTZ5Component.o [1]
sub_menu_upr_compNZOP1  0xe1084d64    0x48  Data  Gb  NZOP1Component.o [1]
sub_menu_upr_compNZOP2  0xe1084e3c    0x48  Data  Gb  NZOP2Component.o [1]
sub_menu_upr_compOF     0xe108568c    0x24  Data  Gb  OFComponent.o [1]
sub_menu_upr_compPRM1   0xe1085064    0x3c  Data  Gb  PRM1Component.o [1]
sub_menu_upr_compRELE   0xe10856f8    0x24  Data  Gb  PRM1Component.o [1]
sub_menu_upr_compTZNP1  0xe108352c    0x78  Data  Gb  TZNP1Component.o [1]
sub_menu_upr_compTZNP2  0xe10835a4    0x78  Data  Gb  TZNP2Component.o [1]
sub_menu_upr_compTZNP3  0xe108361c    0x78  Data  Gb  TZNP3Component.o [1]
sub_menu_upr_compTZNP4  0xe1083694    0x78  Data  Gb  TZNP4Component.o [1]
sub_menu_upr_compTZNP5  0xe108370c    0x78  Data  Gb  TZNP5Component.o [1]
sub_menu_upr_compUMM    0xe1085860    0x24  Data  Gb  UMMComponent.o [1]
sub_menu_upr_compUROV   0xe10853a4    0x30  Data  Gb  UROVComponent.o [1]
sub_menu_upr_compUVV    0xe1084f14    0x48  Data  Gb  PRM1Component.o [1]
sub_menu_urov           0xe1085a18    0x18  Data  Gb  ResetSystemMenu.o [1]
sub_menu_ust_compAPV    0xe10833c4    0x78  Data  Gb  APVComponent.o [1]
sub_menu_ust_compDZ1    0xe10854b8    0x24  Data  Gb  DZ1Component.o [1]
sub_menu_ust_compDZ3    0xe10849e4    0x54  Data  Gb  DZ3Component.o [1]
sub_menu_ust_compDZ4    0xe1084a38    0x54  Data  Gb  DZ4Component.o [1]
sub_menu_ust_compDZ5    0xe1084a8c    0x54  Data  Gb  DZ5Component.o [1]
sub_menu_ust_compMTZ1   0xe1083e38    0x60  Data  Gb  MTZ1Component.o [1]
sub_menu_ust_compMTZ2   0xe1083ef8    0x60  Data  Gb  MTZ2Component.o [1]
sub_menu_ust_compMTZ3   0xe1083fb8    0x60  Data  Gb  MTZ3Component.o [1]
sub_menu_ust_compMTZ4   0xe1084078    0x60  Data  Gb  MTZ4Component.o [1]
sub_menu_ust_compMTZ5   0xe1084138    0x60  Data  Gb  MTZ5Component.o [1]
sub_menu_ust_compNZOP1  0xe10838cc    0x6c  Data  Gb  NZOP1Component.o [1]
sub_menu_ust_compNZOP2  0xe1084dac    0x48  Data  Gb  NZOP2Component.o [1]
sub_menu_ust_compOF     0xe1085668    0x24  Data  Gb  OFComponent.o [1]
sub_menu_ust_compPRM1   0xe1085028    0x3c  Data  Gb  PRM1Component.o [1]
sub_menu_ust_compTZNP1  0xe10850a0    0x3c  Data  Gb  TZNP1Component.o [1]
sub_menu_ust_compTZNP2  0xe10850dc    0x3c  Data  Gb  TZNP2Component.o [1]
sub_menu_ust_compTZNP3  0xe1085118    0x3c  Data  Gb  TZNP3Component.o [1]
sub_menu_ust_compTZNP4  0xe1085154    0x3c  Data  Gb  TZNP4Component.o [1]
sub_menu_ust_compTZNP5  0xe1085190    0x3c  Data  Gb  TZNP5Component.o [1]
sub_menu_ust_compUMM    0xe10839a4    0x6c  Data  Gb  UMMComponent.o [1]
sub_menu_ust_compUROV   0xe1085374    0x30  Data  Gb  UROVComponent.o [1]
sub_menu_ust_compUVV    0xe10856b0    0x24  Data  Gb  PRM1Component.o [1]
sub_menu_vid_compAPV    0xe1085428    0x24  Data  Gb  APVComponent.o [1]
sub_menu_vid_compDZ1    0xe10854dc    0x24  Data  Gb  DZ1Component.o [1]
sub_menu_vid_compDZ3    0xe1085524    0x24  Data  Gb  DZ3Component.o [1]
sub_menu_vid_compDZ4    0xe108556c    0x24  Data  Gb  DZ4Component.o [1]
sub_menu_vid_compDZ5    0xe1085590    0x24  Data  Gb  DZ5Component.o [1]
sub_menu_vid_compMTZ1   0xe1084ae0    0x54  Data  Gb  MTZ1Component.o [1]
sub_menu_vid_compMTZ2   0xe10855d8    0x24  Data  Gb  MTZ2Component.o [1]
sub_menu_vid_compMTZ3   0xe10855fc    0x24  Data  Gb  MTZ3Component.o [1]
sub_menu_vid_compMTZ4   0xe1085620    0x24  Data  Gb  MTZ4Component.o [1]
sub_menu_vid_compMTZ5   0xe1085644    0x24  Data  Gb  MTZ5Component.o [1]
sub_menu_vid_compNZOP1  0xe1084d1c    0x48  Data  Gb  NZOP1Component.o [1]
sub_menu_vid_compNZOP2  0xe1084df4    0x48  Data  Gb  NZOP2Component.o [1]
sub_menu_vid_compPRM1   0xe1084ecc    0x48  Data  Gb  PRM1Component.o [1]
sub_menu_vid_compTZNP1  0xe10857ac    0x24  Data  Gb  TZNP1Component.o [1]
sub_menu_vid_compTZNP2  0xe10857d0    0x24  Data  Gb  TZNP2Component.o [1]
sub_menu_vid_compTZNP3  0xe10857f4    0x24  Data  Gb  TZNP3Component.o [1]
sub_menu_vid_compTZNP4  0xe1085818    0x24  Data  Gb  TZNP4Component.o [1]
sub_menu_vid_compTZNP5  0xe108583c    0x24  Data  Gb  TZNP5Component.o [1]
sub_menu_vid_compUMM    0xe1084b88    0x54  Data  Gb  UMMComponent.o [1]
sub_menu_vid_compUROV   0xe10851cc    0x3c  Data  Gb  UROVComponent.o [1]
sub_menu_widel          0xe1085884    0x24  Data  Gb  WLComponent.o [1]
tempLog                 0xe10a31e0   0xaf0  Data  Gb  psupervisor.o [1]
tempLog_WL              0xe10ab014   0x190  Data  Gb  psupervisor.o [1]
testPrtTblState         0xe1085b74     0x8  Data  Gb  AppCn.o [1]
test_external_SRAM      0xe0030118   0x114  Code  Gb  start_settings.o [1]
timer0_user_interrupt   0xe000d0fc    0x20  Code  Gb  u3.o [1]
timer0dev               0xe10ad128     0x4  Data  Gb  u3.o [1]
timerEnableWL           0xe10ace9c     0x4  Data  Gb  logictimers.o [1]
timerWaitReqHSU1        0xe10acd84     0x4  Data  Gb  AppCn.o [1]
timerWaitReqHSU2        0xe10acd80     0x4  Data  Gb  AppCn.o [1]
timerWaitReqM2m         0xe10acd88     0x4  Data  Gb  AppCn.o [1]
timerWaitReqSpi         0xe10acd8c     0x4  Data  Gb  AppCn.o [1]
timer_num_to_clk_enum   0xe003342c     0x4  Data  Lc  lpcAV1_timer_driver.o [1]
timing                  0xe10aced8     0x4  Data  Gb  main.o [1]
timingLoad              0xe10acedc     0x4  Data  Gb  main.o [1]
tmpUSTAVKI              0xe10ab1a4   0x190  Data  Gb  ustmanager.o [1]
tmr_init                0xe10aca90    0x10  Data  Lc  lpcAV1_timer_driver.o [1]
tmrdat                  0xe10acaa0    0x10  Data  Lc  lpcAV1_timer_driver.o [1]
total_measurement       0xe10a8b08   0x330  Data  Gb  ici_api.o [1]
trigReg                 0xe10acef4     0x4  Data  Gb  main.o [1]
twinDZ2                 0xe10acaf0     0xc  Data  Gb  DZ2Component.o [1]
twinMTZ2                0xe10acafc     0xc  Data  Gb  MTZ2Component.o [1]
twinNZOP1               0xe10acfb4     0x4  Data  Gb  NZOP1Component.o [1]
twinTZNP1               0xe10acab0    0x10  Data  Gb  TZNP1Component.o [1]
uiAmtSpiBadRvPacket     0xe10aceb4     0x4  Data  Gb  lpu.o [1]
uiAmtSpiGoodRvPacket    0xe10aceb0     0x4  Data  Gb  lpu.o [1]
ulCtrTrLpduSpi          0xe10acea4     0x4  Data  Gb  lpu.o [1]
ustavkiZN               0xe10ad0dc     0x4  Data  Gb  SettingIci_UMM.o [1]
validation_code_and_memory_width
                        0xe0000000     0x4  Data  Gb  main.o [1]
vec_abort_handler       0xe00304c4          Code  Gb  lpc32xx_vectors.o [1]
vec_fiq_handler         0xe00304cc          Code  Gb  lpc32xx_vectors.o [1]
vec_irq_handler         0xe00304c8          Code  Gb  lpc32xx_vectors.o [1]
vec_prefetch_handler    0xe00304c0          Code  Gb  lpc32xx_vectors.o [1]
vec_reset_handler       0xe00304b4          Code  Gb  lpc32xx_vectors.o [1]
vec_swi_handler         0xe00304bc          Code  Gb  lpc32xx_vectors.o [1]
vec_undefined_handler   0xe00304b8          Code  Gb  lpc32xx_vectors.o [1]
vecarea                 0xe10acea0     0x4  Data  Gb  lpc32xx_intc_driver.o [1]
voltage_difference_APV  0xe10ad0d8     0x4  Data  Gb  SettingIci_data.o [1]
workerUniversal1        0xe10ad048     0x4  Data  Gb  psvisor_help.o [1]
workerUniversal2        0xe10ad04c     0x4  Data  Gb  psvisor_help.o [1]
zonaVertexBD            0xe10a70c0   0x500  Data  Gb  isNewZonaMethodVRT.o [1]


[1] = D:\IAR projects\HR1_0100_00_I720_new2\EWP\Debug xFlash\Obj
[2] = command line
[3] = dl5E_aln.a
[4] = m5E_alv.a
[5] = rt5E_al.a

  199 806 bytes of readonly  code memory
   67 060 bytes of readwrite code memory
   46 443 bytes of readonly  data memory
  214 424 bytes of readwrite data memory (+ 152 absolute)

Errors: none
Warnings: none
