###############################################################################
#
# IAR ELF Linker V7.40.2.8542/W32 for ARM                 12/Oct/2015  11:05:12
# Copyright 2007-2015 IAR Systems AB.
#
#    Output file  =  
#        D:\IAR projects\HR1_0100_00_I720_new2\EWP\Debug
#        xFlash\Exe\hr1_0100_00_i650.out.tmp
#    Map file     =  
#        D:\IAR projects\HR1_0100_00_I720_new2\EWP\Debug
#        xFlash\List\hr1_0100_00_i650.map
#    Command line =  
#        "D:\IAR projects\HR1_0100_00_I720_new2\EWP\Debug xFlash\Obj\AppCn.o"
#        "D:\IAR projects\HR1_0100_00_I720_new2\EWP\Debug
#        xFlash\Obj\APVComponent.o" "D:\IAR
#        projects\HR1_0100_00_I720_new2\EWP\Debug
#        xFlash\Obj\arm926ej_cp15_drv.o" "D:\IAR
#        projects\HR1_0100_00_I720_new2\EWP\Debug xFlash\Obj\board_lowlevel.o"
#        "D:\IAR projects\HR1_0100_00_I720_new2\EWP\Debug xFlash\Obj\br_var.o"
#        "D:\IAR projects\HR1_0100_00_I720_new2\EWP\Debug
#        xFlash\Obj\callBackElement.o" "D:\IAR
#        projects\HR1_0100_00_I720_new2\EWP\Debug
#        xFlash\Obj\cicloGrammaEEPROM1.o" "D:\IAR
#        projects\HR1_0100_00_I720_new2\EWP\Debug
#        xFlash\Obj\cicloGrammaEEPROM2.o" "D:\IAR
#        projects\HR1_0100_00_I720_new2\EWP\Debug xFlash\Obj\cstartup.o"
#        "D:\IAR projects\HR1_0100_00_I720_new2\EWP\Debug xFlash\Obj\CTpu.o"
#        "D:\IAR projects\HR1_0100_00_I720_new2\EWP\Debug xFlash\Obj\cy7.o"
#        "D:\IAR projects\HR1_0100_00_I720_new2\EWP\Debug
#        xFlash\Obj\DZ1Component.o" "D:\IAR
#        projects\HR1_0100_00_I720_new2\EWP\Debug xFlash\Obj\DZ2Component.o"
#        "D:\IAR projects\HR1_0100_00_I720_new2\EWP\Debug
#        xFlash\Obj\DZ3Component.o" "D:\IAR
#        projects\HR1_0100_00_I720_new2\EWP\Debug xFlash\Obj\DZ4Component.o"
#        "D:\IAR projects\HR1_0100_00_I720_new2\EWP\Debug
#        xFlash\Obj\DZ5Component.o" "D:\IAR
#        projects\HR1_0100_00_I720_new2\EWP\Debug xFlash\Obj\DZPacket.o"
#        "D:\IAR projects\HR1_0100_00_I720_new2\EWP\Debug
#        xFlash\Obj\extentiontoEEPROM.o" "D:\IAR
#        projects\HR1_0100_00_I720_new2\EWP\Debug xFlash\Obj\extmanager.o"
#        "D:\IAR projects\HR1_0100_00_I720_new2\EWP\Debug
#        xFlash\Obj\FLogTimer.o" "D:\IAR
#        projects\HR1_0100_00_I720_new2\EWP\Debug xFlash\Obj\FLogTimerRES.o"
#        "D:\IAR projects\HR1_0100_00_I720_new2\EWP\Debug
#        xFlash\Obj\getINTERFACE.o" "D:\IAR
#        projects\HR1_0100_00_I720_new2\EWP\Debug xFlash\Obj\hu1.o" "D:\IAR
#        projects\HR1_0100_00_I720_new2\EWP\Debug xFlash\Obj\hu1l.o" "D:\IAR
#        projects\HR1_0100_00_I720_new2\EWP\Debug xFlash\Obj\hu2.o" "D:\IAR
#        projects\HR1_0100_00_I720_new2\EWP\Debug xFlash\Obj\hu2l.o" "D:\IAR
#        projects\HR1_0100_00_I720_new2\EWP\Debug xFlash\Obj\hu7.o" "D:\IAR
#        projects\HR1_0100_00_I720_new2\EWP\Debug xFlash\Obj\hu7l.o" "D:\IAR
#        projects\HR1_0100_00_I720_new2\EWP\Debug xFlash\Obj\ici_api.o" "D:\IAR
#        projects\HR1_0100_00_I720_new2\EWP\Debug xFlash\Obj\ILogTimer.o"
#        "D:\IAR projects\HR1_0100_00_I720_new2\EWP\Debug
#        xFlash\Obj\ILogTimerRES.o" "D:\IAR
#        projects\HR1_0100_00_I720_new2\EWP\Debug
#        xFlash\Obj\isNewZonaMethodVRT.o" "D:\IAR
#        projects\HR1_0100_00_I720_new2\EWP\Debug
#        xFlash\Obj\isZonaTrianMethodVRT.o" "D:\IAR
#        projects\HR1_0100_00_I720_new2\EWP\Debug
#        xFlash\Obj\JLINKDCC_HandleDataAbort.o" "D:\IAR
#        projects\HR1_0100_00_I720_new2\EWP\Debug
#        xFlash\Obj\JLINKDCC_Process.o" "D:\IAR
#        projects\HR1_0100_00_I720_new2\EWP\Debug xFlash\Obj\logicAPV.o"
#        "D:\IAR projects\HR1_0100_00_I720_new2\EWP\Debug
#        xFlash\Obj\logicDZ1.o" "D:\IAR
#        projects\HR1_0100_00_I720_new2\EWP\Debug xFlash\Obj\logicDZ2to5.o"
#        "D:\IAR projects\HR1_0100_00_I720_new2\EWP\Debug
#        xFlash\Obj\logicMTZ1.o" "D:\IAR
#        projects\HR1_0100_00_I720_new2\EWP\Debug xFlash\Obj\logicMTZ2to5.o"
#        "D:\IAR projects\HR1_0100_00_I720_new2\EWP\Debug
#        xFlash\Obj\logicNZOP1to2.o" "D:\IAR
#        projects\HR1_0100_00_I720_new2\EWP\Debug xFlash\Obj\logicOF.o" "D:\IAR
#        projects\HR1_0100_00_I720_new2\EWP\Debug xFlash\Obj\logicPF.o" "D:\IAR
#        projects\HR1_0100_00_I720_new2\EWP\Debug xFlash\Obj\logicPRM1.o"
#        "D:\IAR projects\HR1_0100_00_I720_new2\EWP\Debug
#        xFlash\Obj\logictimers.o" "D:\IAR
#        projects\HR1_0100_00_I720_new2\EWP\Debug xFlash\Obj\logicTZNP1to5.o"
#        "D:\IAR projects\HR1_0100_00_I720_new2\EWP\Debug
#        xFlash\Obj\logicUMM.o" "D:\IAR
#        projects\HR1_0100_00_I720_new2\EWP\Debug xFlash\Obj\logicUROV.o"
#        "D:\IAR projects\HR1_0100_00_I720_new2\EWP\Debug xFlash\Obj\logicWL.o"
#        "D:\IAR projects\HR1_0100_00_I720_new2\EWP\Debug
#        xFlash\Obj\lpc32xx_clkpwr_driver.o" "D:\IAR
#        projects\HR1_0100_00_I720_new2\EWP\Debug
#        xFlash\Obj\lpc32xx_dma_driver.o" "D:\IAR
#        projects\HR1_0100_00_I720_new2\EWP\Debug
#        xFlash\Obj\lpc32xx_gpio_driver.o" "D:\IAR
#        projects\HR1_0100_00_I720_new2\EWP\Debug
#        xFlash\Obj\lpc32xx_hstimer_driver.o" "D:\IAR
#        projects\HR1_0100_00_I720_new2\EWP\Debug
#        xFlash\Obj\lpc32xx_intc_driver.o" "D:\IAR
#        projects\HR1_0100_00_I720_new2\EWP\Debug
#        xFlash\Obj\lpc32xx_spi_driver.o" "D:\IAR
#        projects\HR1_0100_00_I720_new2\EWP\Debug
#        xFlash\Obj\lpc32xx_uart_driver.o" "D:\IAR
#        projects\HR1_0100_00_I720_new2\EWP\Debug xFlash\Obj\lpc32xx_vectors.o"
#        "D:\IAR projects\HR1_0100_00_I720_new2\EWP\Debug
#        xFlash\Obj\lpc_arm922t_cp15_driver.o" "D:\IAR
#        projects\HR1_0100_00_I720_new2\EWP\Debug
#        xFlash\Obj\lpcAV1_dma_driver.o" "D:\IAR
#        projects\HR1_0100_00_I720_new2\EWP\Debug
#        xFlash\Obj\lpcAV1_hsuart_driver.o" "D:\IAR
#        projects\HR1_0100_00_I720_new2\EWP\Debug
#        xFlash\Obj\lpcAV1_intc_driver.o" "D:\IAR
#        projects\HR1_0100_00_I720_new2\EWP\Debug
#        xFlash\Obj\lpcAV1_ssp_driver.o" "D:\IAR
#        projects\HR1_0100_00_I720_new2\EWP\Debug
#        xFlash\Obj\lpcAV1_timer_driver.o" "D:\IAR
#        projects\HR1_0100_00_I720_new2\EWP\Debug
#        xFlash\Obj\lpcAV1_uart_driver.o" "D:\IAR
#        projects\HR1_0100_00_I720_new2\EWP\Debug xFlash\Obj\lpu.o" "D:\IAR
#        projects\HR1_0100_00_I720_new2\EWP\Debug xFlash\Obj\main.o" "D:\IAR
#        projects\HR1_0100_00_I720_new2\EWP\Debug
#        xFlash\Obj\missionCollectionEEPROM1.o" "D:\IAR
#        projects\HR1_0100_00_I720_new2\EWP\Debug
#        xFlash\Obj\missionCollectionEEPROM2.o" "D:\IAR
#        projects\HR1_0100_00_I720_new2\EWP\Debug xFlash\Obj\MTZ1Component.o"
#        "D:\IAR projects\HR1_0100_00_I720_new2\EWP\Debug
#        xFlash\Obj\MTZ2Component.o" "D:\IAR
#        projects\HR1_0100_00_I720_new2\EWP\Debug xFlash\Obj\MTZ3Component.o"
#        "D:\IAR projects\HR1_0100_00_I720_new2\EWP\Debug
#        xFlash\Obj\MTZ4Component.o" "D:\IAR
#        projects\HR1_0100_00_I720_new2\EWP\Debug xFlash\Obj\MTZ5Component.o"
#        "D:\IAR projects\HR1_0100_00_I720_new2\EWP\Debug
#        xFlash\Obj\MTZPacket.o" "D:\IAR
#        projects\HR1_0100_00_I720_new2\EWP\Debug xFlash\Obj\NZOP1Component.o"
#        "D:\IAR projects\HR1_0100_00_I720_new2\EWP\Debug
#        xFlash\Obj\NZOP2Component.o" "D:\IAR
#        projects\HR1_0100_00_I720_new2\EWP\Debug xFlash\Obj\NZOPPacket.o"
#        "D:\IAR projects\HR1_0100_00_I720_new2\EWP\Debug
#        xFlash\Obj\OFComponent.o" "D:\IAR
#        projects\HR1_0100_00_I720_new2\EWP\Debug xFlash\Obj\partial_vfp.o"
#        "D:\IAR projects\HR1_0100_00_I720_new2\EWP\Debug
#        xFlash\Obj\periodOperations.o" "D:\IAR
#        projects\HR1_0100_00_I720_new2\EWP\Debug xFlash\Obj\PFComponent.o"
#        "D:\IAR projects\HR1_0100_00_I720_new2\EWP\Debug
#        xFlash\Obj\PRM1Component.o" "D:\IAR
#        projects\HR1_0100_00_I720_new2\EWP\Debug xFlash\Obj\psupervisor.o"
#        "D:\IAR projects\HR1_0100_00_I720_new2\EWP\Debug
#        xFlash\Obj\psvisor_help.o" "D:\IAR
#        projects\HR1_0100_00_I720_new2\EWP\Debug xFlash\Obj\rangirtoEEPROM.o"
#        "D:\IAR projects\HR1_0100_00_I720_new2\EWP\Debug
#        xFlash\Obj\rangmanager.o" "D:\IAR
#        projects\HR1_0100_00_I720_new2\EWP\Debug xFlash\Obj\ResetSystemMenu.o"
#        "D:\IAR projects\HR1_0100_00_I720_new2\EWP\Debug
#        xFlash\Obj\SettingIci_APV.o" "D:\IAR
#        projects\HR1_0100_00_I720_new2\EWP\Debug xFlash\Obj\SettingIci_data.o"
#        "D:\IAR projects\HR1_0100_00_I720_new2\EWP\Debug
#        xFlash\Obj\SettingIci_DZ1.o" "D:\IAR
#        projects\HR1_0100_00_I720_new2\EWP\Debug
#        xFlash\Obj\SettingIci_DZ2to5.o" "D:\IAR
#        projects\HR1_0100_00_I720_new2\EWP\Debug xFlash\Obj\SettingIci_MTZ.o"
#        "D:\IAR projects\HR1_0100_00_I720_new2\EWP\Debug
#        xFlash\Obj\SettingIci_NZOP.o" "D:\IAR
#        projects\HR1_0100_00_I720_new2\EWP\Debug xFlash\Obj\SettingIci_OF.o"
#        "D:\IAR projects\HR1_0100_00_I720_new2\EWP\Debug
#        xFlash\Obj\SettingIci_OFDZ.o" "D:\IAR
#        projects\HR1_0100_00_I720_new2\EWP\Debug
#        xFlash\Obj\SettingIci_OFMTZ.o" "D:\IAR
#        projects\HR1_0100_00_I720_new2\EWP\Debug
#        xFlash\Obj\SettingIci_OFTZNP.o" "D:\IAR
#        projects\HR1_0100_00_I720_new2\EWP\Debug
#        xFlash\Obj\SettingIci_OFUMM.o" "D:\IAR
#        projects\HR1_0100_00_I720_new2\EWP\Debug xFlash\Obj\SettingIci_PRM1.o"
#        "D:\IAR projects\HR1_0100_00_I720_new2\EWP\Debug
#        xFlash\Obj\SettingIci_Rangir.o" "D:\IAR
#        projects\HR1_0100_00_I720_new2\EWP\Debug
#        xFlash\Obj\SettingIci_RangirAPV.o" "D:\IAR
#        projects\HR1_0100_00_I720_new2\EWP\Debug
#        xFlash\Obj\SettingIci_RangirDZ.o" "D:\IAR
#        projects\HR1_0100_00_I720_new2\EWP\Debug
#        xFlash\Obj\SettingIci_RangirMTZ.o" "D:\IAR
#        projects\HR1_0100_00_I720_new2\EWP\Debug
#        xFlash\Obj\SettingIci_RangirNZOP.o" "D:\IAR
#        projects\HR1_0100_00_I720_new2\EWP\Debug
#        xFlash\Obj\SettingIci_RangirOF.o" "D:\IAR
#        projects\HR1_0100_00_I720_new2\EWP\Debug
#        xFlash\Obj\SettingIci_RangirPRM1.o" "D:\IAR
#        projects\HR1_0100_00_I720_new2\EWP\Debug
#        xFlash\Obj\SettingIci_RangirTZNP.o" "D:\IAR
#        projects\HR1_0100_00_I720_new2\EWP\Debug
#        xFlash\Obj\SettingIci_RangirUMM.o" "D:\IAR
#        projects\HR1_0100_00_I720_new2\EWP\Debug
#        xFlash\Obj\SettingIci_RangirUROV.o" "D:\IAR
#        projects\HR1_0100_00_I720_new2\EWP\Debug xFlash\Obj\SettingIci_TZNP.o"
#        "D:\IAR projects\HR1_0100_00_I720_new2\EWP\Debug
#        xFlash\Obj\SettingIci_UMM.o" "D:\IAR
#        projects\HR1_0100_00_I720_new2\EWP\Debug xFlash\Obj\SettingIci_UROV.o"
#        "D:\IAR projects\HR1_0100_00_I720_new2\EWP\Debug xFlash\Obj\ssp1.o"
#        "D:\IAR projects\HR1_0100_00_I720_new2\EWP\Debug xFlash\Obj\ssp1L.o"
#        "D:\IAR projects\HR1_0100_00_I720_new2\EWP\Debug
#        xFlash\Obj\start_settings.o" "D:\IAR
#        projects\HR1_0100_00_I720_new2\EWP\Debug xFlash\Obj\systemMenu.o"
#        "D:\IAR projects\HR1_0100_00_I720_new2\EWP\Debug
#        xFlash\Obj\toSpeedDIS.o" "D:\IAR
#        projects\HR1_0100_00_I720_new2\EWP\Debug xFlash\Obj\toSpeedOptim.o"
#        "D:\IAR projects\HR1_0100_00_I720_new2\EWP\Debug
#        xFlash\Obj\toSpeedZonaVRT.o" "D:\IAR
#        projects\HR1_0100_00_I720_new2\EWP\Debug xFlash\Obj\translateI.o"
#        "D:\IAR projects\HR1_0100_00_I720_new2\EWP\Debug xFlash\Obj\ttbl.o"
#        "D:\IAR projects\HR1_0100_00_I720_new2\EWP\Debug
#        xFlash\Obj\TxtStream.o" "D:\IAR
#        projects\HR1_0100_00_I720_new2\EWP\Debug xFlash\Obj\TZNP1Component.o"
#        "D:\IAR projects\HR1_0100_00_I720_new2\EWP\Debug
#        xFlash\Obj\TZNP2Component.o" "D:\IAR
#        projects\HR1_0100_00_I720_new2\EWP\Debug xFlash\Obj\TZNP3Component.o"
#        "D:\IAR projects\HR1_0100_00_I720_new2\EWP\Debug
#        xFlash\Obj\TZNP4Component.o" "D:\IAR
#        projects\HR1_0100_00_I720_new2\EWP\Debug xFlash\Obj\TZNP5Component.o"
#        "D:\IAR projects\HR1_0100_00_I720_new2\EWP\Debug
#        xFlash\Obj\TZNPPacket.o" "D:\IAR
#        projects\HR1_0100_00_I720_new2\EWP\Debug xFlash\Obj\u3.o" "D:\IAR
#        projects\HR1_0100_00_I720_new2\EWP\Debug xFlash\Obj\u3l.o" "D:\IAR
#        projects\HR1_0100_00_I720_new2\EWP\Debug xFlash\Obj\UMMComponent.o"
#        "D:\IAR projects\HR1_0100_00_I720_new2\EWP\Debug
#        xFlash\Obj\UROVComponent.o" "D:\IAR
#        projects\HR1_0100_00_I720_new2\EWP\Debug xFlash\Obj\ustavkitoEEPROM.o"
#        "D:\IAR projects\HR1_0100_00_I720_new2\EWP\Debug
#        xFlash\Obj\ustmanager.o" "D:\IAR
#        projects\HR1_0100_00_I720_new2\EWP\Debug xFlash\Obj\ViewMenuCnf.o"
#        "D:\IAR projects\HR1_0100_00_I720_new2\EWP\Debug
#        xFlash\Obj\viewMenuList.o" "D:\IAR
#        projects\HR1_0100_00_I720_new2\EWP\Debug xFlash\Obj\ViewMenuRang.o"
#        "D:\IAR projects\HR1_0100_00_I720_new2\EWP\Debug
#        xFlash\Obj\ViewMenuReg.o" "D:\IAR
#        projects\HR1_0100_00_I720_new2\EWP\Debug xFlash\Obj\viewMenuSub.o"
#        "D:\IAR projects\HR1_0100_00_I720_new2\EWP\Debug
#        xFlash\Obj\ViewMenuTip.o" "D:\IAR
#        projects\HR1_0100_00_I720_new2\EWP\Debug xFlash\Obj\ViewMenuWideLog.o"
#        "D:\IAR projects\HR1_0100_00_I720_new2\EWP\Debug
#        xFlash\Obj\ViewRepozit.o" "D:\IAR
#        projects\HR1_0100_00_I720_new2\EWP\Debug xFlash\Obj\ViewRepozitWL.o"
#        "D:\IAR projects\HR1_0100_00_I720_new2\EWP\Debug
#        xFlash\Obj\widelogmanager.o" "D:\IAR
#        projects\HR1_0100_00_I720_new2\EWP\Debug xFlash\Obj\WLComponent.o"
#        --redirect _Printf=_PrintfFull --redirect _Scanf=_ScanfFull -o "D:\IAR
#        projects\HR1_0100_00_I720_new2\EWP\Debug
#        xFlash\Exe\hr1_0100_00_i650.out.tmp" --map "D:\IAR
#        projects\HR1_0100_00_I720_new2\EWP\Debug
#        xFlash\List\hr1_0100_00_i650.map" --config "D:\IAR
#        projects\HR1_0100_00_I720_new2\EWP\..\cfg\LPC3000_xFlash.icf" --entry
#        __iar_program_start --place_holder __checksum,2,.checksum,1
#        --define_symbol __checksum_begin=0xe0000000 --define_symbol
#        __checksum_end=0xe01ffffd --vfe
#
###############################################################################

*******************************************************************************
*** RUNTIME MODEL ATTRIBUTES
***

CppFlavor       = *
__SystemLibrary = DLib


*******************************************************************************
*** PLACEMENT SUMMARY
***

"VC_and_MW":
       place at 0xe0000000 { section VC_and_MW };
"A2":  place at start of [0xe0000004-0xe0000103] { section .cstartup };
"P1":  place in [from 0xe0000104 to 0xe00fffff] { ro };
"A3":  place at end of [0xe0100000-0xe01fffff] { ro section .checksum };
"P3":  place in [from 0xe1000000 to 0xe107efff] { section Fast_function };
"P4":  place in [from 0xe107f000 to 0xe107ffff] {
          section Fast_function_no_cache };
"P5":  place in [from 0xe1080000 to 0xe10fefff] {
          zi, rw, block CSTACK, block SVC_STACK, block IRQ_STACK,
          block FIQ_STACK, block UND_STACK, block ABT_STACK, block HEAP };
"P6":  place in [from 0xe10ff000 to 0xe10fffff] { rw data section DMA_BUFFERS };
"P7":  place in [from 0x08000100 to 0x0803ffff] {
          rw data section MMU_TT, section I_RAM_variables,
          section IRAM_function };

  Section                 Kind        Address     Size  Object
  -------                 ----        -------     ----  ------
"P7":                                           0x4c00
  MMU_TT                  uninit   0x08004000   0x4000  ttbl.o [1]
  MMU_TT                  uninit   0x08008000    0x400  ttbl.o [1]
  MMU_TT                  uninit   0x08008800    0x400  ttbl.o [1]
                                 - 0x08008c00   0x4c00

Absolute sections, part 1 of 20:                   0x4
  .noinit                 uninit   0x31080000      0x4  board_lowlevel.o [1]
                                 - 0x31080004      0x4

Absolute sections, part 2 of 20:                   0x4
  .noinit                 uninit   0x31080008      0x4  board_lowlevel.o [1]
                                 - 0x3108000c      0x4

Absolute sections, part 3 of 20:                   0x4
  .noinit                 uninit   0x31080080      0x4  board_lowlevel.o [1]
                                 - 0x31080084      0x4

Absolute sections, part 4 of 20:                  0x10
  .noinit                 uninit   0x31080200      0x4  board_lowlevel.o [1]
  .noinit                 uninit   0x31080204      0x4  board_lowlevel.o [1]
  .noinit                 uninit   0x31080208      0x4  board_lowlevel.o [1]
  .noinit                 uninit   0x3108020c      0x4  board_lowlevel.o [1]
                                 - 0x31080210     0x10

Absolute sections, part 5 of 20:                   0x8
  .noinit                 uninit   0x31080214      0x4  board_lowlevel.o [1]
  .noinit                 uninit   0x31080218      0x4  board_lowlevel.o [1]
                                 - 0x3108021c      0x8

Absolute sections, part 6 of 20:                  0x10
  .noinit                 uninit   0x31080220      0x4  board_lowlevel.o [1]
  .noinit                 uninit   0x31080224      0x4  board_lowlevel.o [1]
  .noinit                 uninit   0x31080228      0x4  board_lowlevel.o [1]
  .noinit                 uninit   0x3108022c      0x4  board_lowlevel.o [1]
                                 - 0x31080230     0x10

Absolute sections, part 7 of 20:                   0x8
  .noinit                 uninit   0x31080234      0x4  board_lowlevel.o [1]
  .noinit                 uninit   0x31080238      0x4  board_lowlevel.o [1]
                                 - 0x3108023c      0x8

Absolute sections, part 8 of 20:                  0x10
  .noinit                 uninit   0x31080240      0x4  board_lowlevel.o [1]
  .noinit                 uninit   0x31080244      0x4  board_lowlevel.o [1]
  .noinit                 uninit   0x31080248      0x4  board_lowlevel.o [1]
  .noinit                 uninit   0x3108024c      0x4  board_lowlevel.o [1]
                                 - 0x31080250     0x10

Absolute sections, part 9 of 20:                   0x8
  .noinit                 uninit   0x31080254      0x4  board_lowlevel.o [1]
  .noinit                 uninit   0x31080258      0x4  board_lowlevel.o [1]
                                 - 0x3108025c      0x8

Absolute sections, part 10 of 20:                 0x10
  .noinit                 uninit   0x31080260      0x4  board_lowlevel.o [1]
  .noinit                 uninit   0x31080264      0x4  board_lowlevel.o [1]
  .noinit                 uninit   0x31080268      0x4  board_lowlevel.o [1]
  .noinit                 uninit   0x3108026c      0x4  board_lowlevel.o [1]
                                 - 0x31080270     0x10

Absolute sections, part 11 of 20:                  0x8
  .noinit                 uninit   0x31080274      0x4  board_lowlevel.o [1]
  .noinit                 uninit   0x31080278      0x4  board_lowlevel.o [1]
                                 - 0x3108027c      0x8

Absolute sections, part 12 of 20:                  0x4
  .noinit                 uninit   0x31080400      0x4  board_lowlevel.o [1]
                                 - 0x31080404      0x4

Absolute sections, part 13 of 20:                  0x4
  .noinit                 uninit   0x31080440      0x4  board_lowlevel.o [1]
                                 - 0x31080444      0x4

Absolute sections, part 14 of 20:                  0x4
  .noinit                 uninit   0x31080460      0x4  board_lowlevel.o [1]
                                 - 0x31080464      0x4

Absolute sections, part 15 of 20:                  0x4
  .noinit                 uninit   0x31080480      0x4  board_lowlevel.o [1]
                                 - 0x31080484      0x4

Absolute sections, part 16 of 20:                  0x4
  .noinit                 uninit   0x40004014      0x4  board_lowlevel.o [1]
                                 - 0x40004018      0x4

Absolute sections, part 17 of 20:                  0xc
  .noinit                 uninit   0x40004040      0x4  board_lowlevel.o [1]
  .noinit                 uninit   0x40004044      0x4  board_lowlevel.o [1]
  .noinit                 uninit   0x40004048      0x4  board_lowlevel.o [1]
                                 - 0x4000404c      0xc

Absolute sections, part 18 of 20:                  0x4
  .noinit                 uninit   0x40004050      0x4  board_lowlevel.o [1]
                                 - 0x40004054      0x4

Absolute sections, part 19 of 20:                  0x4
  .noinit                 uninit   0x40004058      0x4  board_lowlevel.o [1]
                                 - 0x4000405c      0x4

Absolute sections, part 20 of 20:                  0x4
  .noinit                 uninit   0x40004068      0x4  board_lowlevel.o [1]
                                 - 0x4000406c      0x4

"VC_and_MW":                                       0x4
  VC_and_MW               const    0xe0000000      0x4  main.o [1]
                                 - 0xe0000004      0x4

"A2":                                             0xe4
  .cstartup               ro code  0xe0000004     0xe4  cstartup.o [1]
                                 - 0xe00000e8     0xe4

"P1":                                          0x3b72b
  .text                   ro code  0xe0000104   0x34bc  AppCn.o [1]
  .text                   ro code  0xe00035c0    0x150  CTpu.o [1]
  .text                   ro code  0xe0003710     0xd4  ABImemcpy.o [5]
  .text                   ro code  0xe00037e4     0x54  strlen.o [5]
  .text                   ro code  0xe0003838     0x98  strncpy.o [5]
  .text                   ro code  0xe00038d0     0x78  ABImemset.o [5]
  .text                   ro code  0xe0003948   0x27b8  isNewZonaMethodVRT.o [1]
  .text                   ro code  0xe0006100     0x94  ceil.o [4]
  .text                   ro code  0xe0006194     0xb8  DblToS64.o [4]
  .text                   ro code  0xe0006250     0x80  acos.o [4]
  .text                   ro code  0xe00062d0     0x98  asin.o [4]
  .text                   ro code  0xe0006368     0x20  sqrt.o [4]
  .text                   ro code  0xe0006388    0x120  xatan.o [4]
  .text                   ro code  0xe00064a8     0x14  iarEdom.o [5]
  .text                   ro code  0xe00064bc      0xc  errno.o [3]
  .text                   ro code  0xe00064c8      0x4  xtls.o [3]
  .text                   ro code  0xe00064cc   0x1b20  SettingIci_DZ2to5.o [1]
  .text                   ro code  0xe0007fec    0x794  ResetSystemMenu.o [1]
  .text                   ro code  0xe0008780    0x6a4  psvisor_help.o [1]
  .text                   ro code  0xe0008e24    0x33c  ViewMenuCnf.o [1]
  .text                   ro code  0xe0009160    0x264  TxtStream.o [1]
  .text                   ro code  0xe00093c4    0xf2c  systemMenu.o [1]
  .text                   ro code  0xe000a2f0    0x3a8  main.o [1]
  .text                   ro code  0xe000a698    0x810  rangmanager.o [1]
  .text                   ro code  0xe000aea8     0xfc  ViewMenuWideLog.o [1]
  .text                   ro code  0xe000afa4    0x508  ustmanager.o [1]
  .text                   ro code  0xe000b4ac   0x14ac  psupervisor.o [1]
  .text                   ro code  0xe000c958     0x78  logictimers.o [1]
  .text                   ro code  0xe000c9d0    0x1a8  I32DivMod.o [5]
  .text                   ro code  0xe000cb78      0x4  viewMenuList.o [1]
  .text                   ro code  0xe000cb7c     0xe0  viewMenuSub.o [1]
  .text                   ro code  0xe000cc5c     0x68  strcpy.o [5]
  .text                   ro code  0xe000ccc4     0x58  sprintf.o [3]
  .text                   ro code  0xe000cd1c     0x30  strcat.o [3]
  .text                   ro code  0xe000cd4c     0x74  memcmp.o [5]
  .text                   ro code  0xe000cdc0    0x1bc  u3.o [1]
  .text                   ro code  0xe000cf7c    0x760  periodOperations.o [1]
  .text                   ro code  0xe000d6dc    0x564  arm926ej_cp15_drv.o [1]
  .text                   ro code  0xe000dc40     0xfc  callBackElement.o [1]
  .text                   ro code  0xe000dd3c    0x490  lpc32xx_intc_driver.o [1]
  .text                   ro code  0xe000e1cc    0xb88  lpc32xx_clkpwr_driver.o [1]
  .text                   ro code  0xe000ed54     0xdc  widelogmanager.o [1]
  .text                   ro code  0xe000ee30    0x2b8  ViewRepozit.o [1]
  .text                   ro code  0xe000f0e8    0x2e8  ViewRepozitWL.o [1]
  .text                   ro code  0xe000f3d0      0x4  IntDivZer.o [5]
  .text                   ro code  0xe000f3d4   0x163e  xprintffull.o [3]
  .text                   ro code  0xe0010a12     0x2a  zero_init3.o [5]
  .text                   ro code  0xe0010a3c    0x210  lpcAV1_timer_driver.o [1]
  .text                   ro code  0xe0010c4c    0x27c  ssp1.o [1]
  .text                   ro code  0xe0010ec8    0x89c  lpu.o [1]
  .text                   ro code  0xe0011764    0x450  lpcAV1_intc_driver.o [1]
  .text                   ro code  0xe0011bb4     0x3c  lpc32xx_gpio_driver.o [1]
  .text                   ro code  0xe0011bf0    0x58c  JLINKDCC_Process.o [1]
  .text                   ro code  0xe001217c    0xbfc  SettingIci_data.o [1]
  .text                   ro code  0xe0012d78     0x20  uread4.o [5]
  .text                   ro code  0xe0012d98     0x58  lpc_arm922t_cp15_driver.o [1]
  .text                   ro code  0xe0012df0    0x130  I64DivMod.o [5]
  .text                   ro code  0xe0012f20     0x20  strchr.o [5]
  .text                   ro code  0xe0012f40     0x94  memchr.o [5]
  .text                   ro code  0xe0012fd4     0x78  xdnorm.o [4]
  .text                   ro code  0xe001304c     0x38  DblCmpLe.o [4]
  .text                   ro code  0xe0013084     0x38  DblCmpGe.o [4]
  .text                   ro code  0xe00130bc    0x1dc  xdscale.o [4]
  .text                   ro code  0xe0013298     0x10  DblToS32.o [4]
  .text                   ro code  0xe00132a8     0x10  S32ToDbl.o [4]
  .text                   ro code  0xe00132b8     0x14  DblSub.o [4]
  .text                   ro code  0xe00132cc     0xf8  partial_vfp.o [1]
  .text                   ro code  0xe00133c4     0x10  DblToU32.o [4]
  .text                   ro code  0xe00133d4     0x34  div.o [3]
  .text                   ro code  0xe0013408    0x690  lpcAV1_ssp_driver.o [1]
  .text                   ro code  0xe0013a98    0x308  lpcAV1_dma_driver.o [1]
  .text                   ro code  0xe0013da0    0x4f4  SettingIci_Rangir.o [1]
  .text                   ro code  0xe0014294   0x1a28  SettingIci_MTZ.o [1]
  .text                   ro code  0xe0015cbc    0x4f0  SettingIci_UMM.o [1]
  .text                   ro code  0xe00161ac    0x3d4  SettingIci_DZ1.o [1]
  .text                   ro code  0xe0016580   0x1328  SettingIci_TZNP.o [1]
  .text                   ro code  0xe00178a8     0xd0  SettingIci_PRM1.o [1]
  .text                   ro code  0xe0017978    0x3fc  SettingIci_NZOP.o [1]
  .text                   ro code  0xe0017d74    0xbc8  SettingIci_APV.o [1]
  .text                   ro code  0xe001893c    0x9f8  SettingIci_UROV.o [1]
  .text                   ro code  0xe0019334   0x11f4  SettingIci_OF.o [1]
  .text                   ro code  0xe001a528     0x8c  ustavkitoEEPROM.o [1]
  .text                   ro code  0xe001a5b4      0x4  I64DivZer.o [5]
  .text                   ro code  0xe001a5b8    0xea0  SettingIci_RangirMTZ.o [1]
  .text                   ro code  0xe001b458    0x450  SettingIci_RangirUMM.o [1]
  .text                   ro code  0xe001b8a8    0xa70  SettingIci_RangirTZNP.o [1]
  .text                   ro code  0xe001c318    0xaa0  SettingIci_RangirDZ.o [1]
  .text                   ro code  0xe001cdb8     0xb0  SettingIci_RangirPRM1.o [1]
  .text                   ro code  0xe001ce68    0x320  SettingIci_RangirNZOP.o [1]
  .text                   ro code  0xe001d188    0x110  SettingIci_RangirAPV.o [1]
  .text                   ro code  0xe001d298     0xe0  SettingIci_RangirUROV.o [1]
  .text                   ro code  0xe001d378    0x620  SettingIci_RangirOF.o [1]
  .text                   ro code  0xe001d998    0xb28  SettingIci_OFDZ.o [1]
  .text                   ro code  0xe001e4c0    0x8e8  SettingIci_OFMTZ.o [1]
  .text                   ro code  0xe001eda8    0x2e8  SettingIci_OFUMM.o [1]
  .text                   ro code  0xe001f090    0xa68  SettingIci_OFTZNP.o [1]
  .text                   ro code  0xe001faf8    0x474  missionCollectionEEPROM1.o [1]
  .text                   ro code  0xe001ff6c   0x16f8  PRM1Component.o [1]
  .text                   ro code  0xe0021664   0x15dc  OFComponent.o [1]
  .text                   ro code  0xe0022c40   0x12a8  DZ2Component.o [1]
  .text                   ro code  0xe0023ee8    0xdec  isZonaTrianMethodVRT.o [1]
  .text                   ro code  0xe0024cd4    0xf7c  APVComponent.o [1]
  .text                   ro code  0xe0025c50    0xe64  MTZ2Component.o [1]
  .text                   ro code  0xe0026ab4    0xbd0  MTZ1Component.o [1]
  .text                   ro code  0xe0027684    0xd7c  DZ1Component.o [1]
  .text                   ro code  0xe0028400    0xbe8  logicUMM.o [1]
  .text                   ro code  0xe0028fe8    0xb58  TZNP1Component.o [1]
  .text                   ro code  0xe0029b40    0xabc  NZOP1Component.o [1]
  .text                   ro code  0xe002a5fc    0xa4c  UMMComponent.o [1]
  .text                   ro code  0xe002b048    0x810  UROVComponent.o [1]
  .text                   ro code  0xe002b858    0x4b4  lpcAV1_hsuart_driver.o [1]
  .text                   ro code  0xe002bd0c    0x454  ViewMenuRang.o [1]
  .text                   ro code  0xe002c160    0x41c  MTZ3Component.o [1]
  .text                   ro code  0xe002c57c    0x41c  MTZ5Component.o [1]
  .text                   ro code  0xe002c998    0x3f0  TZNP2Component.o [1]
  .text                   ro code  0xe002cd88    0x3e0  MTZ4Component.o [1]
  .text                   ro code  0xe002d168    0x3d8  NZOP2Component.o [1]
  .text                   ro code  0xe002d540    0x3d0  DZ5Component.o [1]
  .text                   ro code  0xe002d910    0x3b0  DZ4Component.o [1]
  .text                   ro code  0xe002dcc0    0x3b0  TZNP3Component.o [1]
  .text                   ro code  0xe002e070    0x3b0  TZNP4Component.o [1]
  .text                   ro code  0xe002e420    0x3b0  TZNP5Component.o [1]
  .text                   ro code  0xe002e7d0    0x358  DZ3Component.o [1]
  .text                   ro code  0xe002eb28    0x310  WLComponent.o [1]
  .text                   ro code  0xe002ee38    0x308  ViewMenuReg.o [1]
  .text                   ro code  0xe002f140    0x300  TZNPPacket.o [1]
  .text                   ro code  0xe002f440    0x2f0  DZPacket.o [1]
  .text                   ro code  0xe002f730    0x2f0  MTZPacket.o [1]
  .text                   ro code  0xe002fa20    0x2b8  board_lowlevel.o [1]
  .text                   ro code  0xe002fcd8    0x124  start_settings.o [1]
  .text                   ro code  0xe002fdfc    0x258  NZOPPacket.o [1]
  .text                   ro code  0xe0030054    0x1d0  lpc32xx_vectors.o [1]
  .text                   ro code  0xe0030224    0x1be  lz77_init.o [5]
  .rodata                 const    0xe00303e2      0x2  lpcAV1_ssp_driver.o [1]
  .text                   ro code  0xe00303e4      0x8  abort.o [3]
  .text                   ro code  0xe00303ec     0x14  XXexit.o [5]
  .text                   ro code  0xe0030400    0x1b8  PFComponent.o [1]
  .rodata                 const    0xe00305b8    0x110  ttbl.o [1]
  .text                   ro code  0xe00306c8     0xd8  hu2l.o [1]
  .rodata                 const    0xe00307a0     0x6c  lpu.o [1]
  .text                   ro code  0xe003080c     0x68  ici_api.o [1]
  .intvec                 ro code  0xe0030874     0x40  cstartup.o [1]
  .text                   ro code  0xe00308b4     0x38  ABImemset48.o [5]
  .rodata                 const    0xe00308ec     0x34  AppCn.o [1]
  .text                   ro code  0xe0030920     0x2c  cmain.o [5]
  .text                   ro code  0xe003094c      0x8  low_level_init.o [3]
  .text                   ro code  0xe0030954     0x28  data_init.o [5]
  .text                   ro code  0xe003097c      0x4  exit.o [3]
  .text                   ro code  0xe0030980     0x10  cexit.o [5]
  .text                   ro code  0xe0030990     0x28  hu7l.o [1]
  .text                   ro code  0xe00309b8     0x28  ssp1L.o [1]
  .rodata                 const    0xe00309e0     0x24  APVComponent.o [1]
  .rodata                 const    0xe0030a04     0x24  APVComponent.o [1]
  .iar.init_table         const    0xe0030a28     0x6c  - Linker created -
  .rodata                 const    0xe0030a94     0x1c  PRM1Component.o [1]
  .rodata                 const    0xe0030ab0     0x18  APVComponent.o [1]
  .rodata                 const    0xe0030ac8     0x18  APVComponent.o [1]
  .rodata                 const    0xe0030ae0     0x18  MTZ1Component.o [1]
  .rodata                 const    0xe0030af8     0x18  NZOP1Component.o [1]
  .rodata                 const    0xe0030b10     0x18  NZOP1Component.o [1]
  .rodata                 const    0xe0030b28     0x18  NZOP2Component.o [1]
  .rodata                 const    0xe0030b40     0x18  NZOP2Component.o [1]
  .rodata                 const    0xe0030b58     0x18  OFComponent.o [1]
  .rodata                 const    0xe0030b70     0x18  OFComponent.o [1]
  .rodata                 const    0xe0030b88     0x18  PRM1Component.o [1]
  .rodata                 const    0xe0030ba0     0x18  PRM1Component.o [1]
  .rodata                 const    0xe0030bb8     0x18  PRM1Component.o [1]
  .rodata                 const    0xe0030bd0     0x18  ResetSystemMenu.o [1]
  .rodata                 const    0xe0030be8     0x14  APVComponent.o [1]
  .rodata                 const    0xe0030bfc     0x14  DZ1Component.o [1]
  .rodata                 const    0xe0030c10     0x14  DZ2Component.o [1]
  .rodata                 const    0xe0030c24     0x14  DZ3Component.o [1]
  .rodata                 const    0xe0030c38     0x14  DZ4Component.o [1]
  .rodata                 const    0xe0030c4c     0x14  DZ5Component.o [1]
  .rodata                 const    0xe0030c60     0x14  MTZ1Component.o [1]
  .rodata                 const    0xe0030c74     0x14  MTZ1Component.o [1]
  .rodata                 const    0xe0030c88     0x14  MTZ1Component.o [1]
  .rodata                 const    0xe0030c9c     0x14  MTZ1Component.o [1]
  .rodata                 const    0xe0030cb0     0x14  MTZ1Component.o [1]
  .rodata                 const    0xe0030cc4     0x14  MTZ2Component.o [1]
  .rodata                 const    0xe0030cd8     0x14  MTZ2Component.o [1]
  .rodata                 const    0xe0030cec     0x14  MTZ2Component.o [1]
  .rodata                 const    0xe0030d00     0x14  MTZ2Component.o [1]
  .rodata                 const    0xe0030d14     0x14  MTZ2Component.o [1]
  .rodata                 const    0xe0030d28     0x14  MTZ3Component.o [1]
  .rodata                 const    0xe0030d3c     0x14  MTZ3Component.o [1]
  .rodata                 const    0xe0030d50     0x14  MTZ3Component.o [1]
  .rodata                 const    0xe0030d64     0x14  MTZ3Component.o [1]
  .rodata                 const    0xe0030d78     0x14  MTZ4Component.o [1]
  .rodata                 const    0xe0030d8c     0x14  MTZ4Component.o [1]
  .rodata                 const    0xe0030da0     0x14  MTZ4Component.o [1]
  .rodata                 const    0xe0030db4     0x14  MTZ4Component.o [1]
  .rodata                 const    0xe0030dc8     0x14  MTZ5Component.o [1]
  .rodata                 const    0xe0030ddc     0x14  MTZ5Component.o [1]
  .rodata                 const    0xe0030df0     0x14  MTZ5Component.o [1]
  .rodata                 const    0xe0030e04     0x14  MTZ5Component.o [1]
  .rodata                 const    0xe0030e18     0x14  NZOP1Component.o [1]
  .rodata                 const    0xe0030e2c     0x14  NZOP1Component.o [1]
  .rodata                 const    0xe0030e40     0x14  NZOP1Component.o [1]
  .rodata                 const    0xe0030e54     0x14  NZOP1Component.o [1]
  .rodata                 const    0xe0030e68     0x14  NZOP1Component.o [1]
  .rodata                 const    0xe0030e7c     0x14  NZOP1Component.o [1]
  .rodata                 const    0xe0030e90     0x14  NZOP1Component.o [1]
  .rodata                 const    0xe0030ea4     0x14  NZOP1Component.o [1]
  .rodata                 const    0xe0030eb8     0x14  NZOP1Component.o [1]
  .rodata                 const    0xe0030ecc     0x14  NZOP2Component.o [1]
  .rodata                 const    0xe0030ee0     0x14  NZOP2Component.o [1]
  .rodata                 const    0xe0030ef4     0x14  NZOP2Component.o [1]
  .rodata                 const    0xe0030f08     0x14  NZOP2Component.o [1]
  .rodata                 const    0xe0030f1c     0x14  NZOP2Component.o [1]
  .rodata                 const    0xe0030f30     0x14  NZOP2Component.o [1]
  .rodata                 const    0xe0030f44     0x14  OFComponent.o [1]
  .rodata                 const    0xe0030f58     0x14  OFComponent.o [1]
  .rodata                 const    0xe0030f6c     0x14  OFComponent.o [1]
  .rodata                 const    0xe0030f80     0x14  OFComponent.o [1]
  .rodata                 const    0xe0030f94     0x14  OFComponent.o [1]
  .rodata                 const    0xe0030fa8     0x14  OFComponent.o [1]
  .rodata                 const    0xe0030fbc     0x14  OFComponent.o [1]
  .rodata                 const    0xe0030fd0     0x14  OFComponent.o [1]
  .rodata                 const    0xe0030fe4     0x14  OFComponent.o [1]
  .rodata                 const    0xe0030ff8     0x14  OFComponent.o [1]
  .rodata                 const    0xe003100c     0x14  OFComponent.o [1]
  .rodata                 const    0xe0031020     0x14  OFComponent.o [1]
  .rodata                 const    0xe0031034     0x14  OFComponent.o [1]
  .rodata                 const    0xe0031048     0x14  OFComponent.o [1]
  .rodata                 const    0xe003105c     0x14  OFComponent.o [1]
  .rodata                 const    0xe0031070     0x14  OFComponent.o [1]
  .rodata                 const    0xe0031084     0x14  OFComponent.o [1]
  .rodata                 const    0xe0031098     0x14  OFComponent.o [1]
  .rodata                 const    0xe00310ac     0x14  OFComponent.o [1]
  .rodata                 const    0xe00310c0     0x14  OFComponent.o [1]
  .rodata                 const    0xe00310d4     0x14  OFComponent.o [1]
  .rodata                 const    0xe00310e8     0x14  OFComponent.o [1]
  .rodata                 const    0xe00310fc     0x14  OFComponent.o [1]
  .rodata                 const    0xe0031110     0x14  PRM1Component.o [1]
  .rodata                 const    0xe0031124     0x14  ResetSystemMenu.o [1]
  .rodata                 const    0xe0031138     0x14  ttbl.o [1]
  .rodata                 const    0xe003114c     0x14  TZNP1Component.o [1]
  .rodata                 const    0xe0031160     0x14  TZNP1Component.o [1]
  .rodata                 const    0xe0031174     0x14  TZNP1Component.o [1]
  .rodata                 const    0xe0031188     0x14  TZNP1Component.o [1]
  .rodata                 const    0xe003119c     0x14  TZNP1Component.o [1]
  .rodata                 const    0xe00311b0     0x14  TZNP1Component.o [1]
  .rodata                 const    0xe00311c4     0x14  TZNP2Component.o [1]
  .rodata                 const    0xe00311d8     0x14  TZNP2Component.o [1]
  .rodata                 const    0xe00311ec     0x14  TZNP2Component.o [1]
  .rodata                 const    0xe0031200     0x14  TZNP2Component.o [1]
  .rodata                 const    0xe0031214     0x14  TZNP2Component.o [1]
  .rodata                 const    0xe0031228     0x14  TZNP2Component.o [1]
  .rodata                 const    0xe003123c     0x14  TZNP3Component.o [1]
  .rodata                 const    0xe0031250     0x14  TZNP3Component.o [1]
  .rodata                 const    0xe0031264     0x14  TZNP3Component.o [1]
  .rodata                 const    0xe0031278     0x14  TZNP3Component.o [1]
  .rodata                 const    0xe003128c     0x14  TZNP3Component.o [1]
  .rodata                 const    0xe00312a0     0x14  TZNP3Component.o [1]
  .rodata                 const    0xe00312b4     0x14  TZNP4Component.o [1]
  .rodata                 const    0xe00312c8     0x14  TZNP4Component.o [1]
  .rodata                 const    0xe00312dc     0x14  TZNP4Component.o [1]
  .rodata                 const    0xe00312f0     0x14  TZNP4Component.o [1]
  .rodata                 const    0xe0031304     0x14  TZNP4Component.o [1]
  .rodata                 const    0xe0031318     0x14  TZNP4Component.o [1]
  .rodata                 const    0xe003132c     0x14  TZNP5Component.o [1]
  .rodata                 const    0xe0031340     0x14  TZNP5Component.o [1]
  .rodata                 const    0xe0031354     0x14  TZNP5Component.o [1]
  .rodata                 const    0xe0031368     0x14  TZNP5Component.o [1]
  .rodata                 const    0xe003137c     0x14  TZNP5Component.o [1]
  .rodata                 const    0xe0031390     0x14  TZNP5Component.o [1]
  .rodata                 const    0xe00313a4     0x14  ViewMenuWideLog.o [1]
  .text                   ro code  0xe00313b8     0x14  fpinit.o [4]
  .text                   ro code  0xe00313cc     0x14  xsprout.o [3]
  .rodata                 const    0xe00313e0     0x10  APVComponent.o [1]
  .rodata                 const    0xe00313f0     0x10  APVComponent.o [1]
  .rodata                 const    0xe0031400     0x10  APVComponent.o [1]
  .rodata                 const    0xe0031410     0x10  APVComponent.o [1]
  .rodata                 const    0xe0031420     0x10  APVComponent.o [1]
  .rodata                 const    0xe0031430     0x10  APVComponent.o [1]
  .rodata                 const    0xe0031440     0x10  APVComponent.o [1]
  .rodata                 const    0xe0031450     0x10  DZ1Component.o [1]
  .rodata                 const    0xe0031460     0x10  DZ1Component.o [1]
  .rodata                 const    0xe0031470     0x10  DZ1Component.o [1]
  .rodata                 const    0xe0031480     0x10  DZ1Component.o [1]
  .rodata                 const    0xe0031490     0x10  DZ1Component.o [1]
  .rodata                 const    0xe00314a0     0x10  DZ1Component.o [1]
  .rodata                 const    0xe00314b0     0x10  DZ2Component.o [1]
  .rodata                 const    0xe00314c0     0x10  DZ2Component.o [1]
  .rodata                 const    0xe00314d0     0x10  DZ2Component.o [1]
  .rodata                 const    0xe00314e0     0x10  DZ2Component.o [1]
  .rodata                 const    0xe00314f0     0x10  DZ2Component.o [1]
  .rodata                 const    0xe0031500     0x10  DZ2Component.o [1]
  .rodata                 const    0xe0031510     0x10  DZ2Component.o [1]
  .rodata                 const    0xe0031520     0x10  DZ3Component.o [1]
  .rodata                 const    0xe0031530     0x10  DZ3Component.o [1]
  .rodata                 const    0xe0031540     0x10  DZ3Component.o [1]
  .rodata                 const    0xe0031550     0x10  DZ3Component.o [1]
  .rodata                 const    0xe0031560     0x10  DZ3Component.o [1]
  .rodata                 const    0xe0031570     0x10  DZ3Component.o [1]
  .rodata                 const    0xe0031580     0x10  DZ3Component.o [1]
  .rodata                 const    0xe0031590     0x10  DZ3Component.o [1]
  .rodata                 const    0xe00315a0     0x10  DZ3Component.o [1]
  .rodata                 const    0xe00315b0     0x10  DZ3Component.o [1]
  .rodata                 const    0xe00315c0     0x10  DZ3Component.o [1]
  .rodata                 const    0xe00315d0     0x10  DZ4Component.o [1]
  .rodata                 const    0xe00315e0     0x10  DZ4Component.o [1]
  .rodata                 const    0xe00315f0     0x10  DZ4Component.o [1]
  .rodata                 const    0xe0031600     0x10  DZ4Component.o [1]
  .rodata                 const    0xe0031610     0x10  DZ4Component.o [1]
  .rodata                 const    0xe0031620     0x10  DZ4Component.o [1]
  .rodata                 const    0xe0031630     0x10  DZ4Component.o [1]
  .rodata                 const    0xe0031640     0x10  DZ4Component.o [1]
  .rodata                 const    0xe0031650     0x10  DZ4Component.o [1]
  .rodata                 const    0xe0031660     0x10  DZ4Component.o [1]
  .rodata                 const    0xe0031670     0x10  DZ4Component.o [1]
  .rodata                 const    0xe0031680     0x10  DZ4Component.o [1]
  .rodata                 const    0xe0031690     0x10  DZ4Component.o [1]
  .rodata                 const    0xe00316a0     0x10  DZ4Component.o [1]
  .rodata                 const    0xe00316b0     0x10  DZ4Component.o [1]
  .rodata                 const    0xe00316c0     0x10  DZ5Component.o [1]
  .rodata                 const    0xe00316d0     0x10  DZ5Component.o [1]
  .rodata                 const    0xe00316e0     0x10  DZ5Component.o [1]
  .rodata                 const    0xe00316f0     0x10  DZ5Component.o [1]
  .rodata                 const    0xe0031700     0x10  DZ5Component.o [1]
  .rodata                 const    0xe0031710     0x10  DZ5Component.o [1]
  .rodata                 const    0xe0031720     0x10  DZ5Component.o [1]
  .rodata                 const    0xe0031730     0x10  DZ5Component.o [1]
  .rodata                 const    0xe0031740     0x10  DZ5Component.o [1]
  .rodata                 const    0xe0031750     0x10  DZ5Component.o [1]
  .rodata                 const    0xe0031760     0x10  DZ5Component.o [1]
  .rodata                 const    0xe0031770     0x10  DZ5Component.o [1]
  .rodata                 const    0xe0031780     0x10  DZ5Component.o [1]
  .rodata                 const    0xe0031790     0x10  DZ5Component.o [1]
  .rodata                 const    0xe00317a0     0x10  DZ5Component.o [1]
  .rodata                 const    0xe00317b0     0x10  MTZ1Component.o [1]
  .rodata                 const    0xe00317c0     0x10  MTZ1Component.o [1]
  .rodata                 const    0xe00317d0     0x10  MTZ1Component.o [1]
  .rodata                 const    0xe00317e0     0x10  MTZ1Component.o [1]
  .rodata                 const    0xe00317f0     0x10  MTZ1Component.o [1]
  .rodata                 const    0xe0031800     0x10  MTZ1Component.o [1]
  .rodata                 const    0xe0031810     0x10  MTZ1Component.o [1]
  .rodata                 const    0xe0031820     0x10  MTZ1Component.o [1]
  .rodata                 const    0xe0031830     0x10  MTZ1Component.o [1]
  .rodata                 const    0xe0031840     0x10  MTZ1Component.o [1]
  .rodata                 const    0xe0031850     0x10  MTZ1Component.o [1]
  .rodata                 const    0xe0031860     0x10  MTZ1Component.o [1]
  .rodata                 const    0xe0031870     0x10  MTZ1Component.o [1]
  .rodata                 const    0xe0031880     0x10  MTZ2Component.o [1]
  .rodata                 const    0xe0031890     0x10  MTZ2Component.o [1]
  .rodata                 const    0xe00318a0     0x10  MTZ2Component.o [1]
  .rodata                 const    0xe00318b0     0x10  MTZ2Component.o [1]
  .rodata                 const    0xe00318c0     0x10  MTZ2Component.o [1]
  .rodata                 const    0xe00318d0     0x10  MTZ2Component.o [1]
  .rodata                 const    0xe00318e0     0x10  MTZ2Component.o [1]
  .rodata                 const    0xe00318f0     0x10  MTZ2Component.o [1]
  .rodata                 const    0xe0031900     0x10  MTZ2Component.o [1]
  .rodata                 const    0xe0031910     0x10  MTZ2Component.o [1]
  .rodata                 const    0xe0031920     0x10  MTZ2Component.o [1]
  .rodata                 const    0xe0031930     0x10  MTZ2Component.o [1]
  .rodata                 const    0xe0031940     0x10  MTZ2Component.o [1]
  .rodata                 const    0xe0031950     0x10  MTZ2Component.o [1]
  .rodata                 const    0xe0031960     0x10  MTZ3Component.o [1]
  .rodata                 const    0xe0031970     0x10  MTZ3Component.o [1]
  .rodata                 const    0xe0031980     0x10  MTZ3Component.o [1]
  .rodata                 const    0xe0031990     0x10  MTZ3Component.o [1]
  .rodata                 const    0xe00319a0     0x10  MTZ3Component.o [1]
  .rodata                 const    0xe00319b0     0x10  MTZ3Component.o [1]
  .rodata                 const    0xe00319c0     0x10  MTZ3Component.o [1]
  .rodata                 const    0xe00319d0     0x10  MTZ3Component.o [1]
  .rodata                 const    0xe00319e0     0x10  MTZ3Component.o [1]
  .rodata                 const    0xe00319f0     0x10  MTZ3Component.o [1]
  .rodata                 const    0xe0031a00     0x10  MTZ3Component.o [1]
  .rodata                 const    0xe0031a10     0x10  MTZ3Component.o [1]
  .rodata                 const    0xe0031a20     0x10  MTZ3Component.o [1]
  .rodata                 const    0xe0031a30     0x10  MTZ3Component.o [1]
  .rodata                 const    0xe0031a40     0x10  MTZ3Component.o [1]
  .rodata                 const    0xe0031a50     0x10  MTZ3Component.o [1]
  .rodata                 const    0xe0031a60     0x10  MTZ4Component.o [1]
  .rodata                 const    0xe0031a70     0x10  MTZ4Component.o [1]
  .rodata                 const    0xe0031a80     0x10  MTZ4Component.o [1]
  .rodata                 const    0xe0031a90     0x10  MTZ4Component.o [1]
  .rodata                 const    0xe0031aa0     0x10  MTZ4Component.o [1]
  .rodata                 const    0xe0031ab0     0x10  MTZ4Component.o [1]
  .rodata                 const    0xe0031ac0     0x10  MTZ4Component.o [1]
  .rodata                 const    0xe0031ad0     0x10  MTZ4Component.o [1]
  .rodata                 const    0xe0031ae0     0x10  MTZ4Component.o [1]
  .rodata                 const    0xe0031af0     0x10  MTZ4Component.o [1]
  .rodata                 const    0xe0031b00     0x10  MTZ4Component.o [1]
  .rodata                 const    0xe0031b10     0x10  MTZ4Component.o [1]
  .rodata                 const    0xe0031b20     0x10  MTZ4Component.o [1]
  .rodata                 const    0xe0031b30     0x10  MTZ4Component.o [1]
  .rodata                 const    0xe0031b40     0x10  MTZ4Component.o [1]
  .rodata                 const    0xe0031b50     0x10  MTZ4Component.o [1]
  .rodata                 const    0xe0031b60     0x10  MTZ5Component.o [1]
  .rodata                 const    0xe0031b70     0x10  MTZ5Component.o [1]
  .rodata                 const    0xe0031b80     0x10  MTZ5Component.o [1]
  .rodata                 const    0xe0031b90     0x10  MTZ5Component.o [1]
  .rodata                 const    0xe0031ba0     0x10  MTZ5Component.o [1]
  .rodata                 const    0xe0031bb0     0x10  MTZ5Component.o [1]
  .rodata                 const    0xe0031bc0     0x10  MTZ5Component.o [1]
  .rodata                 const    0xe0031bd0     0x10  MTZ5Component.o [1]
  .rodata                 const    0xe0031be0     0x10  MTZ5Component.o [1]
  .rodata                 const    0xe0031bf0     0x10  MTZ5Component.o [1]
  .rodata                 const    0xe0031c00     0x10  MTZ5Component.o [1]
  .rodata                 const    0xe0031c10     0x10  MTZ5Component.o [1]
  .rodata                 const    0xe0031c20     0x10  MTZ5Component.o [1]
  .rodata                 const    0xe0031c30     0x10  MTZ5Component.o [1]
  .rodata                 const    0xe0031c40     0x10  MTZ5Component.o [1]
  .rodata                 const    0xe0031c50     0x10  MTZ5Component.o [1]
  .rodata                 const    0xe0031c60     0x10  NZOP1Component.o [1]
  .rodata                 const    0xe0031c70     0x10  NZOP1Component.o [1]
  .rodata                 const    0xe0031c80     0x10  NZOP1Component.o [1]
  .rodata                 const    0xe0031c90     0x10  NZOP1Component.o [1]
  .rodata                 const    0xe0031ca0     0x10  NZOP1Component.o [1]
  .rodata                 const    0xe0031cb0     0x10  NZOP1Component.o [1]
  .rodata                 const    0xe0031cc0     0x10  NZOP1Component.o [1]
  .rodata                 const    0xe0031cd0     0x10  NZOP1Component.o [1]
  .rodata                 const    0xe0031ce0     0x10  NZOP1Component.o [1]
  .rodata                 const    0xe0031cf0     0x10  NZOP2Component.o [1]
  .rodata                 const    0xe0031d00     0x10  NZOP2Component.o [1]
  .rodata                 const    0xe0031d10     0x10  NZOP2Component.o [1]
  .rodata                 const    0xe0031d20     0x10  NZOP2Component.o [1]
  .rodata                 const    0xe0031d30     0x10  NZOP2Component.o [1]
  .rodata                 const    0xe0031d40     0x10  NZOP2Component.o [1]
  .rodata                 const    0xe0031d50     0x10  NZOP2Component.o [1]
  .rodata                 const    0xe0031d60     0x10  NZOP2Component.o [1]
  .rodata                 const    0xe0031d70     0x10  OFComponent.o [1]
  .rodata                 const    0xe0031d80     0x10  OFComponent.o [1]
  .rodata                 const    0xe0031d90     0x10  OFComponent.o [1]
  .rodata                 const    0xe0031da0     0x10  OFComponent.o [1]
  .rodata                 const    0xe0031db0     0x10  OFComponent.o [1]
  .rodata                 const    0xe0031dc0     0x10  OFComponent.o [1]
  .rodata                 const    0xe0031dd0     0x10  OFComponent.o [1]
  .rodata                 const    0xe0031de0     0x10  OFComponent.o [1]
  .rodata                 const    0xe0031df0     0x10  OFComponent.o [1]
  .rodata                 const    0xe0031e00     0x10  OFComponent.o [1]
  .rodata                 const    0xe0031e10     0x10  OFComponent.o [1]
  .rodata                 const    0xe0031e20     0x10  PRM1Component.o [1]
  .rodata                 const    0xe0031e30     0x10  PRM1Component.o [1]
  .rodata                 const    0xe0031e40     0x10  PRM1Component.o [1]
  .rodata                 const    0xe0031e50     0x10  PRM1Component.o [1]
  .rodata                 const    0xe0031e60     0x10  PRM1Component.o [1]
  .rodata                 const    0xe0031e70     0x10  PRM1Component.o [1]
  .rodata                 const    0xe0031e80     0x10  ResetSystemMenu.o [1]
  .rodata                 const    0xe0031e90     0x10  ResetSystemMenu.o [1]
  .rodata                 const    0xe0031ea0     0x10  ResetSystemMenu.o [1]
  .rodata                 const    0xe0031eb0     0x10  ResetSystemMenu.o [1]
  .rodata                 const    0xe0031ec0     0x10  ResetSystemMenu.o [1]
  .rodata                 const    0xe0031ed0     0x10  systemMenu.o [1]
  .rodata                 const    0xe0031ee0     0x10  systemMenu.o [1]
  .rodata                 const    0xe0031ef0     0x10  TZNP1Component.o [1]
  .rodata                 const    0xe0031f00     0x10  TZNP1Component.o [1]
  .rodata                 const    0xe0031f10     0x10  TZNP1Component.o [1]
  .rodata                 const    0xe0031f20     0x10  TZNP1Component.o [1]
  .rodata                 const    0xe0031f30     0x10  TZNP1Component.o [1]
  .rodata                 const    0xe0031f40     0x10  TZNP1Component.o [1]
  .rodata                 const    0xe0031f50     0x10  TZNP1Component.o [1]
  .rodata                 const    0xe0031f60     0x10  TZNP1Component.o [1]
  .rodata                 const    0xe0031f70     0x10  TZNP1Component.o [1]
  .rodata                 const    0xe0031f80     0x10  TZNP1Component.o [1]
  .rodata                 const    0xe0031f90     0x10  TZNP1Component.o [1]
  .rodata                 const    0xe0031fa0     0x10  TZNP1Component.o [1]
  .rodata                 const    0xe0031fb0     0x10  TZNP1Component.o [1]
  .rodata                 const    0xe0031fc0     0x10  TZNP1Component.o [1]
  .rodata                 const    0xe0031fd0     0x10  TZNP1Component.o [1]
  .rodata                 const    0xe0031fe0     0x10  TZNP1Component.o [1]
  .rodata                 const    0xe0031ff0     0x10  TZNP2Component.o [1]
  .rodata                 const    0xe0032000     0x10  TZNP2Component.o [1]
  .rodata                 const    0xe0032010     0x10  TZNP2Component.o [1]
  .rodata                 const    0xe0032020     0x10  TZNP2Component.o [1]
  .rodata                 const    0xe0032030     0x10  TZNP2Component.o [1]
  .rodata                 const    0xe0032040     0x10  TZNP2Component.o [1]
  .rodata                 const    0xe0032050     0x10  TZNP2Component.o [1]
  .rodata                 const    0xe0032060     0x10  TZNP2Component.o [1]
  .rodata                 const    0xe0032070     0x10  TZNP2Component.o [1]
  .rodata                 const    0xe0032080     0x10  TZNP2Component.o [1]
  .rodata                 const    0xe0032090     0x10  TZNP2Component.o [1]
  .rodata                 const    0xe00320a0     0x10  TZNP2Component.o [1]
  .rodata                 const    0xe00320b0     0x10  TZNP2Component.o [1]
  .rodata                 const    0xe00320c0     0x10  TZNP2Component.o [1]
  .rodata                 const    0xe00320d0     0x10  TZNP2Component.o [1]
  .rodata                 const    0xe00320e0     0x10  TZNP2Component.o [1]
  .rodata                 const    0xe00320f0     0x10  TZNP3Component.o [1]
  .rodata                 const    0xe0032100     0x10  TZNP3Component.o [1]
  .rodata                 const    0xe0032110     0x10  TZNP3Component.o [1]
  .rodata                 const    0xe0032120     0x10  TZNP3Component.o [1]
  .rodata                 const    0xe0032130     0x10  TZNP3Component.o [1]
  .rodata                 const    0xe0032140     0x10  TZNP3Component.o [1]
  .rodata                 const    0xe0032150     0x10  TZNP3Component.o [1]
  .rodata                 const    0xe0032160     0x10  TZNP3Component.o [1]
  .rodata                 const    0xe0032170     0x10  TZNP3Component.o [1]
  .rodata                 const    0xe0032180     0x10  TZNP3Component.o [1]
  .rodata                 const    0xe0032190     0x10  TZNP3Component.o [1]
  .rodata                 const    0xe00321a0     0x10  TZNP3Component.o [1]
  .rodata                 const    0xe00321b0     0x10  TZNP3Component.o [1]
  .rodata                 const    0xe00321c0     0x10  TZNP3Component.o [1]
  .rodata                 const    0xe00321d0     0x10  TZNP3Component.o [1]
  .rodata                 const    0xe00321e0     0x10  TZNP3Component.o [1]
  .rodata                 const    0xe00321f0     0x10  TZNP4Component.o [1]
  .rodata                 const    0xe0032200     0x10  TZNP4Component.o [1]
  .rodata                 const    0xe0032210     0x10  TZNP4Component.o [1]
  .rodata                 const    0xe0032220     0x10  TZNP4Component.o [1]
  .rodata                 const    0xe0032230     0x10  TZNP4Component.o [1]
  .rodata                 const    0xe0032240     0x10  TZNP4Component.o [1]
  .rodata                 const    0xe0032250     0x10  TZNP4Component.o [1]
  .rodata                 const    0xe0032260     0x10  TZNP4Component.o [1]
  .rodata                 const    0xe0032270     0x10  TZNP4Component.o [1]
  .rodata                 const    0xe0032280     0x10  TZNP4Component.o [1]
  .rodata                 const    0xe0032290     0x10  TZNP4Component.o [1]
  .rodata                 const    0xe00322a0     0x10  TZNP4Component.o [1]
  .rodata                 const    0xe00322b0     0x10  TZNP4Component.o [1]
  .rodata                 const    0xe00322c0     0x10  TZNP4Component.o [1]
  .rodata                 const    0xe00322d0     0x10  TZNP4Component.o [1]
  .rodata                 const    0xe00322e0     0x10  TZNP4Component.o [1]
  .rodata                 const    0xe00322f0     0x10  TZNP5Component.o [1]
  .rodata                 const    0xe0032300     0x10  TZNP5Component.o [1]
  .rodata                 const    0xe0032310     0x10  TZNP5Component.o [1]
  .rodata                 const    0xe0032320     0x10  TZNP5Component.o [1]
  .rodata                 const    0xe0032330     0x10  TZNP5Component.o [1]
  .rodata                 const    0xe0032340     0x10  TZNP5Component.o [1]
  .rodata                 const    0xe0032350     0x10  TZNP5Component.o [1]
  .rodata                 const    0xe0032360     0x10  TZNP5Component.o [1]
  .rodata                 const    0xe0032370     0x10  TZNP5Component.o [1]
  .rodata                 const    0xe0032380     0x10  TZNP5Component.o [1]
  .rodata                 const    0xe0032390     0x10  TZNP5Component.o [1]
  .rodata                 const    0xe00323a0     0x10  TZNP5Component.o [1]
  .rodata                 const    0xe00323b0     0x10  TZNP5Component.o [1]
  .rodata                 const    0xe00323c0     0x10  TZNP5Component.o [1]
  .rodata                 const    0xe00323d0     0x10  TZNP5Component.o [1]
  .rodata                 const    0xe00323e0     0x10  TZNP5Component.o [1]
  .rodata                 const    0xe00323f0     0x10  UMMComponent.o [1]
  .rodata                 const    0xe0032400     0x10  UMMComponent.o [1]
  .rodata                 const    0xe0032410     0x10  UMMComponent.o [1]
  .rodata                 const    0xe0032420     0x10  UMMComponent.o [1]
  .rodata                 const    0xe0032430     0x10  UMMComponent.o [1]
  .rodata                 const    0xe0032440     0x10  UMMComponent.o [1]
  .rodata                 const    0xe0032450     0x10  UMMComponent.o [1]
  .rodata                 const    0xe0032460     0x10  UMMComponent.o [1]
  .rodata                 const    0xe0032470     0x10  UMMComponent.o [1]
  .rodata                 const    0xe0032480     0x10  UMMComponent.o [1]
  .rodata                 const    0xe0032490     0x10  UMMComponent.o [1]
  .rodata                 const    0xe00324a0     0x10  UROVComponent.o [1]
  .rodata                 const    0xe00324b0     0x10  UROVComponent.o [1]
  .rodata                 const    0xe00324c0     0x10  UROVComponent.o [1]
  .rodata                 const    0xe00324d0     0x10  UROVComponent.o [1]
  .rodata                 const    0xe00324e0     0x10  UROVComponent.o [1]
  .rodata                 const    0xe00324f0     0x10  UROVComponent.o [1]
  .rodata                 const    0xe0032500     0x10  UROVComponent.o [1]
  .rodata                 const    0xe0032510     0x10  ViewMenuWideLog.o [1]
  .rodata                 const    0xe0032520     0x10  ViewRepozitWL.o [1]
  .rodata                 const    0xe0032530     0x10  WLComponent.o [1]
  .rodata                 const    0xe0032540     0x10  WLComponent.o [1]
  .rodata                 const    0xe0032550     0x10  WLComponent.o [1]
  .rodata                 const    0xe0032560     0x10  WLComponent.o [1]
  .rodata                 const    0xe0032570     0x10  WLComponent.o [1]
  .rodata                 const    0xe0032580      0xc  AppCn.o [1]
  .rodata                 const    0xe003258c      0xc  AppCn.o [1]
  .rodata                 const    0xe0032598      0xc  APVComponent.o [1]
  .rodata                 const    0xe00325a4      0xc  APVComponent.o [1]
  .rodata                 const    0xe00325b0      0xc  APVComponent.o [1]
  .rodata                 const    0xe00325bc      0xc  APVComponent.o [1]
  .rodata                 const    0xe00325c8      0xc  APVComponent.o [1]
  .rodata                 const    0xe00325d4      0xc  APVComponent.o [1]
  .rodata                 const    0xe00325e0      0xc  APVComponent.o [1]
  .rodata                 const    0xe00325ec      0xc  APVComponent.o [1]
  .rodata                 const    0xe00325f8      0xc  APVComponent.o [1]
  .rodata                 const    0xe0032604      0xc  APVComponent.o [1]
  .rodata                 const    0xe0032610      0xc  APVComponent.o [1]
  .rodata                 const    0xe003261c      0xc  APVComponent.o [1]
  .rodata                 const    0xe0032628      0xc  APVComponent.o [1]
  .rodata                 const    0xe0032634      0xc  APVComponent.o [1]
  .rodata                 const    0xe0032640      0xc  APVComponent.o [1]
  .rodata                 const    0xe003264c      0xc  DZ1Component.o [1]
  .rodata                 const    0xe0032658      0xc  DZ1Component.o [1]
  .rodata                 const    0xe0032664      0xc  DZ1Component.o [1]
  .rodata                 const    0xe0032670      0xc  DZ1Component.o [1]
  .rodata                 const    0xe003267c      0xc  DZ2Component.o [1]
  .rodata                 const    0xe0032688      0xc  DZ2Component.o [1]
  .rodata                 const    0xe0032694      0xc  DZ3Component.o [1]
  .rodata                 const    0xe00326a0      0xc  DZ3Component.o [1]
  .rodata                 const    0xe00326ac      0xc  DZ3Component.o [1]
  .rodata                 const    0xe00326b8      0xc  DZ3Component.o [1]
  .rodata                 const    0xe00326c4      0xc  DZ3Component.o [1]
  .rodata                 const    0xe00326d0      0xc  DZ4Component.o [1]
  .rodata                 const    0xe00326dc      0xc  DZ4Component.o [1]
  .rodata                 const    0xe00326e8      0xc  DZ4Component.o [1]
  .rodata                 const    0xe00326f4      0xc  DZ4Component.o [1]
  .rodata                 const    0xe0032700      0xc  DZ4Component.o [1]
  .rodata                 const    0xe003270c      0xc  DZ5Component.o [1]
  .rodata                 const    0xe0032718      0xc  DZ5Component.o [1]
  .rodata                 const    0xe0032724      0xc  DZ5Component.o [1]
  .rodata                 const    0xe0032730      0xc  DZ5Component.o [1]
  .rodata                 const    0xe003273c      0xc  DZ5Component.o [1]
  .rodata                 const    0xe0032748      0xc  missionCollectionEEPROM1.o [1]
  .rodata                 const    0xe0032754      0xc  MTZ1Component.o [1]
  .rodata                 const    0xe0032760      0xc  MTZ1Component.o [1]
  .rodata                 const    0xe003276c      0xc  MTZ1Component.o [1]
  .rodata                 const    0xe0032778      0xc  MTZ1Component.o [1]
  .rodata                 const    0xe0032784      0xc  MTZ1Component.o [1]
  .rodata                 const    0xe0032790      0xc  MTZ1Component.o [1]
  .rodata                 const    0xe003279c      0xc  MTZ1Component.o [1]
  .rodata                 const    0xe00327a8      0xc  MTZ1Component.o [1]
  .rodata                 const    0xe00327b4      0xc  MTZ2Component.o [1]
  .rodata                 const    0xe00327c0      0xc  MTZ2Component.o [1]
  .rodata                 const    0xe00327cc      0xc  MTZ2Component.o [1]
  .rodata                 const    0xe00327d8      0xc  MTZ2Component.o [1]
  .rodata                 const    0xe00327e4      0xc  MTZ2Component.o [1]
  .rodata                 const    0xe00327f0      0xc  MTZ2Component.o [1]
  .rodata                 const    0xe00327fc      0xc  MTZ2Component.o [1]
  .rodata                 const    0xe0032808      0xc  MTZ3Component.o [1]
  .rodata                 const    0xe0032814      0xc  MTZ3Component.o [1]
  .rodata                 const    0xe0032820      0xc  MTZ3Component.o [1]
  .rodata                 const    0xe003282c      0xc  MTZ3Component.o [1]
  .rodata                 const    0xe0032838      0xc  MTZ3Component.o [1]
  .rodata                 const    0xe0032844      0xc  MTZ3Component.o [1]
  .rodata                 const    0xe0032850      0xc  MTZ3Component.o [1]
  .rodata                 const    0xe003285c      0xc  MTZ4Component.o [1]
  .rodata                 const    0xe0032868      0xc  MTZ4Component.o [1]
  .rodata                 const    0xe0032874      0xc  MTZ4Component.o [1]
  .rodata                 const    0xe0032880      0xc  MTZ4Component.o [1]
  .rodata                 const    0xe003288c      0xc  MTZ4Component.o [1]
  .rodata                 const    0xe0032898      0xc  MTZ4Component.o [1]
  .rodata                 const    0xe00328a4      0xc  MTZ4Component.o [1]
  .rodata                 const    0xe00328b0      0xc  MTZ5Component.o [1]
  .rodata                 const    0xe00328bc      0xc  MTZ5Component.o [1]
  .rodata                 const    0xe00328c8      0xc  MTZ5Component.o [1]
  .rodata                 const    0xe00328d4      0xc  MTZ5Component.o [1]
  .rodata                 const    0xe00328e0      0xc  MTZ5Component.o [1]
  .rodata                 const    0xe00328ec      0xc  MTZ5Component.o [1]
  .rodata                 const    0xe00328f8      0xc  MTZ5Component.o [1]
  .rodata                 const    0xe0032904      0xc  NZOP1Component.o [1]
  .rodata                 const    0xe0032910      0xc  NZOP1Component.o [1]
  .rodata                 const    0xe003291c      0xc  NZOP2Component.o [1]
  .rodata                 const    0xe0032928      0xc  NZOP2Component.o [1]
  .rodata                 const    0xe0032934      0xc  NZOP2Component.o [1]
  .rodata                 const    0xe0032940      0xc  OFComponent.o [1]
  .rodata                 const    0xe003294c      0xc  PFComponent.o [1]
  .rodata                 const    0xe0032958      0xc  PFComponent.o [1]
  .rodata                 const    0xe0032964      0xc  PFComponent.o [1]
  .rodata                 const    0xe0032970      0xc  PFComponent.o [1]
  .rodata                 const    0xe003297c      0xc  PFComponent.o [1]
  .rodata                 const    0xe0032988      0xc  PFComponent.o [1]
  .rodata                 const    0xe0032994      0xc  PFComponent.o [1]
  .rodata                 const    0xe00329a0      0xc  PFComponent.o [1]
  .rodata                 const    0xe00329ac      0xc  PFComponent.o [1]
  .rodata                 const    0xe00329b8      0xc  PFComponent.o [1]
  .rodata                 const    0xe00329c4      0xc  PFComponent.o [1]
  .rodata                 const    0xe00329d0      0xc  PFComponent.o [1]
  .rodata                 const    0xe00329dc      0xc  PFComponent.o [1]
  .rodata                 const    0xe00329e8      0xc  PFComponent.o [1]
  .rodata                 const    0xe00329f4      0xc  PFComponent.o [1]
  .rodata                 const    0xe0032a00      0xc  PFComponent.o [1]
  .rodata                 const    0xe0032a0c      0xc  PRM1Component.o [1]
  .rodata                 const    0xe0032a18      0xc  PRM1Component.o [1]
  .rodata                 const    0xe0032a24      0xc  PRM1Component.o [1]
  .rodata                 const    0xe0032a30      0xc  PRM1Component.o [1]
  .rodata                 const    0xe0032a3c      0xc  PRM1Component.o [1]
  .rodata                 const    0xe0032a48      0xc  PRM1Component.o [1]
  .rodata                 const    0xe0032a54      0xc  PRM1Component.o [1]
  .rodata                 const    0xe0032a60      0xc  PRM1Component.o [1]
  .rodata                 const    0xe0032a6c      0xc  PRM1Component.o [1]
  .rodata                 const    0xe0032a78      0xc  PRM1Component.o [1]
  .rodata                 const    0xe0032a84      0xc  PRM1Component.o [1]
  .rodata                 const    0xe0032a90      0xc  PRM1Component.o [1]
  .rodata                 const    0xe0032a9c      0xc  ResetSystemMenu.o [1]
  .rodata                 const    0xe0032aa8      0xc  ResetSystemMenu.o [1]
  .rodata                 const    0xe0032ab4      0xc  ResetSystemMenu.o [1]
  .rodata                 const    0xe0032ac0      0xc  ResetSystemMenu.o [1]
  .rodata                 const    0xe0032acc      0xc  ResetSystemMenu.o [1]
  .rodata                 const    0xe0032ad8      0xc  ResetSystemMenu.o [1]
  .rodata                 const    0xe0032ae4      0xc  ResetSystemMenu.o [1]
  .rodata                 const    0xe0032af0      0xc  ResetSystemMenu.o [1]
  .rodata                 const    0xe0032afc      0xc  ResetSystemMenu.o [1]
  .rodata                 const    0xe0032b08      0xc  ResetSystemMenu.o [1]
  .rodata                 const    0xe0032b14      0xc  ResetSystemMenu.o [1]
  .rodata                 const    0xe0032b20      0xc  ResetSystemMenu.o [1]
  .rodata                 const    0xe0032b2c      0xc  ResetSystemMenu.o [1]
  .rodata                 const    0xe0032b38      0xc  ResetSystemMenu.o [1]
  .rodata                 const    0xe0032b44      0xc  systemMenu.o [1]
  .rodata                 const    0xe0032b50      0xc  systemMenu.o [1]
  .rodata                 const    0xe0032b5c      0xc  TZNP1Component.o [1]
  .rodata                 const    0xe0032b68      0xc  TZNP2Component.o [1]
  .rodata                 const    0xe0032b74      0xc  TZNP3Component.o [1]
  .rodata                 const    0xe0032b80      0xc  TZNP4Component.o [1]
  .rodata                 const    0xe0032b8c      0xc  TZNP5Component.o [1]
  .rodata                 const    0xe0032b98      0xc  UMMComponent.o [1]
  .rodata                 const    0xe0032ba4      0xc  UMMComponent.o [1]
  .rodata                 const    0xe0032bb0      0xc  UMMComponent.o [1]
  .rodata                 const    0xe0032bbc      0xc  UMMComponent.o [1]
  .rodata                 const    0xe0032bc8      0xc  UMMComponent.o [1]
  .rodata                 const    0xe0032bd4      0xc  UMMComponent.o [1]
  .rodata                 const    0xe0032be0      0xc  UMMComponent.o [1]
  .rodata                 const    0xe0032bec      0xc  UMMComponent.o [1]
  .rodata                 const    0xe0032bf8      0xc  UMMComponent.o [1]
  .rodata                 const    0xe0032c04      0xc  UMMComponent.o [1]
  .rodata                 const    0xe0032c10      0xc  UMMComponent.o [1]
  .rodata                 const    0xe0032c1c      0xc  UMMComponent.o [1]
  .rodata                 const    0xe0032c28      0xc  UMMComponent.o [1]
  .rodata                 const    0xe0032c34      0xc  UMMComponent.o [1]
  .rodata                 const    0xe0032c40      0xc  UMMComponent.o [1]
  .rodata                 const    0xe0032c4c      0xc  UMMComponent.o [1]
  .rodata                 const    0xe0032c58      0xc  UMMComponent.o [1]
  .rodata                 const    0xe0032c64      0xc  UROVComponent.o [1]
  .rodata                 const    0xe0032c70      0xc  UROVComponent.o [1]
  .rodata                 const    0xe0032c7c      0xc  UROVComponent.o [1]
  .rodata                 const    0xe0032c88      0xc  UROVComponent.o [1]
  .rodata                 const    0xe0032c94      0xc  ViewMenuReg.o [1]
  .rodata                 const    0xe0032ca0      0xc  ViewMenuReg.o [1]
  .rodata                 const    0xe0032cac      0xc  ViewMenuWideLog.o [1]
  .rodata                 const    0xe0032cb8      0xc  ViewRepozit.o [1]
  .rodata                 const    0xe0032cc8      0x8  AppCn.o [1]
  .rodata                 const    0xe0032cd0      0x8  AppCn.o [1]
  .rodata                 const    0xe0032cd8      0x8  AppCn.o [1]
  .rodata                 const    0xe0032ce0      0x8  APVComponent.o [1]
  .rodata                 const    0xe0032ce8      0x8  APVComponent.o [1]
  .rodata                 const    0xe0032cf0      0x8  APVComponent.o [1]
  .rodata                 const    0xe0032cf8      0x8  APVComponent.o [1]
  .rodata                 const    0xe0032d00      0x8  APVComponent.o [1]
  .rodata                 const    0xe0032d08      0x8  DZ1Component.o [1]
  .rodata                 const    0xe0032d10      0x8  DZ3Component.o [1]
  .rodata                 const    0xe0032d18      0x8  DZ4Component.o [1]
  .rodata                 const    0xe0032d20      0x8  DZ5Component.o [1]
  .rodata                 const    0xe0032d28      0x8  MTZ1Component.o [1]
  .rodata                 const    0xe0032d30      0x8  MTZ1Component.o [1]
  .rodata                 const    0xe0032d38      0x8  MTZPacket.o [1]
  .rodata                 const    0xe0032d40      0x8  NZOP1Component.o [1]
  .rodata                 const    0xe0032d48      0x8  NZOPPacket.o [1]
  .rodata                 const    0xe0032d50      0x8  NZOPPacket.o [1]
  .rodata                 const    0xe0032d58      0x8  OFComponent.o [1]
  .rodata                 const    0xe0032d60      0x8  PRM1Component.o [1]
  .rodata                 const    0xe0032d68      0x8  PRM1Component.o [1]
  .rodata                 const    0xe0032d70      0x8  ResetSystemMenu.o [1]
  .rodata                 const    0xe0032d78      0x8  ResetSystemMenu.o [1]
  .rodata                 const    0xe0032d80      0x8  ResetSystemMenu.o [1]
  .rodata                 const    0xe0032d88      0x8  ResetSystemMenu.o [1]
  .rodata                 const    0xe0032d90      0x8  ResetSystemMenu.o [1]
  .rodata                 const    0xe0032d98      0x8  ResetSystemMenu.o [1]
  .rodata                 const    0xe0032da0      0x8  ResetSystemMenu.o [1]
  .rodata                 const    0xe0032da8      0x8  ResetSystemMenu.o [1]
  .rodata                 const    0xe0032db0      0x8  ResetSystemMenu.o [1]
  .rodata                 const    0xe0032db8      0x8  ResetSystemMenu.o [1]
  .rodata                 const    0xe0032dc0      0x8  ResetSystemMenu.o [1]
  .rodata                 const    0xe0032dc8      0x8  ResetSystemMenu.o [1]
  .rodata                 const    0xe0032dd0      0x8  ResetSystemMenu.o [1]
  .rodata                 const    0xe0032dd8      0x8  systemMenu.o [1]
  .rodata                 const    0xe0032de0      0x8  systemMenu.o [1]
  .rodata                 const    0xe0032de8      0x8  systemMenu.o [1]
  .rodata                 const    0xe0032df0      0x8  TZNP1Component.o [1]
  .rodata                 const    0xe0032df8      0x8  TZNPPacket.o [1]
  .rodata                 const    0xe0032e00      0x8  TZNPPacket.o [1]
  .rodata                 const    0xe0032e08      0x8  UMMComponent.o [1]
  .rodata                 const    0xe0032e10      0x8  UROVComponent.o [1]
  .rodata                 const    0xe0032e18      0x8  ViewMenuRang.o [1]
  .rodata                 const    0xe0032e20      0x8  ViewMenuRang.o [1]
  .rodata                 const    0xe0032e28      0x8  ViewMenuReg.o [1]
  .rodata                 const    0xe0032e30      0x8  ViewMenuWideLog.o [1]
  .rodata                 const    0xe0032e38      0x8  WLComponent.o [1]
  .text                   ro code  0xe0032e40      0x8  ABImemclr4.o [5]
  .rodata                 const    0xe0032e48      0x4  DZPacket.o [1]
  .rodata                 const    0xe0032e4c      0x4  lpcAV1_timer_driver.o [1]
  .rodata                 const    0xe0032e50      0x4  MTZPacket.o [1]
  .rodata                 const    0xe0032e54      0x4  WLComponent.o [1]
  .rodata                 const    0xe0032e58      0x0  zero_init3.o [5]
  .rodata                 const    0xe0032e58      0x0  lz77_init.o [5]
  Initializer bytes       const    0xe0032e58    0xfc9  <for P5 s0>
  Initializer bytes       const    0xe0033e21   0x76af  <for P3 s1>
  Initializer bytes       const    0xe003b4d0    0x35f  <for P4 s2>
                                 - 0xe003b82f  0x3b72b

"A3":                                              0x2
  .checksum               const    0xe01ffffe      0x2  Place holder __checksum
                                 - 0xe0200000      0x2

"P3":                                           0xf990
  P3 s1                            0xe1000000   0xf990  <Init block>
    Fast_function         inited   0xe1000000   0x515c  toSpeedOptim.o [1]
    Fast_function         inited   0xe100515c   0x119c  CTpu.o [1]
    Fast_function         inited   0xe10062f8   0x1030  translateI.o [1]
    Fast_function         inited   0xe1007328    0xdcc  logicDZ2to5.o [1]
    Fast_function         inited   0xe10080f4    0xabc  toSpeedZonaVRT.o [1]
    Fast_function         inited   0xe1008bb0    0x30c  FLogTimer.o [1]
    Fast_function         inited   0xe1008ebc    0x748  logictimers.o [1]
    Fast_function         inited   0xe1009604    0x31c  ILogTimer.o [1]
[...]
resistance_fA0X4        0xe10ac688     0x8  Data  Gb  SettingIci_data.o [1]
resistance_fA0X5        0xe10ac6b8     0x8  Data  Gb  SettingIci_data.o [1]
resistance_fA0Y1        0xe10ac600     0x8  Data  Gb  SettingIci_data.o [1]
resistance_fA0Y2        0xe10ac630     0x8  Data  Gb  SettingIci_data.o [1]
resistance_fA0Y3        0xe10ac660     0x8  Data  Gb  SettingIci_data.o [1]
resistance_fA0Y4        0xe10ac690     0x8  Data  Gb  SettingIci_data.o [1]
resistance_fA0Y5        0xe10ac6c0     0x8  Data  Gb  SettingIci_data.o [1]
resistance_fAMX         0xe10ac6e8     0x8  Data  Gb  SettingIci_data.o [1]
resistance_fAMY         0xe10ac6f0     0x8  Data  Gb  SettingIci_data.o [1]
resistance_fB0X1        0xe10ac608     0x8  Data  Gb  SettingIci_data.o [1]
resistance_fB0X2        0xe10ac638     0x8  Data  Gb  SettingIci_data.o [1]
resistance_fB0X3        0xe10ac668     0x8  Data  Gb  SettingIci_data.o [1]
resistance_fB0X4        0xe10ac698     0x8  Data  Gb  SettingIci_data.o [1]
resistance_fB0X5        0xe10ac6c8     0x8  Data  Gb  SettingIci_data.o [1]
resistance_fB0Y1        0xe10ac610     0x8  Data  Gb  SettingIci_data.o [1]
resistance_fB0Y2        0xe10ac640     0x8  Data  Gb  SettingIci_data.o [1]
resistance_fB0Y3        0xe10ac670     0x8  Data  Gb  SettingIci_data.o [1]
resistance_fB0Y4        0xe10ac6a0     0x8  Data  Gb  SettingIci_data.o [1]
resistance_fB0Y5        0xe10ac6d0     0x8  Data  Gb  SettingIci_data.o [1]
resistance_fBMX         0xe10ac6f8     0x8  Data  Gb  SettingIci_data.o [1]
resistance_fBMY         0xe10ac700     0x8  Data  Gb  SettingIci_data.o [1]
resistance_fC0X1        0xe10ac618     0x8  Data  Gb  SettingIci_data.o [1]
resistance_fC0X2        0xe10ac648     0x8  Data  Gb  SettingIci_data.o [1]
resistance_fC0X3        0xe10ac678     0x8  Data  Gb  SettingIci_data.o [1]
resistance_fC0X4        0xe10ac6a8     0x8  Data  Gb  SettingIci_data.o [1]
resistance_fC0X5        0xe10ac6d8     0x8  Data  Gb  SettingIci_data.o [1]
resistance_fC0Y1        0xe10ac620     0x8  Data  Gb  SettingIci_data.o [1]
resistance_fC0Y2        0xe10ac650     0x8  Data  Gb  SettingIci_data.o [1]
resistance_fC0Y3        0xe10ac680     0x8  Data  Gb  SettingIci_data.o [1]
resistance_fC0Y4        0xe10ac6b0     0x8  Data  Gb  SettingIci_data.o [1]
resistance_fC0Y5        0xe10ac6e0     0x8  Data  Gb  SettingIci_data.o [1]
resistance_fCMX         0xe10ac708     0x8  Data  Gb  SettingIci_data.o [1]
resistance_fCMY         0xe10ac710     0x8  Data  Gb  SettingIci_data.o [1]
restore_partial_VFP_state
                        0xe00132dc          Code  Gb  partial_vfp.o [1]
resurs_diagnostica      0xe10ac868     0x4  Data  Gb  main.o [1]
rpzCOMPONENT            0xe1082820   0x210  Data  Gb  ViewRepozit.o [1]
rpzCOMPONENT_WL         0xe1083200    0x84  Data  Gb  ViewRepozitWL.o [1]
rpzcomponent_obj        0xe10ab958    0x90  Data  Gb  ViewRepozit.o [1]
samples_data_rdy        0xe10ac818     0x4  Data  Gb  ici_api.o [1]
savePARAMtoEEPROM       0xe001a528    0x78  Code  Gb  ustavkitoEEPROM.o [1]
save_partial_VFP_state  0xe00132cc          Code  Gb  partial_vfp.o [1]
sectorMTZ_IA_N          0xe10aca1c     0x4  Data  Gb  SettingIci_data.o [1]
sectorMTZ_IA_V          0xe10aca18     0x4  Data  Gb  SettingIci_data.o [1]
sectorMTZ_IB_N          0xe10aca24     0x4  Data  Gb  SettingIci_data.o [1]
sectorMTZ_IB_V          0xe10aca20     0x4  Data  Gb  SettingIci_data.o [1]
sectorMTZ_IC_N          0xe10aca2c     0x4  Data  Gb  SettingIci_data.o [1]
sectorMTZ_IC_V          0xe10aca28     0x4  Data  Gb  SettingIci_data.o [1]
sectorNZOP1_N           0xe10aca48     0x4  Data  Gb  SettingIci_data.o [1]
sectorNZOP1_V           0xe10aca44     0x4  Data  Gb  SettingIci_data.o [1]
sectorNZOP2_N           0xe10aca50     0x4  Data  Gb  SettingIci_data.o [1]
sectorNZOP2_V           0xe10aca4c     0x4  Data  Gb  SettingIci_data.o [1]
sectorTZNP1             0xe10aca30     0x4  Data  Gb  SettingIci_data.o [1]
sectorTZNP2             0xe10aca34     0x4  Data  Gb  SettingIci_data.o [1]
sectorTZNP3             0xe10aca38     0x4  Data  Gb  SettingIci_data.o [1]
sectorTZNP4             0xe10aca3c     0x4  Data  Gb  SettingIci_data.o [1]
sectorTZNP5             0xe10aca40     0x4  Data  Gb  SettingIci_data.o [1]
selectorDVHi            0xe10ac978     0x4  Data  Gb  periodOperations.o [1]
selectorDVLow           0xe10ac970     0x4  Data  Gb  periodOperations.o [1]
selectorDVMidd          0xe10ac974     0x4  Data  Gb  periodOperations.o [1]
selectorUVVHi           0xe10acac0     0x4  Data  Gb  ViewMenuRang.o [1]
selectorUVVLow          0xe10acab8     0x4  Data  Gb  ViewMenuRang.o [1]
selectorUVVMidd         0xe10acabc     0x4  Data  Gb  ViewMenuRang.o [1]
selectorUprStrAPV       0xe00252c4    0x3c  Code  Gb  APVComponent.o [1]
selectorUprStrDV        0xe0020794    0x3c  Code  Gb  PRM1Component.o [1]
selectorUprStrDZ1       0xe0027948    0x3c  Code  Gb  DZ1Component.o [1]
selectorUprStrDZ2       0xe0022c40    0x3c  Code  Gb  DZ2Component.o [1]
selectorUprStrMTZ1      0xe0026e8c    0x3c  Code  Gb  MTZ1Component.o [1]
selectorUprStrMTZ2      0xe0025f40    0x3c  Code  Gb  MTZ2Component.o [1]
selectorUprStrNZOP1     0xe0029ea8    0xc4  Code  Gb  NZOP1Component.o [1]
selectorUprStrOF        0xe00218b0    0x3c  Code  Gb  OFComponent.o [1]
selectorUprStrPRM1      0xe0020758    0x3c  Code  Gb  PRM1Component.o [1]
selectorUprStrRELE      0xe00207d0    0x3c  Code  Gb  PRM1Component.o [1]
selectorUprStrTZNP1     0xe0029328    0x3c  Code  Gb  TZNP1Component.o [1]
selectorUprStrTZNP2     0xe002cc1c    0x3c  Code  Gb  TZNP2Component.o [1]
selectorUprStrUMM       0xe002a914    0xd0  Code  Gb  UMMComponent.o [1]
selectorUprStrUROV      0xe002b46c    0x3c  Code  Gb  UROVComponent.o [1]
send_cb_spi1            0xe100b29c   0x10c  Code  Gb  ssp1L.o [1]
send_cb_ssp_Dma         0xe0010db4    0x74  Code  Gb  ssp1.o [1]
setCRCMassiv            0xe0008df0    0x34  Code  Gb  psvisor_help.o [1]
setClonMngUSTAVKI       0xe000b0d4   0x100  Code  Gb  ustmanager.o [1]
setTimerENABLE          0xe1009560    0x14  Code  Gb  logictimers.o [1]
setTimerENABLE_WL       0xe1009588    0x14  Code  Gb  logictimers.o [1]
setTimerPorog           0xe1009574    0x14  Code  Gb  logictimers.o [1]
setTimerPorog_WL        0xe100959c    0x14  Code  Gb  logictimers.o [1]
shCtrTrLpduSpiTeleMechs
                        0xe10acada     0x2  Data  Gb  lpu.o [1]
speed_angle_APV         0xe10aca54     0x4  Data  Gb  SettingIci_data.o [1]
spi1_rxbuff             0xe10ff320   0x320  Data  Lc  ssp1L.o [1]
spi1_rxfill             0xe10aca80     0x4  Data  Gb  ssp1L.o [1]
spi1_rxget              0xe10aca78     0x4  Data  Gb  ssp1L.o [1]
spi1_rxsize             0xe10aca70     0x4  Data  Gb  ssp1L.o [1]
spi1_txbuff             0xe10ff000   0x320  Data  Lc  ssp1L.o [1]
spi1_txfill             0xe10aca74     0x4  Data  Gb  ssp1L.o [1]
spi1_txget              0xe10aca7c     0x4  Data  Gb  ssp1L.o [1]
spi1_txsize             0xe10aca6c     0x4  Data  Gb  ssp1L.o [1]
splitUgolSVRT           0xe0004e3c    0x34  Code  Gb  isNewZonaMethodVRT.o [1]
sprintf                 0xe000ccc4    0x58  Code  Gb  sprintf.o [3]
spvUSTAVKI              0xe10a52cc   0x708  Data  Gb  psupervisor.o [1]
sqrt                    0xe0006368          Code  Gb  sqrt.o [4]
sqrtl                   0xe0006368          Code  Gb  sqrt.o [4]
ssp1_hdr_init           0xe0010c74   0x140  Code  Gb  ssp1.o [1]
ssp1_regptr             0xe10ac870     0x4  Data  Gb  main.o [1]
sspclks                 0xe00303e2     0x2  Data  Lc  lpcAV1_ssp_driver.o [1]
sspdev0                 0xe10aca68     0x4  Data  Gb  ssp1L.o [1]
sspdrv                  0xe10ac098    0x30  Data  Lc  lpcAV1_ssp_driver.o [1]
start_settings          0xe000a424    0x80  Code  Gb  main.o [1]
strcat                  0xe000cd1c    0x30  Code  Gb  strcat.o [3]
strchr                  0xe0012f20          Code  Gb  strchr.o [5]
strcpy                  0xe000cc5c          Code  Gb  strcpy.o [5]
stringList              0xe10a59d4   0x600  Data  Gb  main.o [1]
strlen                  0xe00037e4          Code  Gb  strlen.o [5]
strncpy                 0xe0003838          Code  Gb  strncpy.o [5]
struct_maskaOTAPVUROVOFcmd
                        0xe10a4370   0x780  Data  Gb  toSpeedDIS.o [1]
sub_menu_DZ             0xe1083734    0x6c  Data  Gb  DZPacket.o [1]
sub_menu_MTZ            0xe10837a0    0x6c  Data  Gb  MTZPacket.o [1]
sub_menu_NZOP           0xe1084dc4    0x48  Data  Gb  NZOPPacket.o [1]
sub_menu_TZNP           0xe1083878    0x6c  Data  Gb  TZNPPacket.o [1]
sub_menu_act            0xe1085910    0x18  Data  Gb  ResetSystemMenu.o [1]
sub_menu_apv            0xe1085940    0x18  Data  Gb  ResetSystemMenu.o [1]
sub_menu_cdi            0xe10856c8    0x24  Data  Gb  ResetSystemMenu.o [1]
sub_menu_cnf            0xe1082328   0x27c  Data  Gb  ResetSystemMenu.o [1]
sub_menu_cnfwl          0xe1082e1c    0x9c  Data  Gb  ResetSystemMenu.o [1]
sub_menu_cntr           0xe1084e9c    0x48  Data  Gb  ResetSystemMenu.o [1]
sub_menu_comp_APV       0xe1083a18    0x60  Data  Gb  APVComponent.o [1]
sub_menu_comp_DZ1       0xe1083a78    0x60  Data  Gb  DZ1Component.o [1]
sub_menu_comp_DZ2       0xe1083ad8    0x60  Data  Gb  DZ2Component.o [1]
sub_menu_comp_DZ3       0xe1083b38    0x60  Data  Gb  DZ3Component.o [1]
sub_menu_comp_DZ4       0xe1083b98    0x60  Data  Gb  DZ4Component.o [1]
sub_menu_comp_DZ5       0xe1083c58    0x60  Data  Gb  DZ5Component.o [1]
sub_menu_comp_MTZ1      0xe1083d18    0x60  Data  Gb  MTZ1Component.o [1]
sub_menu_comp_MTZ2      0xe1083dd8    0x60  Data  Gb  MTZ2Component.o [1]
sub_menu_comp_MTZ3      0xe1083e98    0x60  Data  Gb  MTZ3Component.o [1]
sub_menu_comp_MTZ4      0xe1083f58    0x60  Data  Gb  MTZ4Component.o [1]
sub_menu_comp_MTZ5      0xe1084018    0x60  Data  Gb  MTZ5Component.o [1]
sub_menu_comp_NZOP1     0xe10840d8    0x60  Data  Gb  NZOP1Component.o [1]
sub_menu_comp_NZOP2     0xe1084138    0x60  Data  Gb  NZOP2Component.o [1]
sub_menu_comp_OF        0xe1084198    0x60  Data  Gb  OFComponent.o [1]
sub_menu_comp_PF        0xe10841f8    0x60  Data  Gb  PFComponent.o [1]
sub_menu_comp_PRM1      0xe1084258    0x60  Data  Gb  PRM1Component.o [1]
sub_menu_comp_TZNP1     0xe10842b8    0x60  Data  Gb  TZNP1Component.o [1]
sub_menu_comp_TZNP2     0xe1084318    0x60  Data  Gb  TZNP2Component.o [1]
sub_menu_comp_TZNP3     0xe1084378    0x60  Data  Gb  TZNP3Component.o [1]
sub_menu_comp_TZNP4     0xe10843d8    0x60  Data  Gb  TZNP4Component.o [1]
sub_menu_comp_TZNP5     0xe1084438    0x60  Data  Gb  TZNP5Component.o [1]
sub_menu_comp_UMM       0xe1084498    0x60  Data  Gb  UMMComponent.o [1]
sub_menu_comp_UROV      0xe10844f8    0x60  Data  Gb  UROVComponent.o [1]
sub_menu_comp_WL        0xe1084558    0x60  Data  Gb  WLComponent.o [1]
sub_menu_dv             0xe1085680    0x24  Data  Gb  ResetSystemMenu.o [1]
sub_menu_main           0xe1082eb8    0x9c  Data  Gb  ResetSystemMenu.o [1]
sub_menu_p1of           0xe1085970    0x18  Data  Gb  ResetSystemMenu.o [1]
sub_menu_p2of           0xe1085988    0x18  Data  Gb  ResetSystemMenu.o [1]
sub_menu_p3of           0xe10859a0    0x18  Data  Gb  ResetSystemMenu.o [1]
sub_menu_rdis           0xe1085928    0x18  Data  Gb  ResetSystemMenu.o [1]
sub_menu_reg            0xe10858f8    0x18  Data  Gb  ResetSystemMenu.o [1]
sub_menu_rele           0xe10856a4    0x24  Data  Gb  ResetSystemMenu.o [1]
sub_menu_rpz            0xe10825a4   0x27c  Data  Gb  ViewRepozit.o [1]
sub_menu_rpzWL          0xe1082f54    0x9c  Data  Gb  ViewRepozitWL.o [1]
sub_menu_tmp            0xe10859b8    0x18  Data  Gb  ResetSystemMenu.o [1]
sub_menu_upr_compAPV    0xe10848d0    0x54  Data  Gb  APVComponent.o [1]
sub_menu_upr_compCDI    0xe108565c    0x24  Data  Gb  PRM1Component.o [1]
sub_menu_upr_compDV     0xe1085614    0x24  Data  Gb  PRM1Component.o [1]
sub_menu_upr_compDZ1    0xe1085440    0x24  Data  Gb  DZ1Component.o [1]
sub_menu_upr_compDZ3    0xe1085488    0x24  Data  Gb  DZ3Component.o [1]
sub_menu_upr_compDZ4    0xe1083bf8    0x60  Data  Gb  DZ4Component.o [1]
sub_menu_upr_compDZ5    0xe1083cb8    0x60  Data  Gb  DZ5Component.o [1]
sub_menu_upr_compMTZ1   0xe1084a74    0x54  Data  Gb  MTZ1Component.o [1]
sub_menu_upr_compMTZ2   0xe10833f4    0x78  Data  Gb  MTZ2Component.o [1]
sub_menu_upr_compMTZ3   0xe1083074    0x84  Data  Gb  MTZ3Component.o [1]
sub_menu_upr_compMTZ4   0xe10830f8    0x84  Data  Gb  MTZ4Component.o [1]
sub_menu_upr_compMTZ5   0xe108317c    0x84  Data  Gb  MTZ5Component.o [1]
sub_menu_upr_compNZOP1  0xe1084ca4    0x48  Data  Gb  NZOP1Component.o [1]
sub_menu_upr_compNZOP2  0xe1084d7c    0x48  Data  Gb  NZOP2Component.o [1]
sub_menu_upr_compOF     0xe10855cc    0x24  Data  Gb  OFComponent.o [1]
sub_menu_upr_compPRM1   0xe1084fa4    0x3c  Data  Gb  PRM1Component.o [1]
sub_menu_upr_compRELE   0xe1085638    0x24  Data  Gb  PRM1Component.o [1]
sub_menu_upr_compTZNP1  0xe108346c    0x78  Data  Gb  TZNP1Component.o [1]
sub_menu_upr_compTZNP2  0xe10834e4    0x78  Data  Gb  TZNP2Component.o [1]
sub_menu_upr_compTZNP3  0xe108355c    0x78  Data  Gb  TZNP3Component.o [1]
sub_menu_upr_compTZNP4  0xe10835d4    0x78  Data  Gb  TZNP4Component.o [1]
sub_menu_upr_compTZNP5  0xe108364c    0x78  Data  Gb  TZNP5Component.o [1]
sub_menu_upr_compUMM    0xe10857a0    0x24  Data  Gb  UMMComponent.o [1]
sub_menu_upr_compUROV   0xe10852e4    0x30  Data  Gb  UROVComponent.o [1]
sub_menu_upr_compUVV    0xe1084e54    0x48  Data  Gb  PRM1Component.o [1]
sub_menu_urov           0xe1085958    0x18  Data  Gb  ResetSystemMenu.o [1]
sub_menu_ust_compAPV    0xe1083304    0x78  Data  Gb  APVComponent.o [1]
sub_menu_ust_compDZ1    0xe10853f8    0x24  Data  Gb  DZ1Component.o [1]
sub_menu_ust_compDZ3    0xe1084924    0x54  Data  Gb  DZ3Component.o [1]
sub_menu_ust_compDZ4    0xe1084978    0x54  Data  Gb  DZ4Component.o [1]
sub_menu_ust_compDZ5    0xe10849cc    0x54  Data  Gb  DZ5Component.o [1]
sub_menu_ust_compMTZ1   0xe1083d78    0x60  Data  Gb  MTZ1Component.o [1]
sub_menu_ust_compMTZ2   0xe1083e38    0x60  Data  Gb  MTZ2Component.o [1]
sub_menu_ust_compMTZ3   0xe1083ef8    0x60  Data  Gb  MTZ3Component.o [1]
sub_menu_ust_compMTZ4   0xe1083fb8    0x60  Data  Gb  MTZ4Component.o [1]
sub_menu_ust_compMTZ5   0xe1084078    0x60  Data  Gb  MTZ5Component.o [1]
sub_menu_ust_compNZOP1  0xe108380c    0x6c  Data  Gb  NZOP1Component.o [1]
sub_menu_ust_compNZOP2  0xe1084cec    0x48  Data  Gb  NZOP2Component.o [1]
sub_menu_ust_compOF     0xe10855a8    0x24  Data  Gb  OFComponent.o [1]
sub_menu_ust_compPRM1   0xe1084f68    0x3c  Data  Gb  PRM1Component.o [1]
sub_menu_ust_compTZNP1  0xe1084fe0    0x3c  Data  Gb  TZNP1Component.o [1]
sub_menu_ust_compTZNP2  0xe108501c    0x3c  Data  Gb  TZNP2Component.o [1]
sub_menu_ust_compTZNP3  0xe1085058    0x3c  Data  Gb  TZNP3Component.o [1]
sub_menu_ust_compTZNP4  0xe1085094    0x3c  Data  Gb  TZNP4Component.o [1]
sub_menu_ust_compTZNP5  0xe10850d0    0x3c  Data  Gb  TZNP5Component.o [1]
sub_menu_ust_compUMM    0xe10838e4    0x6c  Data  Gb  UMMComponent.o [1]
sub_menu_ust_compUROV   0xe10852b4    0x30  Data  Gb  UROVComponent.o [1]
sub_menu_ust_compUVV    0xe10855f0    0x24  Data  Gb  PRM1Component.o [1]
sub_menu_vid_compAPV    0xe1085368    0x24  Data  Gb  APVComponent.o [1]
sub_menu_vid_compDZ1    0xe108541c    0x24  Data  Gb  DZ1Component.o [1]
sub_menu_vid_compDZ3    0xe1085464    0x24  Data  Gb  DZ3Component.o [1]
sub_menu_vid_compDZ4    0xe10854ac    0x24  Data  Gb  DZ4Component.o [1]
sub_menu_vid_compDZ5    0xe10854d0    0x24  Data  Gb  DZ5Component.o [1]
sub_menu_vid_compMTZ1   0xe1084a20    0x54  Data  Gb  MTZ1Component.o [1]
sub_menu_vid_compMTZ2   0xe1085518    0x24  Data  Gb  MTZ2Component.o [1]
sub_menu_vid_compMTZ3   0xe108553c    0x24  Data  Gb  MTZ3Component.o [1]
sub_menu_vid_compMTZ4   0xe1085560    0x24  Data  Gb  MTZ4Component.o [1]
sub_menu_vid_compMTZ5   0xe1085584    0x24  Data  Gb  MTZ5Component.o [1]
sub_menu_vid_compNZOP1  0xe1084c5c    0x48  Data  Gb  NZOP1Component.o [1]
sub_menu_vid_compNZOP2  0xe1084d34    0x48  Data  Gb  NZOP2Component.o [1]
sub_menu_vid_compPRM1   0xe1084e0c    0x48  Data  Gb  PRM1Component.o [1]
sub_menu_vid_compTZNP1  0xe10856ec    0x24  Data  Gb  TZNP1Component.o [1]
sub_menu_vid_compTZNP2  0xe1085710    0x24  Data  Gb  TZNP2Component.o [1]
sub_menu_vid_compTZNP3  0xe1085734    0x24  Data  Gb  TZNP3Component.o [1]
sub_menu_vid_compTZNP4  0xe1085758    0x24  Data  Gb  TZNP4Component.o [1]
sub_menu_vid_compTZNP5  0xe108577c    0x24  Data  Gb  TZNP5Component.o [1]
sub_menu_vid_compUMM    0xe1084ac8    0x54  Data  Gb  UMMComponent.o [1]
sub_menu_vid_compUROV   0xe108510c    0x3c  Data  Gb  UROVComponent.o [1]
sub_menu_widel          0xe10857c4    0x24  Data  Gb  WLComponent.o [1]
tempLog                 0xe10a2308   0xaf0  Data  Gb  psupervisor.o [1]
tempLog_WL              0xe10aa9d4   0x190  Data  Gb  psupervisor.o [1]
testPrtTblState         0xe1085ab4     0x8  Data  Gb  AppCn.o [1]
test_external_SRAM      0xe002fcd8   0x114  Code  Gb  start_settings.o [1]
timer0_user_interrupt   0xe000cf5c    0x20  Code  Gb  u3.o [1]
timer0dev               0xe10acaac     0x4  Data  Gb  u3.o [1]
timerEnableWL           0xe10ac83c     0x4  Data  Gb  logictimers.o [1]
timerWaitReqHSU1        0xe10ac724     0x4  Data  Gb  AppCn.o [1]
timerWaitReqHSU2        0xe10ac720     0x4  Data  Gb  AppCn.o [1]
timerWaitReqM2m         0xe10ac728     0x4  Data  Gb  AppCn.o [1]
timerWaitReqSpi         0xe10ac72c     0x4  Data  Gb  AppCn.o [1]
timer_num_to_clk_enum   0xe0032e4c     0x4  Data  Lc  lpcAV1_timer_driver.o [1]
timing                  0xe10ac878     0x4  Data  Gb  main.o [1]
timingLoad              0xe10ac87c     0x4  Data  Gb  main.o [1]
tmpUSTAVKI              0xe10aab64   0x190  Data  Gb  ustmanager.o [1]
tmr_init                0xe10ac430    0x10  Data  Lc  lpcAV1_timer_driver.o [1]
tmrdat                  0xe10ac440    0x10  Data  Lc  lpcAV1_timer_driver.o [1]
total_measurement       0xe10a84c8   0x330  Data  Gb  ici_api.o [1]
trigReg                 0xe10ac894     0x4  Data  Gb  main.o [1]
twinDZ2                 0xe10ac490     0xc  Data  Gb  DZ2Component.o [1]
twinMTZ2                0xe10ac49c     0xc  Data  Gb  MTZ2Component.o [1]
twinNZOP1               0xe10ac954     0x4  Data  Gb  NZOP1Component.o [1]
twinTZNP1               0xe10ac450    0x10  Data  Gb  TZNP1Component.o [1]
uiAmtSpiBadRvPacket     0xe10ac854     0x4  Data  Gb  lpu.o [1]
uiAmtSpiGoodRvPacket    0xe10ac850     0x4  Data  Gb  lpu.o [1]
ulCtrTrLpduSpi          0xe10ac844     0x4  Data  Gb  lpu.o [1]
ustavkiZN               0xe10aca60     0x4  Data  Gb  SettingIci_UMM.o [1]
validation_code_and_memory_width
                        0xe0000000     0x4  Data  Gb  main.o [1]
vec_abort_handler       0xe0030084          Code  Gb  lpc32xx_vectors.o [1]
vec_fiq_handler         0xe003008c          Code  Gb  lpc32xx_vectors.o [1]
vec_irq_handler         0xe0030088          Code  Gb  lpc32xx_vectors.o [1]
vec_prefetch_handler    0xe0030080          Code  Gb  lpc32xx_vectors.o [1]
vec_reset_handler       0xe0030074          Code  Gb  lpc32xx_vectors.o [1]
vec_swi_handler         0xe003007c          Code  Gb  lpc32xx_vectors.o [1]
vec_undefined_handler   0xe0030078          Code  Gb  lpc32xx_vectors.o [1]
vecarea                 0xe10ac840     0x4  Data  Gb  lpc32xx_intc_driver.o [1]
voltage_difference_APV  0xe10aca5c     0x4  Data  Gb  SettingIci_data.o [1]
workerUniversal1        0xe10ac9cc     0x4  Data  Gb  psvisor_help.o [1]
workerUniversal2        0xe10ac9d0     0x4  Data  Gb  psvisor_help.o [1]
zonaVertexBD            0xe10a6a80   0x500  Data  Gb  isNewZonaMethodVRT.o [1]


[1] = D:\IAR projects\HR1_0100_00_I720_new2\EWP\Debug xFlash\Obj
[2] = command line
[3] = dl5E_aln.a
[4] = m5E_alv.a
[5] = rt5E_al.a

  198 718 bytes of readonly  code memory
   65 356 bytes of readwrite code memory
   45 015 bytes of readonly  data memory
  212 764 bytes of readwrite data memory (+ 152 absolute)

Errors: none
Warnings: none
