###############################################################################
#
# IAR ELF Linker V7.40.2.8542/W32 for ARM                 20/Oct/2015  12:47:28
# Copyright 2007-2015 IAR Systems AB.
#
#    Output file  =  
#        D:\IAR projects\HR1_0100_00_I720_new2\EWP\Debug
#        xRAM\Exe\hr1_0100_00_i720.out
#    Map file     =  
#        D:\IAR projects\HR1_0100_00_I720_new2\EWP\Debug
#        xRAM\List\hr1_0100_00_i720.map
#    Command line =  
#        "D:\IAR projects\HR1_0100_00_I720_new2\EWP\Debug xRAM\Obj\AppCn.o"
#        "D:\IAR projects\HR1_0100_00_I720_new2\EWP\Debug
#        xRAM\Obj\APVComponent.o" "D:\IAR
#        projects\HR1_0100_00_I720_new2\EWP\Debug xRAM\Obj\arm926ej_cp15_drv.o"
#        "D:\IAR projects\HR1_0100_00_I720_new2\EWP\Debug
#        xRAM\Obj\board_lowlevel.o" "D:\IAR
#        projects\HR1_0100_00_I720_new2\EWP\Debug xRAM\Obj\br_var.o" "D:\IAR
#        projects\HR1_0100_00_I720_new2\EWP\Debug xRAM\Obj\callBackElement.o"
#        "D:\IAR projects\HR1_0100_00_I720_new2\EWP\Debug
#        xRAM\Obj\cicloGrammaEEPROM1.o" "D:\IAR
#        projects\HR1_0100_00_I720_new2\EWP\Debug
#        xRAM\Obj\cicloGrammaEEPROM2.o" "D:\IAR
#        projects\HR1_0100_00_I720_new2\EWP\Debug xRAM\Obj\cstartup.o" "D:\IAR
#        projects\HR1_0100_00_I720_new2\EWP\Debug xRAM\Obj\CTpu.o" "D:\IAR
#        projects\HR1_0100_00_I720_new2\EWP\Debug xRAM\Obj\cy7.o" "D:\IAR
#        projects\HR1_0100_00_I720_new2\EWP\Debug xRAM\Obj\DZ1Component.o"
#        "D:\IAR projects\HR1_0100_00_I720_new2\EWP\Debug
#        xRAM\Obj\DZ2Component.o" "D:\IAR
#        projects\HR1_0100_00_I720_new2\EWP\Debug xRAM\Obj\DZ3Component.o"
#        "D:\IAR projects\HR1_0100_00_I720_new2\EWP\Debug
#        xRAM\Obj\DZ4Component.o" "D:\IAR
#        projects\HR1_0100_00_I720_new2\EWP\Debug xRAM\Obj\DZ5Component.o"
#        "D:\IAR projects\HR1_0100_00_I720_new2\EWP\Debug xRAM\Obj\DZPacket.o"
#        "D:\IAR projects\HR1_0100_00_I720_new2\EWP\Debug
#        xRAM\Obj\extentiontoEEPROM.o" "D:\IAR
#        projects\HR1_0100_00_I720_new2\EWP\Debug xRAM\Obj\extmanager.o"
#        "D:\IAR projects\HR1_0100_00_I720_new2\EWP\Debug xRAM\Obj\FLogTimer.o"
#        "D:\IAR projects\HR1_0100_00_I720_new2\EWP\Debug
#        xRAM\Obj\FLogTimerRES.o" "D:\IAR
#        projects\HR1_0100_00_I720_new2\EWP\Debug xRAM\Obj\getINTERFACE.o"
#        "D:\IAR projects\HR1_0100_00_I720_new2\EWP\Debug xRAM\Obj\hu1.o"
#        "D:\IAR projects\HR1_0100_00_I720_new2\EWP\Debug xRAM\Obj\hu1l.o"
#        "D:\IAR projects\HR1_0100_00_I720_new2\EWP\Debug xRAM\Obj\hu2.o"
#        "D:\IAR projects\HR1_0100_00_I720_new2\EWP\Debug xRAM\Obj\hu2l.o"
#        "D:\IAR projects\HR1_0100_00_I720_new2\EWP\Debug xRAM\Obj\hu7.o"
#        "D:\IAR projects\HR1_0100_00_I720_new2\EWP\Debug xRAM\Obj\hu7l.o"
#        "D:\IAR projects\HR1_0100_00_I720_new2\EWP\Debug xRAM\Obj\ici_api.o"
#        "D:\IAR projects\HR1_0100_00_I720_new2\EWP\Debug xRAM\Obj\ILogTimer.o"
#        "D:\IAR projects\HR1_0100_00_I720_new2\EWP\Debug
#        xRAM\Obj\ILogTimerRES.o" "D:\IAR
#        projects\HR1_0100_00_I720_new2\EWP\Debug
#        xRAM\Obj\isNewZonaMethodVRT.o" "D:\IAR
#        projects\HR1_0100_00_I720_new2\EWP\Debug
#        xRAM\Obj\isZonaTrianMethodVRT.o" "D:\IAR
#        projects\HR1_0100_00_I720_new2\EWP\Debug
#        xRAM\Obj\JLINKDCC_HandleDataAbort.o" "D:\IAR
#        projects\HR1_0100_00_I720_new2\EWP\Debug xRAM\Obj\JLINKDCC_Process.o"
#        "D:\IAR projects\HR1_0100_00_I720_new2\EWP\Debug xRAM\Obj\logicAPV.o"
#        "D:\IAR projects\HR1_0100_00_I720_new2\EWP\Debug xRAM\Obj\logicDZ1.o"
#        "D:\IAR projects\HR1_0100_00_I720_new2\EWP\Debug
#        xRAM\Obj\logicDZ2to5.o" "D:\IAR
#        projects\HR1_0100_00_I720_new2\EWP\Debug xRAM\Obj\logicMTZ1.o" "D:\IAR
#        projects\HR1_0100_00_I720_new2\EWP\Debug xRAM\Obj\logicMTZ2to5.o"
#        "D:\IAR projects\HR1_0100_00_I720_new2\EWP\Debug
#        xRAM\Obj\logicNZOP1to2.o" "D:\IAR
#        projects\HR1_0100_00_I720_new2\EWP\Debug xRAM\Obj\logicOF.o" "D:\IAR
#        projects\HR1_0100_00_I720_new2\EWP\Debug xRAM\Obj\logicPF.o" "D:\IAR
#        projects\HR1_0100_00_I720_new2\EWP\Debug xRAM\Obj\logicPRM1.o" "D:\IAR
#        projects\HR1_0100_00_I720_new2\EWP\Debug xRAM\Obj\logictimers.o"
#        "D:\IAR projects\HR1_0100_00_I720_new2\EWP\Debug
#        xRAM\Obj\logicTZNP1to5.o" "D:\IAR
#        projects\HR1_0100_00_I720_new2\EWP\Debug xRAM\Obj\logicUMM.o" "D:\IAR
#        projects\HR1_0100_00_I720_new2\EWP\Debug xRAM\Obj\logicUROV.o" "D:\IAR
#        projects\HR1_0100_00_I720_new2\EWP\Debug xRAM\Obj\logicWL.o" "D:\IAR
#        projects\HR1_0100_00_I720_new2\EWP\Debug
#        xRAM\Obj\lpc32xx_clkpwr_driver.o" "D:\IAR
#        projects\HR1_0100_00_I720_new2\EWP\Debug
#        xRAM\Obj\lpc32xx_dma_driver.o" "D:\IAR
#        projects\HR1_0100_00_I720_new2\EWP\Debug
#        xRAM\Obj\lpc32xx_gpio_driver.o" "D:\IAR
#        projects\HR1_0100_00_I720_new2\EWP\Debug
#        xRAM\Obj\lpc32xx_hstimer_driver.o" "D:\IAR
#        projects\HR1_0100_00_I720_new2\EWP\Debug
#        xRAM\Obj\lpc32xx_intc_driver.o" "D:\IAR
#        projects\HR1_0100_00_I720_new2\EWP\Debug
#        xRAM\Obj\lpc32xx_spi_driver.o" "D:\IAR
#        projects\HR1_0100_00_I720_new2\EWP\Debug
#        xRAM\Obj\lpc32xx_uart_driver.o" "D:\IAR
#        projects\HR1_0100_00_I720_new2\EWP\Debug xRAM\Obj\lpc32xx_vectors.o"
#        "D:\IAR projects\HR1_0100_00_I720_new2\EWP\Debug
#        xRAM\Obj\lpc_arm922t_cp15_driver.o" "D:\IAR
#        projects\HR1_0100_00_I720_new2\EWP\Debug xRAM\Obj\lpcAV1_dma_driver.o"
#        "D:\IAR projects\HR1_0100_00_I720_new2\EWP\Debug
#        xRAM\Obj\lpcAV1_hsuart_driver.o" "D:\IAR
#        projects\HR1_0100_00_I720_new2\EWP\Debug
#        xRAM\Obj\lpcAV1_intc_driver.o" "D:\IAR
#        projects\HR1_0100_00_I720_new2\EWP\Debug xRAM\Obj\lpcAV1_ssp_driver.o"
#        "D:\IAR projects\HR1_0100_00_I720_new2\EWP\Debug
#        xRAM\Obj\lpcAV1_timer_driver.o" "D:\IAR
#        projects\HR1_0100_00_I720_new2\EWP\Debug
#        xRAM\Obj\lpcAV1_uart_driver.o" "D:\IAR
#        projects\HR1_0100_00_I720_new2\EWP\Debug xRAM\Obj\lpu.o" "D:\IAR
#        projects\HR1_0100_00_I720_new2\EWP\Debug xRAM\Obj\main.o" "D:\IAR
#        projects\HR1_0100_00_I720_new2\EWP\Debug
#        xRAM\Obj\missionCollectionEEPROM1.o" "D:\IAR
#        projects\HR1_0100_00_I720_new2\EWP\Debug
#        xRAM\Obj\missionCollectionEEPROM2.o" "D:\IAR
#        projects\HR1_0100_00_I720_new2\EWP\Debug xRAM\Obj\MTZ1Component.o"
#        "D:\IAR projects\HR1_0100_00_I720_new2\EWP\Debug
#        xRAM\Obj\MTZ2Component.o" "D:\IAR
#        projects\HR1_0100_00_I720_new2\EWP\Debug xRAM\Obj\MTZ3Component.o"
#        "D:\IAR projects\HR1_0100_00_I720_new2\EWP\Debug
#        xRAM\Obj\MTZ4Component.o" "D:\IAR
#        projects\HR1_0100_00_I720_new2\EWP\Debug xRAM\Obj\MTZ5Component.o"
#        "D:\IAR projects\HR1_0100_00_I720_new2\EWP\Debug xRAM\Obj\MTZPacket.o"
#        "D:\IAR projects\HR1_0100_00_I720_new2\EWP\Debug
#        xRAM\Obj\NZOP1Component.o" "D:\IAR
#        projects\HR1_0100_00_I720_new2\EWP\Debug xRAM\Obj\NZOP2Component.o"
#        "D:\IAR projects\HR1_0100_00_I720_new2\EWP\Debug
#        xRAM\Obj\NZOPPacket.o" "D:\IAR
#        projects\HR1_0100_00_I720_new2\EWP\Debug xRAM\Obj\OFComponent.o"
#        "D:\IAR projects\HR1_0100_00_I720_new2\EWP\Debug
#        xRAM\Obj\partial_vfp.o" "D:\IAR
#        projects\HR1_0100_00_I720_new2\EWP\Debug xRAM\Obj\periodOperations.o"
#        "D:\IAR projects\HR1_0100_00_I720_new2\EWP\Debug
#        xRAM\Obj\PFComponent.o" "D:\IAR
#        projects\HR1_0100_00_I720_new2\EWP\Debug xRAM\Obj\PRM1Component.o"
#        "D:\IAR projects\HR1_0100_00_I720_new2\EWP\Debug
#        xRAM\Obj\psupervisor.o" "D:\IAR
#        projects\HR1_0100_00_I720_new2\EWP\Debug xRAM\Obj\psvisor_help.o"
#        "D:\IAR projects\HR1_0100_00_I720_new2\EWP\Debug
#        xRAM\Obj\rangirtoEEPROM.o" "D:\IAR
#        projects\HR1_0100_00_I720_new2\EWP\Debug xRAM\Obj\rangmanager.o"
#        "D:\IAR projects\HR1_0100_00_I720_new2\EWP\Debug
#        xRAM\Obj\ResetSystemMenu.o" "D:\IAR
#        projects\HR1_0100_00_I720_new2\EWP\Debug xRAM\Obj\SettingIci_APV.o"
#        "D:\IAR projects\HR1_0100_00_I720_new2\EWP\Debug
#        xRAM\Obj\SettingIci_data.o" "D:\IAR
#        projects\HR1_0100_00_I720_new2\EWP\Debug xRAM\Obj\SettingIci_DZ1.o"
#        "D:\IAR projects\HR1_0100_00_I720_new2\EWP\Debug
#        xRAM\Obj\SettingIci_DZ2to5.o" "D:\IAR
#        projects\HR1_0100_00_I720_new2\EWP\Debug xRAM\Obj\SettingIci_MTZ.o"
#        "D:\IAR projects\HR1_0100_00_I720_new2\EWP\Debug
#        xRAM\Obj\SettingIci_NZOP.o" "D:\IAR
#        projects\HR1_0100_00_I720_new2\EWP\Debug xRAM\Obj\SettingIci_OF.o"
#        "D:\IAR projects\HR1_0100_00_I720_new2\EWP\Debug
#        xRAM\Obj\SettingIci_OFDZ.o" "D:\IAR
#        projects\HR1_0100_00_I720_new2\EWP\Debug xRAM\Obj\SettingIci_OFMTZ.o"
#        "D:\IAR projects\HR1_0100_00_I720_new2\EWP\Debug
#        xRAM\Obj\SettingIci_OFTZNP.o" "D:\IAR
#        projects\HR1_0100_00_I720_new2\EWP\Debug xRAM\Obj\SettingIci_OFUMM.o"
#        "D:\IAR projects\HR1_0100_00_I720_new2\EWP\Debug
#        xRAM\Obj\SettingIci_PRM1.o" "D:\IAR
#        projects\HR1_0100_00_I720_new2\EWP\Debug xRAM\Obj\SettingIci_Rangir.o"
#        "D:\IAR projects\HR1_0100_00_I720_new2\EWP\Debug
#        xRAM\Obj\SettingIci_RangirAPV.o" "D:\IAR
#        projects\HR1_0100_00_I720_new2\EWP\Debug
#        xRAM\Obj\SettingIci_RangirDZ.o" "D:\IAR
#        projects\HR1_0100_00_I720_new2\EWP\Debug
#        xRAM\Obj\SettingIci_RangirMTZ.o" "D:\IAR
#        projects\HR1_0100_00_I720_new2\EWP\Debug
#        xRAM\Obj\SettingIci_RangirNZOP.o" "D:\IAR
#        projects\HR1_0100_00_I720_new2\EWP\Debug
#        xRAM\Obj\SettingIci_RangirOF.o" "D:\IAR
#        projects\HR1_0100_00_I720_new2\EWP\Debug
#        xRAM\Obj\SettingIci_RangirOT.o" "D:\IAR
#        projects\HR1_0100_00_I720_new2\EWP\Debug
#        xRAM\Obj\SettingIci_RangirPRM1.o" "D:\IAR
#        projects\HR1_0100_00_I720_new2\EWP\Debug
#        xRAM\Obj\SettingIci_RangirTZNP.o" "D:\IAR
#        projects\HR1_0100_00_I720_new2\EWP\Debug
#        xRAM\Obj\SettingIci_RangirUMM.o" "D:\IAR
#        projects\HR1_0100_00_I720_new2\EWP\Debug
#        xRAM\Obj\SettingIci_RangirUROV.o" "D:\IAR
#        projects\HR1_0100_00_I720_new2\EWP\Debug xRAM\Obj\SettingIci_TZNP.o"
#        "D:\IAR projects\HR1_0100_00_I720_new2\EWP\Debug
#        xRAM\Obj\SettingIci_UMM.o" "D:\IAR
#        projects\HR1_0100_00_I720_new2\EWP\Debug xRAM\Obj\SettingIci_UROV.o"
#        "D:\IAR projects\HR1_0100_00_I720_new2\EWP\Debug xRAM\Obj\ssp1.o"
#        "D:\IAR projects\HR1_0100_00_I720_new2\EWP\Debug xRAM\Obj\ssp1L.o"
#        "D:\IAR projects\HR1_0100_00_I720_new2\EWP\Debug
#        xRAM\Obj\start_settings.o" "D:\IAR
#        projects\HR1_0100_00_I720_new2\EWP\Debug xRAM\Obj\systemMenu.o"
#        "D:\IAR projects\HR1_0100_00_I720_new2\EWP\Debug
#        xRAM\Obj\toSpeedDIS.o" "D:\IAR
#        projects\HR1_0100_00_I720_new2\EWP\Debug xRAM\Obj\toSpeedOptim.o"
#        "D:\IAR projects\HR1_0100_00_I720_new2\EWP\Debug
#        xRAM\Obj\toSpeedZonaVRT.o" "D:\IAR
#        projects\HR1_0100_00_I720_new2\EWP\Debug xRAM\Obj\translateI.o"
#        "D:\IAR projects\HR1_0100_00_I720_new2\EWP\Debug xRAM\Obj\ttbl.o"
#        "D:\IAR projects\HR1_0100_00_I720_new2\EWP\Debug xRAM\Obj\TxtStream.o"
#        "D:\IAR projects\HR1_0100_00_I720_new2\EWP\Debug
#        xRAM\Obj\TZNP1Component.o" "D:\IAR
#        projects\HR1_0100_00_I720_new2\EWP\Debug xRAM\Obj\TZNP2Component.o"
#        "D:\IAR projects\HR1_0100_00_I720_new2\EWP\Debug
#        xRAM\Obj\TZNP3Component.o" "D:\IAR
#        projects\HR1_0100_00_I720_new2\EWP\Debug xRAM\Obj\TZNP4Component.o"
#        "D:\IAR projects\HR1_0100_00_I720_new2\EWP\Debug
#        xRAM\Obj\TZNP5Component.o" "D:\IAR
#        projects\HR1_0100_00_I720_new2\EWP\Debug xRAM\Obj\TZNPPacket.o"
#        "D:\IAR projects\HR1_0100_00_I720_new2\EWP\Debug xRAM\Obj\u3.o"
#        "D:\IAR projects\HR1_0100_00_I720_new2\EWP\Debug xRAM\Obj\u3l.o"
#        "D:\IAR projects\HR1_0100_00_I720_new2\EWP\Debug
#        xRAM\Obj\UMMComponent.o" "D:\IAR
#        projects\HR1_0100_00_I720_new2\EWP\Debug xRAM\Obj\UROVComponent.o"
#        "D:\IAR projects\HR1_0100_00_I720_new2\EWP\Debug
#        xRAM\Obj\ustavkitoEEPROM.o" "D:\IAR
#        projects\HR1_0100_00_I720_new2\EWP\Debug xRAM\Obj\ustmanager.o"
#        "D:\IAR projects\HR1_0100_00_I720_new2\EWP\Debug
#        xRAM\Obj\ViewMenuCnf.o" "D:\IAR
#        projects\HR1_0100_00_I720_new2\EWP\Debug xRAM\Obj\viewMenuList.o"
#        "D:\IAR projects\HR1_0100_00_I720_new2\EWP\Debug
#        xRAM\Obj\ViewMenuRang.o" "D:\IAR
#        projects\HR1_0100_00_I720_new2\EWP\Debug xRAM\Obj\ViewMenuReg.o"
#        "D:\IAR projects\HR1_0100_00_I720_new2\EWP\Debug
#        xRAM\Obj\viewMenuSub.o" "D:\IAR
#        projects\HR1_0100_00_I720_new2\EWP\Debug xRAM\Obj\ViewMenuTip.o"
#        "D:\IAR projects\HR1_0100_00_I720_new2\EWP\Debug
#        xRAM\Obj\ViewMenuWideLog.o" "D:\IAR
#        projects\HR1_0100_00_I720_new2\EWP\Debug xRAM\Obj\ViewRepozit.o"
#        "D:\IAR projects\HR1_0100_00_I720_new2\EWP\Debug
#        xRAM\Obj\ViewRepozitWL.o" "D:\IAR
#        projects\HR1_0100_00_I720_new2\EWP\Debug xRAM\Obj\widelogmanager.o"
#        "D:\IAR projects\HR1_0100_00_I720_new2\EWP\Debug
#        xRAM\Obj\WLComponent.o" --redirect _Printf=_PrintfFull --redirect
#        _Scanf=_ScanfFull -o "D:\IAR projects\HR1_0100_00_I720_new2\EWP\Debug
#        xRAM\Exe\hr1_0100_00_i720.out" --map "D:\IAR
#        projects\HR1_0100_00_I720_new2\EWP\Debug
#        xRAM\List\hr1_0100_00_i720.map" --config "D:\IAR
#        projects\HR1_0100_00_I720_new2\EWP\..\cfg\LPC3000_xRAM.icf" --entry
#        __iar_program_start --vfe
#
###############################################################################

*******************************************************************************
*** MESSAGES
***


  place in RAM_code_region                { section Fast_function, readonly };
  ^
"D:\IAR projects\HR1_0100_00_I720_new2\EWP\..\cfg\LPC3000_xRAM.icf",67  Warning[Lp005]: 
          placement includes a mix of sections with content (example
          "ro data section .data_init in AppCn.o") and sections without content
          (example "rw code section Fast_function in AppCn.o symbols: [UpdateRV
          GoosACTpuUnit, UpdateRVGoosBCTpuUnit, ExecExistProxy, ExecExistProxyM
          anager, ExecProxy, ProcessReceiveEvt, ProcessTransmitEvt, UpdateAppDa
          ta]")

  place in RAM_code_region                { section Fast_function, readonly };
  ^
"D:\IAR projects\HR1_0100_00_I720_new2\EWP\..\cfg\LPC3000_xRAM.icf",67  Warning[Lp006]: 
          placement includes a mix of writable sections (example "rw code secti
          on Fast_function in AppCn.o symbols: [UpdateRVGoosACTpuUnit, UpdateRV
          GoosBCTpuUnit, ExecExistProxy, ExecExistProxyManager, ExecProxy, Proc
          essReceiveEvt, ProcessTransmitEvt, UpdateAppData]") and non-writable
          sections (example "ro data section .data_init in AppCn.o")


*******************************************************************************
*** RUNTIME MODEL ATTRIBUTES
***

CppFlavor       = *
__SystemLibrary = DLib


*******************************************************************************
*** PLACEMENT SUMMARY
***

"A1":  place at start of [0xe1000000-0xe10000ff] { section .cstartup };
"P1":  place in [from 0xe1000100 to 0xe107efff] { section Fast_function, ro };
"P2":  place in [from 0xe107f000 to 0xe107ffff] {
          section Fast_function_no_cache, ro section CODE_NOCACHE };
"P3":  place in [from 0xe1080000 to 0xe10fefff] {
          zi, rw, block CSTACK, block SVC_STACK, block IRQ_STACK,
          block FIQ_STACK, block UND_STACK, block ABT_STACK, block HEAP };
"P4":  place in [from 0xe10ff000 to 0xe10fffff] { rw data section DMA_BUFFERS };
"P5":  place in [from 0x08000100 to 0x0803ffff] {
          rw data section MMU_TT, section I_RAM_variables,
          section IRAM_function };

  Section                 Kind        Address     Size  Object
  -------                 ----        -------     ----  ------
"P5":                                           0x4c00
  MMU_TT                  uninit   0x08004000   0x4000  ttbl.o [1]
  MMU_TT                  uninit   0x08008000    0x400  ttbl.o [1]
  MMU_TT                  uninit   0x08008800    0x400  ttbl.o [1]
                                 - 0x08008c00   0x4c00

Absolute sections, part 1 of 20:                   0x4
  .noinit                 uninit   0x31080000      0x4  board_lowlevel.o [1]
                                 - 0x31080004      0x4

Absolute sections, part 2 of 20:                   0x4
  .noinit                 uninit   0x31080008      0x4  board_lowlevel.o [1]
                                 - 0x3108000c      0x4

Absolute sections, part 3 of 20:                   0x4
  .noinit                 uninit   0x31080080      0x4  board_lowlevel.o [1]
                                 - 0x31080084      0x4

Absolute sections, part 4 of 20:                  0x10
  .noinit                 uninit   0x31080200      0x4  board_lowlevel.o [1]
  .noinit                 uninit   0x31080204      0x4  board_lowlevel.o [1]
  .noinit                 uninit   0x31080208      0x4  board_lowlevel.o [1]
  .noinit                 uninit   0x3108020c      0x4  board_lowlevel.o [1]
                                 - 0x31080210     0x10

Absolute sections, part 5 of 20:                   0x8
  .noinit                 uninit   0x31080214      0x4  board_lowlevel.o [1]
  .noinit                 uninit   0x31080218      0x4  board_lowlevel.o [1]
                                 - 0x3108021c      0x8

Absolute sections, part 6 of 20:                  0x10
  .noinit                 uninit   0x31080220      0x4  board_lowlevel.o [1]
  .noinit                 uninit   0x31080224      0x4  board_lowlevel.o [1]
  .noinit                 uninit   0x31080228      0x4  board_lowlevel.o [1]
  .noinit                 uninit   0x3108022c      0x4  board_lowlevel.o [1]
                                 - 0x31080230     0x10

Absolute sections, part 7 of 20:                   0x8
  .noinit                 uninit   0x31080234      0x4  board_lowlevel.o [1]
  .noinit                 uninit   0x31080238      0x4  board_lowlevel.o [1]
                                 - 0x3108023c      0x8

Absolute sections, part 8 of 20:                  0x10
  .noinit                 uninit   0x31080240      0x4  board_lowlevel.o [1]
  .noinit                 uninit   0x31080244      0x4  board_lowlevel.o [1]
  .noinit                 uninit   0x31080248      0x4  board_lowlevel.o [1]
  .noinit                 uninit   0x3108024c      0x4  board_lowlevel.o [1]
                                 - 0x31080250     0x10

Absolute sections, part 9 of 20:                   0x8
  .noinit                 uninit   0x31080254      0x4  board_lowlevel.o [1]
  .noinit                 uninit   0x31080258      0x4  board_lowlevel.o [1]
                                 - 0x3108025c      0x8

Absolute sections, part 10 of 20:                 0x10
  .noinit                 uninit   0x31080260      0x4  board_lowlevel.o [1]
  .noinit                 uninit   0x31080264      0x4  board_lowlevel.o [1]
  .noinit                 uninit   0x31080268      0x4  board_lowlevel.o [1]
  .noinit                 uninit   0x3108026c      0x4  board_lowlevel.o [1]
                                 - 0x31080270     0x10

Absolute sections, part 11 of 20:                  0x8
  .noinit                 uninit   0x31080274      0x4  board_lowlevel.o [1]
  .noinit                 uninit   0x31080278      0x4  board_lowlevel.o [1]
                                 - 0x3108027c      0x8

Absolute sections, part 12 of 20:                  0x4
  .noinit                 uninit   0x31080400      0x4  board_lowlevel.o [1]
                                 - 0x31080404      0x4

Absolute sections, part 13 of 20:                  0x4
  .noinit                 uninit   0x31080440      0x4  board_lowlevel.o [1]
                                 - 0x31080444      0x4

Absolute sections, part 14 of 20:                  0x4
  .noinit                 uninit   0x31080460      0x4  board_lowlevel.o [1]
                                 - 0x31080464      0x4

Absolute sections, part 15 of 20:                  0x4
  .noinit                 uninit   0x31080480      0x4  board_lowlevel.o [1]
                                 - 0x31080484      0x4

Absolute sections, part 16 of 20:                  0x4
  .noinit                 uninit   0x40004014      0x4  board_lowlevel.o [1]
                                 - 0x40004018      0x4

Absolute sections, part 17 of 20:                  0xc
  .noinit                 uninit   0x40004040      0x4  board_lowlevel.o [1]
  .noinit                 uninit   0x40004044      0x4  board_lowlevel.o [1]
  .noinit                 uninit   0x40004048      0x4  board_lowlevel.o [1]
                                 - 0x4000404c      0xc

Absolute sections, part 18 of 20:                  0x4
  .noinit                 uninit   0x40004050      0x4  board_lowlevel.o [1]
                                 - 0x40004054      0x4

Absolute sections, part 19 of 20:                  0x4
  .noinit                 uninit   0x40004058      0x4  board_lowlevel.o [1]
                                 - 0x4000405c      0x4

Absolute sections, part 20 of 20:                  0x4
  .noinit                 uninit   0x40004068      0x4  board_lowlevel.o [1]
                                 - 0x4000406c      0x4

"A1":                                             0xe4
  .cstartup               ro code  0xe1000000     0xe4  cstartup.o [1]
                                 - 0xe10000e4     0xe4

"P1":                                          0x4f0bf
  .text                   ro code  0xe1000100   0x34bc  AppCn.o [1]
  .text                   ro code  0xe10035bc    0x150  CTpu.o [1]
  .text                   ro code  0xe100370c     0xd4  ABImemcpy.o [5]
  .text                   ro code  0xe10037e0     0x54  strlen.o [5]
  .text                   ro code  0xe1003834     0x98  strncpy.o [5]
  .text                   ro code  0xe10038cc     0x78  ABImemset.o [5]
  .text                   ro code  0xe1003944   0x27b8  isNewZonaMethodVRT.o [1]
  .text                   ro code  0xe10060fc     0x94  ceil.o [4]
  .text                   ro code  0xe1006190     0xb8  DblToS64.o [4]
  .text                   ro code  0xe1006248     0x80  acos.o [4]
  .text                   ro code  0xe10062c8     0x98  asin.o [4]
  .text                   ro code  0xe1006360     0x20  sqrt.o [4]
  .text                   ro code  0xe1006380    0x120  xatan.o [4]
  .text                   ro code  0xe10064a0     0x14  iarEdom.o [5]
  .text                   ro code  0xe10064b4      0xc  errno.o [3]
  .text                   ro code  0xe10064c0      0x4  xtls.o [3]
  .text                   ro code  0xe10064c4   0x1b20  SettingIci_DZ2to5.o [1]
  .text                   ro code  0xe1007fe4    0x794  ResetSystemMenu.o [1]
  .text                   ro code  0xe1008778    0x6a4  psvisor_help.o [1]
  .text                   ro code  0xe1008e1c    0x33c  ViewMenuCnf.o [1]
  .text                   ro code  0xe1009158    0x264  TxtStream.o [1]
  .text                   ro code  0xe10093bc    0xf2c  systemMenu.o [1]
  .text                   ro code  0xe100a2e8    0x2a0  main.o [1]
  .text                   ro code  0xe100a588    0x9b0  rangmanager.o [1]
  .text                   ro code  0xe100af38     0xfc  ViewMenuWideLog.o [1]
  .text                   ro code  0xe100b034    0x508  ustmanager.o [1]
  .text                   ro code  0xe100b53c   0x14ac  psupervisor.o [1]
  .text                   ro code  0xe100c9e8     0x58  logictimers.o [1]
  .text                   ro code  0xe100ca40    0x1a8  I32DivMod.o [5]
  .text                   ro code  0xe100cbe8      0x4  viewMenuList.o [1]
  .text                   ro code  0xe100cbec     0xe0  viewMenuSub.o [1]
  .text                   ro code  0xe100cccc     0x68  strcpy.o [5]
  .text                   ro code  0xe100cd34     0x58  sprintf.o [3]
  .text                   ro code  0xe100cd8c     0x30  strcat.o [3]
  .text                   ro code  0xe100cdbc     0x74  memcmp.o [5]
  .text                   ro code  0xe100ce30    0x1bc  u3.o [1]
  .text                   ro code  0xe100cfec    0x7e0  periodOperations.o [1]
  .text                   ro code  0xe100d7cc    0x564  arm926ej_cp15_drv.o [1]
  .text                   ro code  0xe100dd30     0xfc  callBackElement.o [1]
  .text                   ro code  0xe100de2c    0x490  lpc32xx_intc_driver.o [1]
  .text                   ro code  0xe100e2bc    0xb88  lpc32xx_clkpwr_driver.o [1]
  .text                   ro code  0xe100ee44     0xdc  widelogmanager.o [1]
  .text                   ro code  0xe100ef20    0x2b8  ViewRepozit.o [1]
  .text                   ro code  0xe100f1d8    0x2e8  ViewRepozitWL.o [1]
  .text                   ro code  0xe100f4c0      0x4  IntDivZer.o [5]
  .text                   ro code  0xe100f4c4   0x163e  xprintffull.o [3]
  .text                   ro code  0xe1010b02     0x2a  zero_init3.o [5]
  .text                   ro code  0xe1010b2c    0x210  lpcAV1_timer_driver.o [1]
  .text                   ro code  0xe1010d3c    0x27c  ssp1.o [1]
  .text                   ro code  0xe1010fb8    0x89c  lpu.o [1]
  .text                   ro code  0xe1011854    0x450  lpcAV1_intc_driver.o [1]
  .text                   ro code  0xe1011ca4     0x3c  lpc32xx_gpio_driver.o [1]
  .text                   ro code  0xe1011ce0    0x58c  JLINKDCC_Process.o [1]
  .text                   ro code  0xe101226c    0xbfc  SettingIci_data.o [1]
  .text                   ro code  0xe1012e68     0x20  uread4.o [5]
  .text                   ro code  0xe1012e88     0x58  lpc_arm922t_cp15_driver.o [1]
  .text                   ro code  0xe1012ee0    0x130  I64DivMod.o [5]
  .text                   ro code  0xe1013010     0x20  strchr.o [5]
  .text                   ro code  0xe1013030     0x94  memchr.o [5]
  .text                   ro code  0xe10130c4     0x78  xdnorm.o [4]
  .text                   ro code  0xe101313c     0x38  DblCmpLe.o [4]
  .text                   ro code  0xe1013174     0x38  DblCmpGe.o [4]
  .text                   ro code  0xe10131ac    0x1dc  xdscale.o [4]
  .text                   ro code  0xe1013388     0x10  DblToS32.o [4]
  .text                   ro code  0xe1013398     0x10  S32ToDbl.o [4]
  .text                   ro code  0xe10133a8     0x14  DblSub.o [4]
  .text                   ro code  0xe10133bc     0xf8  partial_vfp.o [1]
  .text                   ro code  0xe10134b4     0x10  DblToU32.o [4]
  .text                   ro code  0xe10134c4     0x34  div.o [3]
  .text                   ro code  0xe10134f8    0x690  lpcAV1_ssp_driver.o [1]
  .text                   ro code  0xe1013b88    0x308  lpcAV1_dma_driver.o [1]
  .text                   ro code  0xe1013e90    0x554  SettingIci_Rangir.o [1]
  .text                   ro code  0xe10143e4   0x1a28  SettingIci_MTZ.o [1]
  .text                   ro code  0xe1015e0c    0x4f0  SettingIci_UMM.o [1]
  .text                   ro code  0xe10162fc    0x3d4  SettingIci_DZ1.o [1]
  .text                   ro code  0xe10166d0   0x1328  SettingIci_TZNP.o [1]
  .text                   ro code  0xe10179f8     0xd0  SettingIci_PRM1.o [1]
  .text                   ro code  0xe1017ac8    0x3fc  SettingIci_NZOP.o [1]
  .text                   ro code  0xe1017ec4    0xbc8  SettingIci_APV.o [1]
  .text                   ro code  0xe1018a8c    0x9f8  SettingIci_UROV.o [1]
  .text                   ro code  0xe1019484    0xd24  SettingIci_OF.o [1]
  .text                   ro code  0xe101a1a8     0x8c  ustavkitoEEPROM.o [1]
  .text                   ro code  0xe101a234      0x4  I64DivZer.o [5]
  .text                   ro code  0xe101a238    0xea0  SettingIci_RangirMTZ.o [1]
  .text                   ro code  0xe101b0d8    0x450  SettingIci_RangirUMM.o [1]
  .text                   ro code  0xe101b528    0xa70  SettingIci_RangirTZNP.o [1]
  .text                   ro code  0xe101bf98    0xaa0  SettingIci_RangirDZ.o [1]
  .text                   ro code  0xe101ca38     0xb0  SettingIci_RangirPRM1.o [1]
  .text                   ro code  0xe101cae8    0x320  SettingIci_RangirNZOP.o [1]
  .text                   ro code  0xe101ce08    0x110  SettingIci_RangirAPV.o [1]
  .text                   ro code  0xe101cf18     0xe0  SettingIci_RangirUROV.o [1]
  .text                   ro code  0xe101cff8    0x620  SettingIci_RangirOF.o [1]
  .text                   ro code  0xe101d618    0x4a0  SettingIci_RangirOT.o [1]
  .text                   ro code  0xe101dab8    0xba4  SettingIci_OFDZ.o [1]
  .text                   ro code  0xe101e65c    0x964  SettingIci_OFMTZ.o [1]
  .text                   ro code  0xe101efc0    0x364  SettingIci_OFUMM.o [1]
  .text                   ro code  0xe101f324    0xae4  SettingIci_OFTZNP.o [1]
  .text                   ro code  0xe101fe08    0x474  missionCollectionEEPROM1.o [1]
  .text                   ro code  0xe102027c   0x16f8  PRM1Component.o [1]
  .text                   ro code  0xe1021974   0x15dc  OFComponent.o [1]
  .text                   ro code  0xe1022f50   0x12a8  DZ2Component.o [1]
  .text                   ro code  0xe10241f8    0xdec  isZonaTrianMethodVRT.o [1]
  .text                   ro code  0xe1024fe4    0xf7c  APVComponent.o [1]
  .text                   ro code  0xe1025f60    0xe64  MTZ2Component.o [1]
  .text                   ro code  0xe1026dc4    0xbd0  MTZ1Component.o [1]
  .text                   ro code  0xe1027994    0xd7c  DZ1Component.o [1]
  .text                   ro code  0xe1028710    0xbe8  logicUMM.o [1]
  .text                   ro code  0xe10292f8    0xb58  TZNP1Component.o [1]
  .text                   ro code  0xe1029e50    0xabc  NZOP1Component.o [1]
  .text                   ro code  0xe102a90c    0xa4c  UMMComponent.o [1]
  .text                   ro code  0xe102b358    0x810  UROVComponent.o [1]
  .text                   ro code  0xe102bb68    0x4b4  lpcAV1_hsuart_driver.o [1]
  .text                   ro code  0xe102c01c    0x454  ViewMenuRang.o [1]
  .text                   ro code  0xe102c470    0x41c  MTZ3Component.o [1]
  .text                   ro code  0xe102c88c    0x41c  MTZ5Component.o [1]
  .text                   ro code  0xe102cca8    0x3f0  TZNP2Component.o [1]
  .text                   ro code  0xe102d098    0x3e0  MTZ4Component.o [1]
  .text                   ro code  0xe102d478    0x3d8  NZOP2Component.o [1]
  .text                   ro code  0xe102d850    0x3d0  DZ5Component.o [1]
  .text                   ro code  0xe102dc20    0x3b0  DZ4Component.o [1]
  .text                   ro code  0xe102dfd0    0x3b0  TZNP3Component.o [1]
  .text                   ro code  0xe102e380    0x3b0  TZNP4Component.o [1]
  .text                   ro code  0xe102e730    0x3b0  TZNP5Component.o [1]
  .text                   ro code  0xe102eae0    0x358  DZ3Component.o [1]
  .text                   ro code  0xe102ee38    0x310  WLComponent.o [1]
  .text                   ro code  0xe102f148    0x308  ViewMenuReg.o [1]
  .text                   ro code  0xe102f450    0x300  TZNPPacket.o [1]
  .text                   ro code  0xe102f750    0x2f0  DZPacket.o [1]
  .text                   ro code  0xe102fa40    0x2f0  MTZPacket.o [1]
  .text                   ro code  0xe102fd30    0x2b8  board_lowlevel.o [1]
  .text                   ro code  0xe102ffe8    0x124  start_settings.o [1]
  .text                   ro code  0xe103010c    0x258  NZOPPacket.o [1]
  .text                   ro code  0xe1030364    0x1d0  lpc32xx_vectors.o [1]
  .text                   ro code  0xe1030534    0x1be  lz77_init.o [5]
  .rodata                 const    0xe10306f2      0x2  lpcAV1_ssp_driver.o [1]
  .text                   ro code  0xe10306f4      0x8  abort.o [3]
  .text                   ro code  0xe10306fc     0x14  XXexit.o [5]
  .text                   ro code  0xe1030710    0x1b8  PFComponent.o [1]
  .rodata                 const    0xe10308c8    0x110  ttbl.o [1]
  .text                   ro code  0xe10309d8     0xd8  hu2l.o [1]
  .rodata                 const    0xe1030ab0     0x6c  lpu.o [1]
  .text                   ro code  0xe1030b1c     0x68  ici_api.o [1]
  .intvec                 ro code  0xe1030b84     0x40  cstartup.o [1]
  .text                   ro code  0xe1030bc4     0x38  ABImemset48.o [5]
  .rodata                 const    0xe1030bfc     0x34  AppCn.o [1]
  .text                   ro code  0xe1030c30     0x2c  cmain.o [5]
  .text                   ro code  0xe1030c5c      0x8  low_level_init.o [3]
  .text                   ro code  0xe1030c64     0x28  data_init.o [5]
  .text                   ro code  0xe1030c8c      0x4  exit.o [3]
  .text                   ro code  0xe1030c90     0x10  cexit.o [5]
  .text                   ro code  0xe1030ca0     0x28  hu7l.o [1]
  .text                   ro code  0xe1030cc8     0x28  ssp1L.o [1]
  .rodata                 const    0xe1030cf0     0x24  APVComponent.o [1]
  .rodata                 const    0xe1030d14     0x24  APVComponent.o [1]
  .iar.init_table         const    0xe1030d38     0x6c  - Linker created -
  .rodata                 const    0xe1030da4     0x1c  PRM1Component.o [1]
  .rodata                 const    0xe1030dc0     0x18  APVComponent.o [1]
  .rodata                 const    0xe1030dd8     0x18  APVComponent.o [1]
  .rodata                 const    0xe1030df0     0x18  MTZ1Component.o [1]
  .rodata                 const    0xe1030e08     0x18  NZOP1Component.o [1]
  .rodata                 const    0xe1030e20     0x18  NZOP1Component.o [1]
  .rodata                 const    0xe1030e38     0x18  NZOP2Component.o [1]
  .rodata                 const    0xe1030e50     0x18  NZOP2Component.o [1]
  .rodata                 const    0xe1030e68     0x18  OFComponent.o [1]
  .rodata                 const    0xe1030e80     0x18  OFComponent.o [1]
  .rodata                 const    0xe1030e98     0x18  PRM1Component.o [1]
  .rodata                 const    0xe1030eb0     0x18  PRM1Component.o [1]
  .rodata                 const    0xe1030ec8     0x18  PRM1Component.o [1]
  .rodata                 const    0xe1030ee0     0x18  ResetSystemMenu.o [1]
  .rodata                 const    0xe1030ef8     0x14  APVComponent.o [1]
  .rodata                 const    0xe1030f0c     0x14  DZ1Component.o [1]
  .rodata                 const    0xe1030f20     0x14  DZ2Component.o [1]
  .rodata                 const    0xe1030f34     0x14  DZ3Component.o [1]
  .rodata                 const    0xe1030f48     0x14  DZ4Component.o [1]
  .rodata                 const    0xe1030f5c     0x14  DZ5Component.o [1]
  .rodata                 const    0xe1030f70     0x14  MTZ1Component.o [1]
  .rodata                 const    0xe1030f84     0x14  MTZ1Component.o [1]
  .rodata                 const    0xe1030f98     0x14  MTZ1Component.o [1]
  .rodata                 const    0xe1030fac     0x14  MTZ1Component.o [1]
  .rodata                 const    0xe1030fc0     0x14  MTZ1Component.o [1]
  .rodata                 const    0xe1030fd4     0x14  MTZ2Component.o [1]
  .rodata                 const    0xe1030fe8     0x14  MTZ2Component.o [1]
  .rodata                 const    0xe1030ffc     0x14  MTZ2Component.o [1]
  .rodata                 const    0xe1031010     0x14  MTZ2Component.o [1]
  .rodata                 const    0xe1031024     0x14  MTZ2Component.o [1]
  .rodata                 const    0xe1031038     0x14  MTZ3Component.o [1]
  .rodata                 const    0xe103104c     0x14  MTZ3Component.o [1]
  .rodata                 const    0xe1031060     0x14  MTZ3Component.o [1]
  .rodata                 const    0xe1031074     0x14  MTZ3Component.o [1]
  .rodata                 const    0xe1031088     0x14  MTZ4Component.o [1]
  .rodata                 const    0xe103109c     0x14  MTZ4Component.o [1]
  .rodata                 const    0xe10310b0     0x14  MTZ4Component.o [1]
  .rodata                 const    0xe10310c4     0x14  MTZ4Component.o [1]
  .rodata                 const    0xe10310d8     0x14  MTZ5Component.o [1]
  .rodata                 const    0xe10310ec     0x14  MTZ5Component.o [1]
  .rodata                 const    0xe1031100     0x14  MTZ5Component.o [1]
  .rodata                 const    0xe1031114     0x14  MTZ5Component.o [1]
  .rodata                 const    0xe1031128     0x14  NZOP1Component.o [1]
  .rodata                 const    0xe103113c     0x14  NZOP1Component.o [1]
  .rodata                 const    0xe1031150     0x14  NZOP1Component.o [1]
  .rodata                 const    0xe1031164     0x14  NZOP1Component.o [1]
  .rodata                 const    0xe1031178     0x14  NZOP1Component.o [1]
  .rodata                 const    0xe103118c     0x14  NZOP1Component.o [1]
  .rodata                 const    0xe10311a0     0x14  NZOP1Component.o [1]
  .rodata                 const    0xe10311b4     0x14  NZOP1Component.o [1]
  .rodata                 const    0xe10311c8     0x14  NZOP1Component.o [1]
  .rodata                 const    0xe10311dc     0x14  NZOP2Component.o [1]
  .rodata                 const    0xe10311f0     0x14  NZOP2Component.o [1]
  .rodata                 const    0xe1031204     0x14  NZOP2Component.o [1]
  .rodata                 const    0xe1031218     0x14  NZOP2Component.o [1]
  .rodata                 const    0xe103122c     0x14  NZOP2Component.o [1]
  .rodata                 const    0xe1031240     0x14  NZOP2Component.o [1]
  .rodata                 const    0xe1031254     0x14  OFComponent.o [1]
  .rodata                 const    0xe1031268     0x14  OFComponent.o [1]
  .rodata                 const    0xe103127c     0x14  OFComponent.o [1]
  .rodata                 const    0xe1031290     0x14  OFComponent.o [1]
  .rodata                 const    0xe10312a4     0x14  OFComponent.o [1]
  .rodata                 const    0xe10312b8     0x14  OFComponent.o [1]
  .rodata                 const    0xe10312cc     0x14  OFComponent.o [1]
  .rodata                 const    0xe10312e0     0x14  OFComponent.o [1]
  .rodata                 const    0xe10312f4     0x14  OFComponent.o [1]
  .rodata                 const    0xe1031308     0x14  OFComponent.o [1]
  .rodata                 const    0xe103131c     0x14  OFComponent.o [1]
  .rodata                 const    0xe1031330     0x14  OFComponent.o [1]
  .rodata                 const    0xe1031344     0x14  OFComponent.o [1]
  .rodata                 const    0xe1031358     0x14  OFComponent.o [1]
  .rodata                 const    0xe103136c     0x14  OFComponent.o [1]
  .rodata                 const    0xe1031380     0x14  OFComponent.o [1]
  .rodata                 const    0xe1031394     0x14  OFComponent.o [1]
  .rodata                 const    0xe10313a8     0x14  OFComponent.o [1]
  .rodata                 const    0xe10313bc     0x14  OFComponent.o [1]
  .rodata                 const    0xe10313d0     0x14  OFComponent.o [1]
  .rodata                 const    0xe10313e4     0x14  OFComponent.o [1]
  .rodata                 const    0xe10313f8     0x14  OFComponent.o [1]
  .rodata                 const    0xe103140c     0x14  OFComponent.o [1]
  .rodata                 const    0xe1031420     0x14  OFComponent.o [1]
  .rodata                 const    0xe1031434     0x14  OFComponent.o [1]
  .rodata                 const    0xe1031448     0x14  OFComponent.o [1]
  .rodata                 const    0xe103145c     0x14  OFComponent.o [1]
  .rodata                 const    0xe1031470     0x14  OFComponent.o [1]
  .rodata                 const    0xe1031484     0x14  OFComponent.o [1]
  .rodata                 const    0xe1031498     0x14  OFComponent.o [1]
  .rodata                 const    0xe10314ac     0x14  OFComponent.o [1]
  .rodata                 const    0xe10314c0     0x14  PRM1Component.o [1]
  .rodata                 const    0xe10314d4     0x14  ResetSystemMenu.o [1]
  .rodata                 const    0xe10314e8     0x14  ttbl.o [1]
  .rodata                 const    0xe10314fc     0x14  TZNP1Component.o [1]
  .rodata                 const    0xe1031510     0x14  TZNP1Component.o [1]
  .rodata                 const    0xe1031524     0x14  TZNP1Component.o [1]
  .rodata                 const    0xe1031538     0x14  TZNP1Component.o [1]
  .rodata                 const    0xe103154c     0x14  TZNP1Component.o [1]
  .rodata                 const    0xe1031560     0x14  TZNP1Component.o [1]
  .rodata                 const    0xe1031574     0x14  TZNP2Component.o [1]
  .rodata                 const    0xe1031588     0x14  TZNP2Component.o [1]
  .rodata                 const    0xe103159c     0x14  TZNP2Component.o [1]
  .rodata                 const    0xe10315b0     0x14  TZNP2Component.o [1]
  .rodata                 const    0xe10315c4     0x14  TZNP2Component.o [1]
  .rodata                 const    0xe10315d8     0x14  TZNP2Component.o [1]
  .rodata                 const    0xe10315ec     0x14  TZNP3Component.o [1]
  .rodata                 const    0xe1031600     0x14  TZNP3Component.o [1]
  .rodata                 const    0xe1031614     0x14  TZNP3Component.o [1]
  .rodata                 const    0xe1031628     0x14  TZNP3Component.o [1]
  .rodata                 const    0xe103163c     0x14  TZNP3Component.o [1]
  .rodata                 const    0xe1031650     0x14  TZNP3Component.o [1]
  .rodata                 const    0xe1031664     0x14  TZNP4Component.o [1]
  .rodata                 const    0xe1031678     0x14  TZNP4Component.o [1]
  .rodata                 const    0xe103168c     0x14  TZNP4Component.o [1]
  .rodata                 const    0xe10316a0     0x14  TZNP4Component.o [1]
  .rodata                 const    0xe10316b4     0x14  TZNP4Component.o [1]
  .rodata                 const    0xe10316c8     0x14  TZNP4Component.o [1]
  .rodata                 const    0xe10316dc     0x14  TZNP5Component.o [1]
  .rodata                 const    0xe10316f0     0x14  TZNP5Component.o [1]
  .rodata                 const    0xe1031704     0x14  TZNP5Component.o [1]
  .rodata                 const    0xe1031718     0x14  TZNP5Component.o [1]
  .rodata                 const    0xe103172c     0x14  TZNP5Component.o [1]
  .rodata                 const    0xe1031740     0x14  TZNP5Component.o [1]
  .rodata                 const    0xe1031754     0x14  ViewMenuWideLog.o [1]
  .text                   ro code  0xe1031768     0x14  fpinit.o [4]
  .text                   ro code  0xe103177c     0x14  xsprout.o [3]
  .rodata                 const    0xe1031790     0x10  APVComponent.o [1]
  .rodata                 const    0xe10317a0     0x10  APVComponent.o [1]
  .rodata                 const    0xe10317b0     0x10  APVComponent.o [1]
  .rodata                 const    0xe10317c0     0x10  APVComponent.o [1]
  .rodata                 const    0xe10317d0     0x10  APVComponent.o [1]
  .rodata                 const    0xe10317e0     0x10  APVComponent.o [1]
  .rodata                 const    0xe10317f0     0x10  APVComponent.o [1]
  .rodata                 const    0xe1031800     0x10  DZ1Component.o [1]
  .rodata                 const    0xe1031810     0x10  DZ1Component.o [1]
  .rodata                 const    0xe1031820     0x10  DZ1Component.o [1]
  .rodata                 const    0xe1031830     0x10  DZ1Component.o [1]
  .rodata                 const    0xe1031840     0x10  DZ1Component.o [1]
  .rodata                 const    0xe1031850     0x10  DZ1Component.o [1]
  .rodata                 const    0xe1031860     0x10  DZ2Component.o [1]
  .rodata                 const    0xe1031870     0x10  DZ2Component.o [1]
  .rodata                 const    0xe1031880     0x10  DZ2Component.o [1]
  .rodata                 const    0xe1031890     0x10  DZ2Component.o [1]
  .rodata                 const    0xe10318a0     0x10  DZ2Component.o [1]
  .rodata                 const    0xe10318b0     0x10  DZ2Component.o [1]
  .rodata                 const    0xe10318c0     0x10  DZ2Component.o [1]
  .rodata                 const    0xe10318d0     0x10  DZ3Component.o [1]
  .rodata                 const    0xe10318e0     0x10  DZ3Component.o [1]
  .rodata                 const    0xe10318f0     0x10  DZ3Component.o [1]
  .rodata                 const    0xe1031900     0x10  DZ3Component.o [1]
  .rodata                 const    0xe1031910     0x10  DZ3Component.o [1]
  .rodata                 const    0xe1031920     0x10  DZ3Component.o [1]
  .rodata                 const    0xe1031930     0x10  DZ3Component.o [1]
  .rodata                 const    0xe1031940     0x10  DZ3Component.o [1]
  .rodata                 const    0xe1031950     0x10  DZ3Component.o [1]
  .rodata                 const    0xe1031960     0x10  DZ3Component.o [1]
  .rodata                 const    0xe1031970     0x10  DZ3Component.o [1]
  .rodata                 const    0xe1031980     0x10  DZ4Component.o [1]
  .rodata                 const    0xe1031990     0x10  DZ4Component.o [1]
  .rodata                 const    0xe10319a0     0x10  DZ4Component.o [1]
  .rodata                 const    0xe10319b0     0x10  DZ4Component.o [1]
  .rodata                 const    0xe10319c0     0x10  DZ4Component.o [1]
  .rodata                 const    0xe10319d0     0x10  DZ4Component.o [1]
  .rodata                 const    0xe10319e0     0x10  DZ4Component.o [1]
  .rodata                 const    0xe10319f0     0x10  DZ4Component.o [1]
  .rodata                 const    0xe1031a00     0x10  DZ4Component.o [1]
  .rodata                 const    0xe1031a10     0x10  DZ4Component.o [1]
  .rodata                 const    0xe1031a20     0x10  DZ4Component.o [1]
  .rodata                 const    0xe1031a30     0x10  DZ4Component.o [1]
  .rodata                 const    0xe1031a40     0x10  DZ4Component.o [1]
  .rodata                 const    0xe1031a50     0x10  DZ4Component.o [1]
  .rodata                 const    0xe1031a60     0x10  DZ4Component.o [1]
  .rodata                 const    0xe1031a70     0x10  DZ5Component.o [1]
  .rodata                 const    0xe1031a80     0x10  DZ5Component.o [1]
  .rodata                 const    0xe1031a90     0x10  DZ5Component.o [1]
  .rodata                 const    0xe1031aa0     0x10  DZ5Component.o [1]
  .rodata                 const    0xe1031ab0     0x10  DZ5Component.o [1]
  .rodata                 const    0xe1031ac0     0x10  DZ5Component.o [1]
  .rodata                 const    0xe1031ad0     0x10  DZ5Component.o [1]
  .rodata                 const    0xe1031ae0     0x10  DZ5Component.o [1]
  .rodata                 const    0xe1031af0     0x10  DZ5Component.o [1]
  .rodata                 const    0xe1031b00     0x10  DZ5Component.o [1]
  .rodata                 const    0xe1031b10     0x10  DZ5Component.o [1]
  .rodata                 const    0xe1031b20     0x10  DZ5Component.o [1]
  .rodata                 const    0xe1031b30     0x10  DZ5Component.o [1]
  .rodata                 const    0xe1031b40     0x10  DZ5Component.o [1]
  .rodata                 const    0xe1031b50     0x10  DZ5Component.o [1]
  .rodata                 const    0xe1031b60     0x10  MTZ1Component.o [1]
  .rodata                 const    0xe1031b70     0x10  MTZ1Component.o [1]
  .rodata                 const    0xe1031b80     0x10  MTZ1Component.o [1]
  .rodata                 const    0xe1031b90     0x10  MTZ1Component.o [1]
  .rodata                 const    0xe1031ba0     0x10  MTZ1Component.o [1]
  .rodata                 const    0xe1031bb0     0x10  MTZ1Component.o [1]
  .rodata                 const    0xe1031bc0     0x10  MTZ1Component.o [1]
  .rodata                 const    0xe1031bd0     0x10  MTZ1Component.o [1]
  .rodata                 const    0xe1031be0     0x10  MTZ1Component.o [1]
  .rodata                 const    0xe1031bf0     0x10  MTZ1Component.o [1]
  .rodata                 const    0xe1031c00     0x10  MTZ1Component.o [1]
  .rodata                 const    0xe1031c10     0x10  MTZ1Component.o [1]
  .rodata                 const    0xe1031c20     0x10  MTZ1Component.o [1]
  .rodata                 const    0xe1031c30     0x10  MTZ2Component.o [1]
  .rodata                 const    0xe1031c40     0x10  MTZ2Component.o [1]
  .rodata                 const    0xe1031c50     0x10  MTZ2Component.o [1]
  .rodata                 const    0xe1031c60     0x10  MTZ2Component.o [1]
  .rodata                 const    0xe1031c70     0x10  MTZ2Component.o [1]
  .rodata                 const    0xe1031c80     0x10  MTZ2Component.o [1]
  .rodata                 const    0xe1031c90     0x10  MTZ2Component.o [1]
  .rodata                 const    0xe1031ca0     0x10  MTZ2Component.o [1]
  .rodata                 const    0xe1031cb0     0x10  MTZ2Component.o [1]
  .rodata                 const    0xe1031cc0     0x10  MTZ2Component.o [1]
  .rodata                 const    0xe1031cd0     0x10  MTZ2Component.o [1]
  .rodata                 const    0xe1031ce0     0x10  MTZ2Component.o [1]
  .rodata                 const    0xe1031cf0     0x10  MTZ2Component.o [1]
  .rodata                 const    0xe1031d00     0x10  MTZ2Component.o [1]
  .rodata                 const    0xe1031d10     0x10  MTZ3Component.o [1]
  .rodata                 const    0xe1031d20     0x10  MTZ3Component.o [1]
  .rodata                 const    0xe1031d30     0x10  MTZ3Component.o [1]
  .rodata                 const    0xe1031d40     0x10  MTZ3Component.o [1]
  .rodata                 const    0xe1031d50     0x10  MTZ3Component.o [1]
  .rodata                 const    0xe1031d60     0x10  MTZ3Component.o [1]
  .rodata                 const    0xe1031d70     0x10  MTZ3Component.o [1]
  .rodata                 const    0xe1031d80     0x10  MTZ3Component.o [1]
  .rodata                 const    0xe1031d90     0x10  MTZ3Component.o [1]
  .rodata                 const    0xe1031da0     0x10  MTZ3Component.o [1]
  .rodata                 const    0xe1031db0     0x10  MTZ3Component.o [1]
  .rodata                 const    0xe1031dc0     0x10  MTZ3Component.o [1]
  .rodata                 const    0xe1031dd0     0x10  MTZ3Component.o [1]
  .rodata                 const    0xe1031de0     0x10  MTZ3Component.o [1]
  .rodata                 const    0xe1031df0     0x10  MTZ3Component.o [1]
  .rodata                 const    0xe1031e00     0x10  MTZ3Component.o [1]
  .rodata                 const    0xe1031e10     0x10  MTZ4Component.o [1]
  .rodata                 const    0xe1031e20     0x10  MTZ4Component.o [1]
  .rodata                 const    0xe1031e30     0x10  MTZ4Component.o [1]
  .rodata                 const    0xe1031e40     0x10  MTZ4Component.o [1]
  .rodata                 const    0xe1031e50     0x10  MTZ4Component.o [1]
  .rodata                 const    0xe1031e60     0x10  MTZ4Component.o [1]
  .rodata                 const    0xe1031e70     0x10  MTZ4Component.o [1]
  .rodata                 const    0xe1031e80     0x10  MTZ4Component.o [1]
  .rodata                 const    0xe1031e90     0x10  MTZ4Component.o [1]
  .rodata                 const    0xe1031ea0     0x10  MTZ4Component.o [1]
  .rodata                 const    0xe1031eb0     0x10  MTZ4Component.o [1]
  .rodata                 const    0xe1031ec0     0x10  MTZ4Component.o [1]
  .rodata                 const    0xe1031ed0     0x10  MTZ4Component.o [1]
  .rodata                 const    0xe1031ee0     0x10  MTZ4Component.o [1]
  .rodata                 const    0xe1031ef0     0x10  MTZ4Component.o [1]
  .rodata                 const    0xe1031f00     0x10  MTZ4Component.o [1]
  .rodata                 const    0xe1031f10     0x10  MTZ5Component.o [1]
  .rodata                 const    0xe1031f20     0x10  MTZ5Component.o [1]
  .rodata                 const    0xe1031f30     0x10  MTZ5Component.o [1]
  .rodata                 const    0xe1031f40     0x10  MTZ5Component.o [1]
  .rodata                 const    0xe1031f50     0x10  MTZ5Component.o [1]
  .rodata                 const    0xe1031f60     0x10  MTZ5Component.o [1]
  .rodata                 const    0xe1031f70     0x10  MTZ5Component.o [1]
  .rodata                 const    0xe1031f80     0x10  MTZ5Component.o [1]
  .rodata                 const    0xe1031f90     0x10  MTZ5Component.o [1]
  .rodata                 const    0xe1031fa0     0x10  MTZ5Component.o [1]
  .rodata                 const    0xe1031fb0     0x10  MTZ5Component.o [1]
  .rodata                 const    0xe1031fc0     0x10  MTZ5Component.o [1]
  .rodata                 const    0xe1031fd0     0x10  MTZ5Component.o [1]
  .rodata                 const    0xe1031fe0     0x10  MTZ5Component.o [1]
  .rodata                 const    0xe1031ff0     0x10  MTZ5Component.o [1]
  .rodata                 const    0xe1032000     0x10  MTZ5Component.o [1]
  .rodata                 const    0xe1032010     0x10  NZOP1Component.o [1]
  .rodata                 const    0xe1032020     0x10  NZOP1Component.o [1]
  .rodata                 const    0xe1032030     0x10  NZOP1Component.o [1]
  .rodata                 const    0xe1032040     0x10  NZOP1Component.o [1]
  .rodata                 const    0xe1032050     0x10  NZOP1Component.o [1]
  .rodata                 const    0xe1032060     0x10  NZOP1Component.o [1]
  .rodata                 const    0xe1032070     0x10  NZOP1Component.o [1]
  .rodata                 const    0xe1032080     0x10  NZOP1Component.o [1]
  .rodata                 const    0xe1032090     0x10  NZOP1Component.o [1]
  .rodata                 const    0xe10320a0     0x10  NZOP2Component.o [1]
  .rodata                 const    0xe10320b0     0x10  NZOP2Component.o [1]
  .rodata                 const    0xe10320c0     0x10  NZOP2Component.o [1]
  .rodata                 const    0xe10320d0     0x10  NZOP2Component.o [1]
  .rodata                 const    0xe10320e0     0x10  NZOP2Component.o [1]
  .rodata                 const    0xe10320f0     0x10  NZOP2Component.o [1]
  .rodata                 const    0xe1032100     0x10  NZOP2Component.o [1]
  .rodata                 const    0xe1032110     0x10  NZOP2Component.o [1]
  .rodata                 const    0xe1032120     0x10  OFComponent.o [1]
  .rodata                 const    0xe1032130     0x10  OFComponent.o [1]
  .rodata                 const    0xe1032140     0x10  OFComponent.o [1]
  .rodata                 const    0xe1032150     0x10  OFComponent.o [1]
  .rodata                 const    0xe1032160     0x10  OFComponent.o [1]
  .rodata                 const    0xe1032170     0x10  OFComponent.o [1]
  .rodata                 const    0xe1032180     0x10  OFComponent.o [1]
  .rodata                 const    0xe1032190     0x10  OFComponent.o [1]
  .rodata                 const    0xe10321a0     0x10  OFComponent.o [1]
  .rodata                 const    0xe10321b0     0x10  OFComponent.o [1]
  .rodata                 const    0xe10321c0     0x10  OFComponent.o [1]
  .rodata                 const    0xe10321d0     0x10  OFComponent.o [1]
  .rodata                 const    0xe10321e0     0x10  OFComponent.o [1]
  .rodata                 const    0xe10321f0     0x10  OFComponent.o [1]
  .rodata                 const    0xe1032200     0x10  OFComponent.o [1]
  .rodata                 const    0xe1032210     0x10  OFComponent.o [1]
  .rodata                 const    0xe1032220     0x10  OFComponent.o [1]
  .rodata                 const    0xe1032230     0x10  OFComponent.o [1]
  .rodata                 const    0xe1032240     0x10  OFComponent.o [1]
  .rodata                 const    0xe1032250     0x10  OFComponent.o [1]
  .rodata                 const    0xe1032260     0x10  OFComponent.o [1]
  .rodata                 const    0xe1032270     0x10  OFComponent.o [1]
  .rodata                 const    0xe1032280     0x10  OFComponent.o [1]
  .rodata                 const    0xe1032290     0x10  OFComponent.o [1]
  .rodata                 const    0xe10322a0     0x10  OFComponent.o [1]
  .rodata                 const    0xe10322b0     0x10  OFComponent.o [1]
  .rodata                 const    0xe10322c0     0x10  OFComponent.o [1]
  .rodata                 const    0xe10322d0     0x10  PRM1Component.o [1]
  .rodata                 const    0xe10322e0     0x10  PRM1Component.o [1]
  .rodata                 const    0xe10322f0     0x10  PRM1Component.o [1]
  .rodata                 const    0xe1032300     0x10  PRM1Component.o [1]
  .rodata                 const    0xe1032310     0x10  PRM1Component.o [1]
  .rodata                 const    0xe1032320     0x10  PRM1Component.o [1]
  .rodata                 const    0xe1032330     0x10  ResetSystemMenu.o [1]
  .rodata                 const    0xe1032340     0x10  ResetSystemMenu.o [1]
  .rodata                 const    0xe1032350     0x10  ResetSystemMenu.o [1]
  .rodata                 const    0xe1032360     0x10  ResetSystemMenu.o [1]
  .rodata                 const    0xe1032370     0x10  ResetSystemMenu.o [1]
  .rodata                 const    0xe1032380     0x10  systemMenu.o [1]
  .rodata                 const    0xe1032390     0x10  systemMenu.o [1]
  .rodata                 const    0xe10323a0     0x10  TZNP1Component.o [1]
  .rodata                 const    0xe10323b0     0x10  TZNP1Component.o [1]
  .rodata                 const    0xe10323c0     0x10  TZNP1Component.o [1]
  .rodata                 const    0xe10323d0     0x10  TZNP1Component.o [1]
  .rodata                 const    0xe10323e0     0x10  TZNP1Component.o [1]
  .rodata                 const    0xe10323f0     0x10  TZNP1Component.o [1]
  .rodata                 const    0xe1032400     0x10  TZNP1Component.o [1]
  .rodata                 const    0xe1032410     0x10  TZNP1Component.o [1]
  .rodata                 const    0xe1032420     0x10  TZNP1Component.o [1]
  .rodata                 const    0xe1032430     0x10  TZNP1Component.o [1]
  .rodata                 const    0xe1032440     0x10  TZNP1Component.o [1]
  .rodata                 const    0xe1032450     0x10  TZNP1Component.o [1]
  .rodata                 const    0xe1032460     0x10  TZNP1Component.o [1]
  .rodata                 const    0xe1032470     0x10  TZNP1Component.o [1]
  .rodata                 const    0xe1032480     0x10  TZNP1Component.o [1]
  .rodata                 const    0xe1032490     0x10  TZNP1Component.o [1]
  .rodata                 const    0xe10324a0     0x10  TZNP2Component.o [1]
  .rodata                 const    0xe10324b0     0x10  TZNP2Component.o [1]
  .rodata                 const    0xe10324c0     0x10  TZNP2Component.o [1]
  .rodata                 const    0xe10324d0     0x10  TZNP2Component.o [1]
  .rodata                 const    0xe10324e0     0x10  TZNP2Component.o [1]
  .rodata                 const    0xe10324f0     0x10  TZNP2Component.o [1]
  .rodata                 const    0xe1032500     0x10  TZNP2Component.o [1]
  .rodata                 const    0xe1032510     0x10  TZNP2Component.o [1]
  .rodata                 const    0xe1032520     0x10  TZNP2Component.o [1]
  .rodata                 const    0xe1032530     0x10  TZNP2Component.o [1]
  .rodata                 const    0xe1032540     0x10  TZNP2Component.o [1]
  .rodata                 const    0xe1032550     0x10  TZNP2Component.o [1]
  .rodata                 const    0xe1032560     0x10  TZNP2Component.o [1]
  .rodata                 const    0xe1032570     0x10  TZNP2Component.o [1]
  .rodata                 const    0xe1032580     0x10  TZNP2Component.o [1]
  .rodata                 const    0xe1032590     0x10  TZNP2Component.o [1]
  .rodata                 const    0xe10325a0     0x10  TZNP3Component.o [1]
  .rodata                 const    0xe10325b0     0x10  TZNP3Component.o [1]
  .rodata                 const    0xe10325c0     0x10  TZNP3Component.o [1]
  .rodata                 const    0xe10325d0     0x10  TZNP3Component.o [1]
  .rodata                 const    0xe10325e0     0x10  TZNP3Component.o [1]
  .rodata                 const    0xe10325f0     0x10  TZNP3Component.o [1]
  .rodata                 const    0xe1032600     0x10  TZNP3Component.o [1]
  .rodata                 const    0xe1032610     0x10  TZNP3Component.o [1]
  .rodata                 const    0xe1032620     0x10  TZNP3Component.o [1]
  .rodata                 const    0xe1032630     0x10  TZNP3Component.o [1]
  .rodata                 const    0xe1032640     0x10  TZNP3Component.o [1]
  .rodata                 const    0xe1032650     0x10  TZNP3Component.o [1]
  .rodata                 const    0xe1032660     0x10  TZNP3Component.o [1]
  .rodata                 const    0xe1032670     0x10  TZNP3Component.o [1]
  .rodata                 const    0xe1032680     0x10  TZNP3Component.o [1]
  .rodata                 const    0xe1032690     0x10  TZNP3Component.o [1]
  .rodata                 const    0xe10326a0     0x10  TZNP4Component.o [1]
  .rodata                 const    0xe10326b0     0x10  TZNP4Component.o [1]
  .rodata                 const    0xe10326c0     0x10  TZNP4Component.o [1]
  .rodata                 const    0xe10326d0     0x10  TZNP4Component.o [1]
  .rodata                 const    0xe10326e0     0x10  TZNP4Component.o [1]
  .rodata                 const    0xe10326f0     0x10  TZNP4Component.o [1]
  .rodata                 const    0xe1032700     0x10  TZNP4Component.o [1]
  .rodata                 const    0xe1032710     0x10  TZNP4Component.o [1]
  .rodata                 const    0xe1032720     0x10  TZNP4Component.o [1]
  .rodata                 const    0xe1032730     0x10  TZNP4Component.o [1]
  .rodata                 const    0xe1032740     0x10  TZNP4Component.o [1]
  .rodata                 const    0xe1032750     0x10  TZNP4Component.o [1]
  .rodata                 const    0xe1032760     0x10  TZNP4Component.o [1]
  .rodata                 const    0xe1032770     0x10  TZNP4Component.o [1]
  .rodata                 const    0xe1032780     0x10  TZNP4Component.o [1]
  .rodata                 const    0xe1032790     0x10  TZNP4Component.o [1]
  .rodata                 const    0xe10327a0     0x10  TZNP5Component.o [1]
  .rodata                 const    0xe10327b0     0x10  TZNP5Component.o [1]
  .rodata                 const    0xe10327c0     0x10  TZNP5Component.o [1]
  .rodata                 const    0xe10327d0     0x10  TZNP5Component.o [1]
  .rodata                 const    0xe10327e0     0x10  TZNP5Component.o [1]
  .rodata                 const    0xe10327f0     0x10  TZNP5Component.o [1]
  .rodata                 const    0xe1032800     0x10  TZNP5Component.o [1]
  .rodata                 const    0xe1032810     0x10  TZNP5Component.o [1]
  .rodata                 const    0xe1032820     0x10  TZNP5Component.o [1]
  .rodata                 const    0xe1032830     0x10  TZNP5Component.o [1]
  .rodata                 const    0xe1032840     0x10  TZNP5Component.o [1]
  .rodata                 const    0xe1032850     0x10  TZNP5Component.o [1]
  .rodata                 const    0xe1032860     0x10  TZNP5Component.o [1]
  .rodata                 const    0xe1032870     0x10  TZNP5Component.o [1]
  .rodata                 const    0xe1032880     0x10  TZNP5Component.o [1]
  .rodata                 const    0xe1032890     0x10  TZNP5Component.o [1]
  .rodata                 const    0xe10328a0     0x10  UMMComponent.o [1]
  .rodata                 const    0xe10328b0     0x10  UMMComponent.o [1]
  .rodata                 const    0xe10328c0     0x10  UMMComponent.o [1]
  .rodata                 const    0xe10328d0     0x10  UMMComponent.o [1]
  .rodata                 const    0xe10328e0     0x10  UMMComponent.o [1]
  .rodata                 const    0xe10328f0     0x10  UMMComponent.o [1]
  .rodata                 const    0xe1032900     0x10  UMMComponent.o [1]
  .rodata                 const    0xe1032910     0x10  UMMComponent.o [1]
  .rodata                 const    0xe1032920     0x10  UMMComponent.o [1]
  .rodata                 const    0xe1032930     0x10  UMMComponent.o [1]
  .rodata                 const    0xe1032940     0x10  UMMComponent.o [1]
  .rodata                 const    0xe1032950     0x10  UROVComponent.o [1]
  .rodata                 const    0xe1032960     0x10  UROVComponent.o [1]
  .rodata                 const    0xe1032970     0x10  UROVComponent.o [1]
  .rodata                 const    0xe1032980     0x10  UROVComponent.o [1]
  .rodata                 const    0xe1032990     0x10  UROVComponent.o [1]
  .rodata                 const    0xe10329a0     0x10  UROVComponent.o [1]
  .rodata                 const    0xe10329b0     0x10  UROVComponent.o [1]
  .rodata                 const    0xe10329c0     0x10  ViewMenuWideLog.o [1]
  .rodata                 const    0xe10329d0     0x10  ViewRepozitWL.o [1]
  .rodata                 const    0xe10329e0     0x10  WLComponent.o [1]
  .rodata                 const    0xe10329f0     0x10  WLComponent.o [1]
  .rodata                 const    0xe1032a00     0x10  WLComponent.o [1]
  .rodata                 const    0xe1032a10     0x10  WLComponent.o [1]
  .rodata                 const    0xe1032a20     0x10  WLComponent.o [1]
  .rodata                 const    0xe1032a30      0xc  AppCn.o [1]
  .rodata                 const    0xe1032a3c      0xc  AppCn.o [1]
  .rodata                 const    0xe1032a48      0xc  APVComponent.o [1]
  .rodata                 const    0xe1032a54      0xc  APVComponent.o [1]
  .rodata                 const    0xe1032a60      0xc  APVComponent.o [1]
  .rodata                 const    0xe1032a6c      0xc  APVComponent.o [1]
  .rodata                 const    0xe1032a78      0xc  APVComponent.o [1]
  .rodata                 const    0xe1032a84      0xc  APVComponent.o [1]
  .rodata                 const    0xe1032a90      0xc  APVComponent.o [1]
  .rodata                 const    0xe1032a9c      0xc  APVComponent.o [1]
  .rodata                 const    0xe1032aa8      0xc  APVComponent.o [1]
  .rodata                 const    0xe1032ab4      0xc  APVComponent.o [1]
  .rodata                 const    0xe1032ac0      0xc  APVComponent.o [1]
  .rodata                 const    0xe1032acc      0xc  APVComponent.o [1]
  .rodata                 const    0xe1032ad8      0xc  APVComponent.o [1]
  .rodata                 const    0xe1032ae4      0xc  APVComponent.o [1]
  .rodata                 const    0xe1032af0      0xc  APVComponent.o [1]
  .rodata                 const    0xe1032afc      0xc  DZ1Component.o [1]
  .rodata                 const    0xe1032b08      0xc  DZ1Component.o [1]
  .rodata                 const    0xe1032b14      0xc  DZ1Component.o [1]
  .rodata                 const    0xe1032b20      0xc  DZ1Component.o [1]
  .rodata                 const    0xe1032b2c      0xc  DZ2Component.o [1]
  .rodata                 const    0xe1032b38      0xc  DZ2Component.o [1]
  .rodata                 const    0xe1032b44      0xc  DZ3Component.o [1]
  .rodata                 const    0xe1032b50      0xc  DZ3Component.o [1]
  .rodata                 const    0xe1032b5c      0xc  DZ3Component.o [1]
  .rodata                 const    0xe1032b68      0xc  DZ3Component.o [1]
  .rodata                 const    0xe1032b74      0xc  DZ3Component.o [1]
  .rodata                 const    0xe1032b80      0xc  DZ4Component.o [1]
  .rodata                 const    0xe1032b8c      0xc  DZ4Component.o [1]
  .rodata                 const    0xe1032b98      0xc  DZ4Component.o [1]
  .rodata                 const    0xe1032ba4      0xc  DZ4Component.o [1]
  .rodata                 const    0xe1032bb0      0xc  DZ4Component.o [1]
  .rodata                 const    0xe1032bbc      0xc  DZ5Component.o [1]
  .rodata                 const    0xe1032bc8      0xc  DZ5Component.o [1]
  .rodata                 const    0xe1032bd4      0xc  DZ5Component.o [1]
  .rodata                 const    0xe1032be0      0xc  DZ5Component.o [1]
  .rodata                 const    0xe1032bec      0xc  DZ5Component.o [1]
  .rodata                 const    0xe1032bf8      0xc  missionCollectionEEPROM1.o [1]
  .rodata                 const    0xe1032c04      0xc  MTZ1Component.o [1]
  .rodata                 const    0xe1032c10      0xc  MTZ1Component.o [1]
  .rodata                 const    0xe1032c1c      0xc  MTZ1Component.o [1]
  .rodata                 const    0xe1032c28      0xc  MTZ1Component.o [1]
  .rodata                 const    0xe1032c34      0xc  MTZ1Component.o [1]
  .rodata                 const    0xe1032c40      0xc  MTZ1Component.o [1]
  .rodata                 const    0xe1032c4c      0xc  MTZ1Component.o [1]
  .rodata                 const    0xe1032c58      0xc  MTZ1Component.o [1]
  .rodata                 const    0xe1032c64      0xc  MTZ2Component.o [1]
  .rodata                 const    0xe1032c70      0xc  MTZ2Component.o [1]
  .rodata                 const    0xe1032c7c      0xc  MTZ2Component.o [1]
  .rodata                 const    0xe1032c88      0xc  MTZ2Component.o [1]
  .rodata                 const    0xe1032c94      0xc  MTZ2Component.o [1]
  .rodata                 const    0xe1032ca0      0xc  MTZ2Component.o [1]
  .rodata                 const    0xe1032cac      0xc  MTZ2Component.o [1]
  .rodata                 const    0xe1032cb8      0xc  MTZ3Component.o [1]
  .rodata                 const    0xe1032cc4      0xc  MTZ3Component.o [1]
  .rodata                 const    0xe1032cd0      0xc  MTZ3Component.o [1]
  .rodata                 const    0xe1032cdc      0xc  MTZ3Component.o [1]
  .rodata                 const    0xe1032ce8      0xc  MTZ3Component.o [1]
  .rodata                 const    0xe1032cf4      0xc  MTZ3Component.o [1]
  .rodata                 const    0xe1032d00      0xc  MTZ3Component.o [1]
  .rodata                 const    0xe1032d0c      0xc  MTZ4Component.o [1]
  .rodata                 const    0xe1032d18      0xc  MTZ4Component.o [1]
  .rodata                 const    0xe1032d24      0xc  MTZ4Component.o [1]
  .rodata                 const    0xe1032d30      0xc  MTZ4Component.o [1]
  .rodata                 const    0xe1032d3c      0xc  MTZ4Component.o [1]
  .rodata                 const    0xe1032d48      0xc  MTZ4Component.o [1]
  .rodata                 const    0xe1032d54      0xc  MTZ4Component.o [1]
  .rodata                 const    0xe1032d60      0xc  MTZ5Component.o [1]
  .rodata                 const    0xe1032d6c      0xc  MTZ5Component.o [1]
  .rodata                 const    0xe1032d78      0xc  MTZ5Component.o [1]
  .rodata                 const    0xe1032d84      0xc  MTZ5Component.o [1]
  .rodata                 const    0xe1032d90      0xc  MTZ5Component.o [1]
  .rodata                 const    0xe1032d9c      0xc  MTZ5Component.o [1]
  .rodata                 const    0xe1032da8      0xc  MTZ5Component.o [1]
  .rodata                 const    0xe1032db4      0xc  NZOP1Component.o [1]
  .rodata                 const    0xe1032dc0      0xc  NZOP1Component.o [1]
  .rodata                 const    0xe1032dcc      0xc  NZOP2Component.o [1]
  .rodata                 const    0xe1032dd8      0xc  NZOP2Component.o [1]
  .rodata                 const    0xe1032de4      0xc  NZOP2Component.o [1]
  .rodata                 const    0xe1032df0      0xc  OFComponent.o [1]
  .rodata                 const    0xe1032dfc      0xc  PFComponent.o [1]
  .rodata                 const    0xe1032e08      0xc  PFComponent.o [1]
  .rodata                 const    0xe1032e14      0xc  PFComponent.o [1]
  .rodata                 const    0xe1032e20      0xc  PFComponent.o [1]
  .rodata                 const    0xe1032e2c      0xc  PFComponent.o [1]
  .rodata                 const    0xe1032e38      0xc  PFComponent.o [1]
  .rodata                 const    0xe1032e44      0xc  PFComponent.o [1]
  .rodata                 const    0xe1032e50      0xc  PFComponent.o [1]
  .rodata                 const    0xe1032e5c      0xc  PFComponent.o [1]
  .rodata                 const    0xe1032e68      0xc  PFComponent.o [1]
  .rodata                 const    0xe1032e74      0xc  PFComponent.o [1]
  .rodata                 const    0xe1032e80      0xc  PFComponent.o [1]
  .rodata                 const    0xe1032e8c      0xc  PFComponent.o [1]
  .rodata                 const    0xe1032e98      0xc  PFComponent.o [1]
  .rodata                 const    0xe1032ea4      0xc  PFComponent.o [1]
  .rodata                 const    0xe1032eb0      0xc  PFComponent.o [1]
  .rodata                 const    0xe1032ebc      0xc  PRM1Component.o [1]
  .rodata                 const    0xe1032ec8      0xc  PRM1Component.o [1]
  .rodata                 const    0xe1032ed4      0xc  PRM1Component.o [1]
  .rodata                 const    0xe1032ee0      0xc  PRM1Component.o [1]
  .rodata                 const    0xe1032eec      0xc  PRM1Component.o [1]
  .rodata                 const    0xe1032ef8      0xc  PRM1Component.o [1]
  .rodata                 const    0xe1032f04      0xc  PRM1Component.o [1]
  .rodata                 const    0xe1032f10      0xc  PRM1Component.o [1]
  .rodata                 const    0xe1032f1c      0xc  PRM1Component.o [1]
  .rodata                 const    0xe1032f28      0xc  PRM1Component.o [1]
  .rodata                 const    0xe1032f34      0xc  PRM1Component.o [1]
  .rodata                 const    0xe1032f40      0xc  PRM1Component.o [1]
  .rodata                 const    0xe1032f4c      0xc  ResetSystemMenu.o [1]
  .rodata                 const    0xe1032f58      0xc  ResetSystemMenu.o [1]
  .rodata                 const    0xe1032f64      0xc  ResetSystemMenu.o [1]
  .rodata                 const    0xe1032f70      0xc  ResetSystemMenu.o [1]
  .rodata                 const    0xe1032f7c      0xc  ResetSystemMenu.o [1]
  .rodata                 const    0xe1032f88      0xc  ResetSystemMenu.o [1]
  .rodata                 const    0xe1032f94      0xc  ResetSystemMenu.o [1]
  .rodata                 const    0xe1032fa0      0xc  ResetSystemMenu.o [1]
  .rodata                 const    0xe1032fac      0xc  ResetSystemMenu.o [1]
  .rodata                 const    0xe1032fb8      0xc  ResetSystemMenu.o [1]
  .rodata                 const    0xe1032fc4      0xc  ResetSystemMenu.o [1]
  .rodata                 const    0xe1032fd0      0xc  ResetSystemMenu.o [1]
  .rodata                 const    0xe1032fdc      0xc  ResetSystemMenu.o [1]
  .rodata                 const    0xe1032fe8      0xc  ResetSystemMenu.o [1]
  .rodata                 const    0xe1032ff4      0xc  systemMenu.o [1]
  .rodata                 const    0xe1033000      0xc  systemMenu.o [1]
  .rodata                 const    0xe103300c      0xc  TZNP1Component.o [1]
  .rodata                 const    0xe1033018      0xc  TZNP2Component.o [1]
  .rodata                 const    0xe1033024      0xc  TZNP3Component.o [1]
  .rodata                 const    0xe1033030      0xc  TZNP4Component.o [1]
  .rodata                 const    0xe103303c      0xc  TZNP5Component.o [1]
  .rodata                 const    0xe1033048      0xc  UMMComponent.o [1]
  .rodata                 const    0xe1033054      0xc  UMMComponent.o [1]
  .rodata                 const    0xe1033060      0xc  UMMComponent.o [1]
  .rodata                 const    0xe103306c      0xc  UMMComponent.o [1]
  .rodata                 const    0xe1033078      0xc  UMMComponent.o [1]
  .rodata                 const    0xe1033084      0xc  UMMComponent.o [1]
  .rodata                 const    0xe1033090      0xc  UMMComponent.o [1]
  .rodata                 const    0xe103309c      0xc  UMMComponent.o [1]
  .rodata                 const    0xe10330a8      0xc  UMMComponent.o [1]
  .rodata                 const    0xe10330b4      0xc  UMMComponent.o [1]
  .rodata                 const    0xe10330c0      0xc  UMMComponent.o [1]
  .rodata                 const    0xe10330cc      0xc  UMMComponent.o [1]
  .rodata                 const    0xe10330d8      0xc  UMMComponent.o [1]
  .rodata                 const    0xe10330e4      0xc  UMMComponent.o [1]
  .rodata                 const    0xe10330f0      0xc  UMMComponent.o [1]
  .rodata                 const    0xe10330fc      0xc  UMMComponent.o [1]
  .rodata                 const    0xe1033108      0xc  UMMComponent.o [1]
  .rodata                 const    0xe1033114      0xc  UROVComponent.o [1]
  .rodata                 const    0xe1033120      0xc  UROVComponent.o [1]
  .rodata                 const    0xe103312c      0xc  UROVComponent.o [1]
  .rodata                 const    0xe1033138      0xc  UROVComponent.o [1]
  .rodata                 const    0xe1033144      0xc  ViewMenuReg.o [1]
  .rodata                 const    0xe1033150      0xc  ViewMenuReg.o [1]
  .rodata                 const    0xe103315c      0xc  ViewMenuWideLog.o [1]
  .rodata                 const    0xe1033168      0xc  ViewRepozit.o [1]
  .rodata                 const    0xe1033178      0x8  AppCn.o [1]
  .rodata                 const    0xe1033180      0x8  AppCn.o [1]
  .rodata                 const    0xe1033188      0x8  AppCn.o [1]
  .rodata                 const    0xe1033190      0x8  APVComponent.o [1]
  .rodata                 const    0xe1033198      0x8  APVComponent.o [1]
  .rodata                 const    0xe10331a0      0x8  APVComponent.o [1]
  .rodata                 const    0xe10331a8      0x8  APVComponent.o [1]
  .rodata                 const    0xe10331b0      0x8  APVComponent.o [1]
  .rodata                 const    0xe10331b8      0x8  DZ1Component.o [1]
  .rodata                 const    0xe10331c0      0x8  DZ3Component.o [1]
  .rodata                 const    0xe10331c8      0x8  DZ4Component.o [1]
  .rodata                 const    0xe10331d0      0x8  DZ5Component.o [1]
  .rodata                 const    0xe10331d8      0x8  MTZ1Component.o [1]
  .rodata                 const    0xe10331e0      0x8  MTZ1Component.o [1]
  .rodata                 const    0xe10331e8      0x8  MTZPacket.o [1]
  .rodata                 const    0xe10331f0      0x8  NZOP1Component.o [1]
  .rodata                 const    0xe10331f8      0x8  NZOPPacket.o [1]
  .rodata                 const    0xe1033200      0x8  NZOPPacket.o [1]
  .rodata                 const    0xe1033208      0x8  OFComponent.o [1]
  .rodata                 const    0xe1033210      0x8  PRM1Component.o [1]
  .rodata                 const    0xe1033218      0x8  PRM1Component.o [1]
  .rodata                 const    0xe1033220      0x8  ResetSystemMenu.o [1]
  .rodata                 const    0xe1033228      0x8  ResetSystemMenu.o [1]
  .rodata                 const    0xe1033230      0x8  ResetSystemMenu.o [1]
  .rodata                 const    0xe1033238      0x8  ResetSystemMenu.o [1]
  .rodata                 const    0xe1033240      0x8  ResetSystemMenu.o [1]
  .rodata                 const    0xe1033248      0x8  ResetSystemMenu.o [1]
  .rodata                 const    0xe1033250      0x8  ResetSystemMenu.o [1]
  .rodata                 const    0xe1033258      0x8  ResetSystemMenu.o [1]
  .rodata                 const    0xe1033260      0x8  ResetSystemMenu.o [1]
  .rodata                 const    0xe1033268      0x8  ResetSystemMenu.o [1]
  .rodata                 const    0xe1033270      0x8  ResetSystemMenu.o [1]
  .rodata                 const    0xe1033278      0x8  ResetSystemMenu.o [1]
  .rodata                 const    0xe1033280      0x8  ResetSystemMenu.o [1]
  .rodata                 const    0xe1033288      0x8  systemMenu.o [1]
  .rodata                 const    0xe1033290      0x8  systemMenu.o [1]
  .rodata                 const    0xe1033298      0x8  systemMenu.o [1]
  .rodata                 const    0xe10332a0      0x8  TZNP1Component.o [1]
[...]
resistance_fB0X5        0xe10acbe8     0x8  Data  Gb  SettingIci_data.o [1]
resistance_fB0Y1        0xe10acb30     0x8  Data  Gb  SettingIci_data.o [1]
resistance_fB0Y2        0xe10acb60     0x8  Data  Gb  SettingIci_data.o [1]
resistance_fB0Y3        0xe10acb90     0x8  Data  Gb  SettingIci_data.o [1]
resistance_fB0Y4        0xe10acbc0     0x8  Data  Gb  SettingIci_data.o [1]
resistance_fB0Y5        0xe10acbf0     0x8  Data  Gb  SettingIci_data.o [1]
resistance_fBMX         0xe10acc18     0x8  Data  Gb  SettingIci_data.o [1]
resistance_fBMY         0xe10acc20     0x8  Data  Gb  SettingIci_data.o [1]
resistance_fC0X1        0xe10acb38     0x8  Data  Gb  SettingIci_data.o [1]
resistance_fC0X2        0xe10acb68     0x8  Data  Gb  SettingIci_data.o [1]
resistance_fC0X3        0xe10acb98     0x8  Data  Gb  SettingIci_data.o [1]
resistance_fC0X4        0xe10acbc8     0x8  Data  Gb  SettingIci_data.o [1]
resistance_fC0X5        0xe10acbf8     0x8  Data  Gb  SettingIci_data.o [1]
resistance_fC0Y1        0xe10acb40     0x8  Data  Gb  SettingIci_data.o [1]
resistance_fC0Y2        0xe10acb70     0x8  Data  Gb  SettingIci_data.o [1]
resistance_fC0Y3        0xe10acba0     0x8  Data  Gb  SettingIci_data.o [1]
resistance_fC0Y4        0xe10acbd0     0x8  Data  Gb  SettingIci_data.o [1]
resistance_fC0Y5        0xe10acc00     0x8  Data  Gb  SettingIci_data.o [1]
resistance_fCMX         0xe10acc28     0x8  Data  Gb  SettingIci_data.o [1]
resistance_fCMY         0xe10acc30     0x8  Data  Gb  SettingIci_data.o [1]
restore_partial_VFP_state
                        0xe10133cc          Code  Gb  partial_vfp.o [1]
rpzCOMPONENT            0xe1082820   0x210  Data  Gb  ViewRepozit.o [1]
rpzCOMPONENT_WL         0xe10832c0    0x84  Data  Gb  ViewRepozitWL.o [1]
rpzcomponent_obj        0xe10abe00    0x90  Data  Gb  ViewRepozit.o [1]
rst1OT1                 0xe10ad0bc     0x4  Data  Gb  toSpeedDIS.o [1]
rst1OT2                 0xe10ad0c4     0x4  Data  Gb  toSpeedDIS.o [1]
rst1OT3                 0xe10ad0cc     0x4  Data  Gb  toSpeedDIS.o [1]
rst1OT4                 0xe10ad0d4     0x4  Data  Gb  toSpeedDIS.o [1]
rst1OT5                 0xe10ad0dc     0x4  Data  Gb  toSpeedDIS.o [1]
rst1OT6                 0xe10ad0e4     0x4  Data  Gb  toSpeedDIS.o [1]
rst1OT7                 0xe10ad0ec     0x4  Data  Gb  toSpeedDIS.o [1]
rst1OT8                 0xe10ad0f4     0x4  Data  Gb  toSpeedDIS.o [1]
rst2OT1                 0xe10ad0c0     0x4  Data  Gb  toSpeedDIS.o [1]
rst2OT2                 0xe10ad0c8     0x4  Data  Gb  toSpeedDIS.o [1]
rst2OT3                 0xe10ad0d0     0x4  Data  Gb  toSpeedDIS.o [1]
rst2OT4                 0xe10ad0d8     0x4  Data  Gb  toSpeedDIS.o [1]
rst2OT5                 0xe10ad0e0     0x4  Data  Gb  toSpeedDIS.o [1]
rst2OT6                 0xe10ad0e8     0x4  Data  Gb  toSpeedDIS.o [1]
rst2OT7                 0xe10ad0f0     0x4  Data  Gb  toSpeedDIS.o [1]
rst2OT8                 0xe10ad0f8     0x4  Data  Gb  toSpeedDIS.o [1]
samples_data_rdy        0xe10acd2c     0x4  Data  Gb  ici_api.o [1]
savePARAMtoEEPROM       0xe101a1a8    0x78  Code  Gb  ustavkitoEEPROM.o [1]
save_partial_VFP_state  0xe10133bc          Code  Gb  partial_vfp.o [1]
sectorMTZ_IA_N          0xe10acf44     0x4  Data  Gb  SettingIci_data.o [1]
sectorMTZ_IA_V          0xe10acf40     0x4  Data  Gb  SettingIci_data.o [1]
sectorMTZ_IB_N          0xe10acf4c     0x4  Data  Gb  SettingIci_data.o [1]
sectorMTZ_IB_V          0xe10acf48     0x4  Data  Gb  SettingIci_data.o [1]
sectorMTZ_IC_N          0xe10acf54     0x4  Data  Gb  SettingIci_data.o [1]
sectorMTZ_IC_V          0xe10acf50     0x4  Data  Gb  SettingIci_data.o [1]
sectorNZOP1_N           0xe10acf70     0x4  Data  Gb  SettingIci_data.o [1]
sectorNZOP1_V           0xe10acf6c     0x4  Data  Gb  SettingIci_data.o [1]
sectorNZOP2_N           0xe10acf78     0x4  Data  Gb  SettingIci_data.o [1]
sectorNZOP2_V           0xe10acf74     0x4  Data  Gb  SettingIci_data.o [1]
sectorTZNP1             0xe10acf58     0x4  Data  Gb  SettingIci_data.o [1]
sectorTZNP2             0xe10acf5c     0x4  Data  Gb  SettingIci_data.o [1]
sectorTZNP3             0xe10acf60     0x4  Data  Gb  SettingIci_data.o [1]
sectorTZNP4             0xe10acf64     0x4  Data  Gb  SettingIci_data.o [1]
sectorTZNP5             0xe10acf68     0x4  Data  Gb  SettingIci_data.o [1]
selectorDVHi            0xe10ace84     0x4  Data  Gb  periodOperations.o [1]
selectorDVLow           0xe10ace7c     0x4  Data  Gb  periodOperations.o [1]
selectorDVMidd          0xe10ace80     0x4  Data  Gb  periodOperations.o [1]
selectorUVVHi           0xe10ad138     0x4  Data  Gb  ViewMenuRang.o [1]
selectorUVVLow          0xe10ad130     0x4  Data  Gb  ViewMenuRang.o [1]
selectorUVVMidd         0xe10ad134     0x4  Data  Gb  ViewMenuRang.o [1]
selectorUprStrAPV       0xe10255d4    0x3c  Code  Gb  APVComponent.o [1]
selectorUprStrDV        0xe1020aa4    0x3c  Code  Gb  PRM1Component.o [1]
selectorUprStrDZ1       0xe1027c58    0x3c  Code  Gb  DZ1Component.o [1]
selectorUprStrDZ2       0xe1022f50    0x3c  Code  Gb  DZ2Component.o [1]
selectorUprStrMTZ1      0xe102719c    0x3c  Code  Gb  MTZ1Component.o [1]
selectorUprStrMTZ2      0xe1026250    0x3c  Code  Gb  MTZ2Component.o [1]
selectorUprStrNZOP1     0xe102a1b8    0xc4  Code  Gb  NZOP1Component.o [1]
selectorUprStrOF        0xe1021bc0    0x3c  Code  Gb  OFComponent.o [1]
selectorUprStrPRM1      0xe1020a68    0x3c  Code  Gb  PRM1Component.o [1]
selectorUprStrRELE      0xe1020ae0    0x3c  Code  Gb  PRM1Component.o [1]
selectorUprStrTZNP1     0xe1029638    0x3c  Code  Gb  TZNP1Component.o [1]
selectorUprStrTZNP2     0xe102cf2c    0x3c  Code  Gb  TZNP2Component.o [1]
selectorUprStrUMM       0xe102ac24    0xd0  Code  Gb  UMMComponent.o [1]
selectorUprStrUROV      0xe102b77c    0x3c  Code  Gb  UROVComponent.o [1]
send_cb_spi1            0xe104228c   0x10c  Code  Gb  ssp1L.o [1]
send_cb_ssp_Dma         0xe1010ea4    0x74  Code  Gb  ssp1.o [1]
setCRCMassiv            0xe1008de8    0x34  Code  Gb  psvisor_help.o [1]
setClonMngUSTAVKI       0xe100b164   0x100  Code  Gb  ustmanager.o [1]
setTimerENABLE          0xe103bf44    0x14  Code  Gb  logictimers.o [1]
setTimerENABLE_WL       0xe103bf6c    0x14  Code  Gb  logictimers.o [1]
setTimerPorog           0xe103bf58    0x14  Code  Gb  logictimers.o [1]
setTimerPorog_WL        0xe103bf80    0x14  Code  Gb  logictimers.o [1]
shCtrTrLpduSpiTeleMechs
                        0xe10ad152     0x2  Data  Gb  lpu.o [1]
speed_angle_APV         0xe10acf7c     0x4  Data  Gb  SettingIci_data.o [1]
spi1_rxbuff             0xe10ff320   0x320  Data  Lc  ssp1L.o [1]
spi1_rxfill             0xe10acfa8     0x4  Data  Gb  ssp1L.o [1]
spi1_rxget              0xe10acfa0     0x4  Data  Gb  ssp1L.o [1]
spi1_rxsize             0xe10acf98     0x4  Data  Gb  ssp1L.o [1]
spi1_txbuff             0xe10ff000   0x320  Data  Lc  ssp1L.o [1]
spi1_txfill             0xe10acf9c     0x4  Data  Gb  ssp1L.o [1]
spi1_txget              0xe10acfa4     0x4  Data  Gb  ssp1L.o [1]
spi1_txsize             0xe10acf94     0x4  Data  Gb  ssp1L.o [1]
splitUgolSVRT           0xe1004e38    0x34  Code  Gb  isNewZonaMethodVRT.o [1]
sprintf                 0xe100cd34    0x58  Code  Gb  sprintf.o [3]
spvUSTAVKI              0xe10a6038   0x708  Data  Gb  psupervisor.o [1]
sqrt                    0xe1006360          Code  Gb  sqrt.o [4]
sqrtl                   0xe1006360          Code  Gb  sqrt.o [4]
ssp1_hdr_init           0xe1010d64   0x140  Code  Gb  ssp1.o [1]
ssp1_regptr             0xe10acd7c     0x4  Data  Gb  main.o [1]
sspclks                 0xe10306f2     0x2  Data  Lc  lpcAV1_ssp_driver.o [1]
sspdev0                 0xe10acf90     0x4  Data  Gb  ssp1L.o [1]
sspdrv                  0xe10ac4a0    0x30  Data  Lc  lpcAV1_ssp_driver.o [1]
start_settings          0xe100a324    0x80  Code  Gb  main.o [1]
strcat                  0xe100cd8c    0x30  Code  Gb  strcat.o [3]
strchr                  0xe1013010          Code  Gb  strchr.o [5]
strcpy                  0xe100cccc          Code  Gb  strcpy.o [5]
stringList              0xe10a6740   0x600  Data  Gb  main.o [1]
strlen                  0xe10037e0          Code  Gb  strlen.o [5]
strncpy                 0xe1003834          Code  Gb  strncpy.o [5]
struct_maskaOTAPVUROVOFcmd
                        0xe10a58b8   0x780  Data  Gb  toSpeedDIS.o [1]
struct_maskaOTcmd       0xe10a7d38   0x500  Data  Gb  toSpeedDIS.o [1]
sub_menu_DZ             0xe10837f4    0x6c  Data  Gb  DZPacket.o [1]
sub_menu_MTZ            0xe1083860    0x6c  Data  Gb  MTZPacket.o [1]
sub_menu_NZOP           0xe1084e84    0x48  Data  Gb  NZOPPacket.o [1]
sub_menu_TZNP           0xe1083938    0x6c  Data  Gb  TZNPPacket.o [1]
sub_menu_act            0xe10859d0    0x18  Data  Gb  ResetSystemMenu.o [1]
sub_menu_apv            0xe1085a00    0x18  Data  Gb  ResetSystemMenu.o [1]
sub_menu_cdi            0xe1085788    0x24  Data  Gb  ResetSystemMenu.o [1]
sub_menu_cnf            0xe1082328   0x27c  Data  Gb  ResetSystemMenu.o [1]
sub_menu_cnfwl          0xe1082edc    0x9c  Data  Gb  ResetSystemMenu.o [1]
sub_menu_cntr           0xe1084f5c    0x48  Data  Gb  ResetSystemMenu.o [1]
sub_menu_comp_APV       0xe1083ad8    0x60  Data  Gb  APVComponent.o [1]
sub_menu_comp_DZ1       0xe1083b38    0x60  Data  Gb  DZ1Component.o [1]
sub_menu_comp_DZ2       0xe1083b98    0x60  Data  Gb  DZ2Component.o [1]
sub_menu_comp_DZ3       0xe1083bf8    0x60  Data  Gb  DZ3Component.o [1]
sub_menu_comp_DZ4       0xe1083c58    0x60  Data  Gb  DZ4Component.o [1]
sub_menu_comp_DZ5       0xe1083d18    0x60  Data  Gb  DZ5Component.o [1]
sub_menu_comp_MTZ1      0xe1083dd8    0x60  Data  Gb  MTZ1Component.o [1]
sub_menu_comp_MTZ2      0xe1083e98    0x60  Data  Gb  MTZ2Component.o [1]
sub_menu_comp_MTZ3      0xe1083f58    0x60  Data  Gb  MTZ3Component.o [1]
sub_menu_comp_MTZ4      0xe1084018    0x60  Data  Gb  MTZ4Component.o [1]
sub_menu_comp_MTZ5      0xe10840d8    0x60  Data  Gb  MTZ5Component.o [1]
sub_menu_comp_NZOP1     0xe1084198    0x60  Data  Gb  NZOP1Component.o [1]
sub_menu_comp_NZOP2     0xe10841f8    0x60  Data  Gb  NZOP2Component.o [1]
sub_menu_comp_OF        0xe1084258    0x60  Data  Gb  OFComponent.o [1]
sub_menu_comp_PF        0xe10842b8    0x60  Data  Gb  PFComponent.o [1]
sub_menu_comp_PRM1      0xe1084318    0x60  Data  Gb  PRM1Component.o [1]
sub_menu_comp_TZNP1     0xe1084378    0x60  Data  Gb  TZNP1Component.o [1]
sub_menu_comp_TZNP2     0xe10843d8    0x60  Data  Gb  TZNP2Component.o [1]
sub_menu_comp_TZNP3     0xe1084438    0x60  Data  Gb  TZNP3Component.o [1]
sub_menu_comp_TZNP4     0xe1084498    0x60  Data  Gb  TZNP4Component.o [1]
sub_menu_comp_TZNP5     0xe10844f8    0x60  Data  Gb  TZNP5Component.o [1]
sub_menu_comp_UMM       0xe1084558    0x60  Data  Gb  UMMComponent.o [1]
sub_menu_comp_UROV      0xe10845b8    0x60  Data  Gb  UROVComponent.o [1]
sub_menu_comp_WL        0xe1084618    0x60  Data  Gb  WLComponent.o [1]
sub_menu_dv             0xe1085740    0x24  Data  Gb  ResetSystemMenu.o [1]
sub_menu_main           0xe1082f78    0x9c  Data  Gb  ResetSystemMenu.o [1]
sub_menu_p1of           0xe1085a30    0x18  Data  Gb  ResetSystemMenu.o [1]
sub_menu_p2of           0xe1085a48    0x18  Data  Gb  ResetSystemMenu.o [1]
sub_menu_p3of           0xe1085a60    0x18  Data  Gb  ResetSystemMenu.o [1]
sub_menu_rdis           0xe10859e8    0x18  Data  Gb  ResetSystemMenu.o [1]
sub_menu_reg            0xe10859b8    0x18  Data  Gb  ResetSystemMenu.o [1]
sub_menu_rele           0xe1085764    0x24  Data  Gb  ResetSystemMenu.o [1]
sub_menu_rpz            0xe10825a4   0x27c  Data  Gb  ViewRepozit.o [1]
sub_menu_rpzWL          0xe1083014    0x9c  Data  Gb  ViewRepozitWL.o [1]
sub_menu_tmp            0xe1085a78    0x18  Data  Gb  ResetSystemMenu.o [1]
sub_menu_upr_compAPV    0xe1084990    0x54  Data  Gb  APVComponent.o [1]
sub_menu_upr_compCDI    0xe108571c    0x24  Data  Gb  PRM1Component.o [1]
sub_menu_upr_compDV     0xe10856d4    0x24  Data  Gb  PRM1Component.o [1]
sub_menu_upr_compDZ1    0xe1085500    0x24  Data  Gb  DZ1Component.o [1]
sub_menu_upr_compDZ3    0xe1085548    0x24  Data  Gb  DZ3Component.o [1]
sub_menu_upr_compDZ4    0xe1083cb8    0x60  Data  Gb  DZ4Component.o [1]
sub_menu_upr_compDZ5    0xe1083d78    0x60  Data  Gb  DZ5Component.o [1]
sub_menu_upr_compMTZ1   0xe1084b34    0x54  Data  Gb  MTZ1Component.o [1]
sub_menu_upr_compMTZ2   0xe10834b4    0x78  Data  Gb  MTZ2Component.o [1]
sub_menu_upr_compMTZ3   0xe1083134    0x84  Data  Gb  MTZ3Component.o [1]
sub_menu_upr_compMTZ4   0xe10831b8    0x84  Data  Gb  MTZ4Component.o [1]
sub_menu_upr_compMTZ5   0xe108323c    0x84  Data  Gb  MTZ5Component.o [1]
sub_menu_upr_compNZOP1  0xe1084d64    0x48  Data  Gb  NZOP1Component.o [1]
sub_menu_upr_compNZOP2  0xe1084e3c    0x48  Data  Gb  NZOP2Component.o [1]
sub_menu_upr_compOF     0xe108568c    0x24  Data  Gb  OFComponent.o [1]
sub_menu_upr_compPRM1   0xe1085064    0x3c  Data  Gb  PRM1Component.o [1]
sub_menu_upr_compRELE   0xe10856f8    0x24  Data  Gb  PRM1Component.o [1]
sub_menu_upr_compTZNP1  0xe108352c    0x78  Data  Gb  TZNP1Component.o [1]
sub_menu_upr_compTZNP2  0xe10835a4    0x78  Data  Gb  TZNP2Component.o [1]
sub_menu_upr_compTZNP3  0xe108361c    0x78  Data  Gb  TZNP3Component.o [1]
sub_menu_upr_compTZNP4  0xe1083694    0x78  Data  Gb  TZNP4Component.o [1]
sub_menu_upr_compTZNP5  0xe108370c    0x78  Data  Gb  TZNP5Component.o [1]
sub_menu_upr_compUMM    0xe1085860    0x24  Data  Gb  UMMComponent.o [1]
sub_menu_upr_compUROV   0xe10853a4    0x30  Data  Gb  UROVComponent.o [1]
sub_menu_upr_compUVV    0xe1084f14    0x48  Data  Gb  PRM1Component.o [1]
sub_menu_urov           0xe1085a18    0x18  Data  Gb  ResetSystemMenu.o [1]
sub_menu_ust_compAPV    0xe10833c4    0x78  Data  Gb  APVComponent.o [1]
sub_menu_ust_compDZ1    0xe10854b8    0x24  Data  Gb  DZ1Component.o [1]
sub_menu_ust_compDZ3    0xe10849e4    0x54  Data  Gb  DZ3Component.o [1]
sub_menu_ust_compDZ4    0xe1084a38    0x54  Data  Gb  DZ4Component.o [1]
sub_menu_ust_compDZ5    0xe1084a8c    0x54  Data  Gb  DZ5Component.o [1]
sub_menu_ust_compMTZ1   0xe1083e38    0x60  Data  Gb  MTZ1Component.o [1]
sub_menu_ust_compMTZ2   0xe1083ef8    0x60  Data  Gb  MTZ2Component.o [1]
sub_menu_ust_compMTZ3   0xe1083fb8    0x60  Data  Gb  MTZ3Component.o [1]
sub_menu_ust_compMTZ4   0xe1084078    0x60  Data  Gb  MTZ4Component.o [1]
sub_menu_ust_compMTZ5   0xe1084138    0x60  Data  Gb  MTZ5Component.o [1]
sub_menu_ust_compNZOP1  0xe10838cc    0x6c  Data  Gb  NZOP1Component.o [1]
sub_menu_ust_compNZOP2  0xe1084dac    0x48  Data  Gb  NZOP2Component.o [1]
sub_menu_ust_compOF     0xe1085668    0x24  Data  Gb  OFComponent.o [1]
sub_menu_ust_compPRM1   0xe1085028    0x3c  Data  Gb  PRM1Component.o [1]
sub_menu_ust_compTZNP1  0xe10850a0    0x3c  Data  Gb  TZNP1Component.o [1]
sub_menu_ust_compTZNP2  0xe10850dc    0x3c  Data  Gb  TZNP2Component.o [1]
sub_menu_ust_compTZNP3  0xe1085118    0x3c  Data  Gb  TZNP3Component.o [1]
sub_menu_ust_compTZNP4  0xe1085154    0x3c  Data  Gb  TZNP4Component.o [1]
sub_menu_ust_compTZNP5  0xe1085190    0x3c  Data  Gb  TZNP5Component.o [1]
sub_menu_ust_compUMM    0xe10839a4    0x6c  Data  Gb  UMMComponent.o [1]
sub_menu_ust_compUROV   0xe1085374    0x30  Data  Gb  UROVComponent.o [1]
sub_menu_ust_compUVV    0xe10856b0    0x24  Data  Gb  PRM1Component.o [1]
sub_menu_vid_compAPV    0xe1085428    0x24  Data  Gb  APVComponent.o [1]
sub_menu_vid_compDZ1    0xe10854dc    0x24  Data  Gb  DZ1Component.o [1]
sub_menu_vid_compDZ3    0xe1085524    0x24  Data  Gb  DZ3Component.o [1]
sub_menu_vid_compDZ4    0xe108556c    0x24  Data  Gb  DZ4Component.o [1]
sub_menu_vid_compDZ5    0xe1085590    0x24  Data  Gb  DZ5Component.o [1]
sub_menu_vid_compMTZ1   0xe1084ae0    0x54  Data  Gb  MTZ1Component.o [1]
sub_menu_vid_compMTZ2   0xe10855d8    0x24  Data  Gb  MTZ2Component.o [1]
sub_menu_vid_compMTZ3   0xe10855fc    0x24  Data  Gb  MTZ3Component.o [1]
sub_menu_vid_compMTZ4   0xe1085620    0x24  Data  Gb  MTZ4Component.o [1]
sub_menu_vid_compMTZ5   0xe1085644    0x24  Data  Gb  MTZ5Component.o [1]
sub_menu_vid_compNZOP1  0xe1084d1c    0x48  Data  Gb  NZOP1Component.o [1]
sub_menu_vid_compNZOP2  0xe1084df4    0x48  Data  Gb  NZOP2Component.o [1]
sub_menu_vid_compPRM1   0xe1084ecc    0x48  Data  Gb  PRM1Component.o [1]
sub_menu_vid_compTZNP1  0xe10857ac    0x24  Data  Gb  TZNP1Component.o [1]
sub_menu_vid_compTZNP2  0xe10857d0    0x24  Data  Gb  TZNP2Component.o [1]
sub_menu_vid_compTZNP3  0xe10857f4    0x24  Data  Gb  TZNP3Component.o [1]
sub_menu_vid_compTZNP4  0xe1085818    0x24  Data  Gb  TZNP4Component.o [1]
sub_menu_vid_compTZNP5  0xe108583c    0x24  Data  Gb  TZNP5Component.o [1]
sub_menu_vid_compUMM    0xe1084b88    0x54  Data  Gb  UMMComponent.o [1]
sub_menu_vid_compUROV   0xe10851cc    0x3c  Data  Gb  UROVComponent.o [1]
sub_menu_widel          0xe1085884    0x24  Data  Gb  WLComponent.o [1]
tempLog                 0xe10a282c   0xaf0  Data  Gb  psupervisor.o [1]
tempLog_WL              0xe10aae7c   0x190  Data  Gb  psupervisor.o [1]
testPrtTblState         0xe1085b74     0x8  Data  Gb  AppCn.o [1]
test_external_SRAM      0xe102ffe8   0x114  Code  Gb  start_settings.o [1]
timer0_user_interrupt   0xe100cfcc    0x20  Code  Gb  u3.o [1]
timer0dev               0xe10ad124     0x4  Data  Gb  u3.o [1]
timerEnableWL           0xe10acd4c     0x4  Data  Gb  logictimers.o [1]
timerWaitReqHSU1        0xe10acc38     0x4  Data  Gb  AppCn.o [1]
timerWaitReqHSU2        0xe10ac9d4     0x4  Data  Gb  AppCn.o [1]
timerWaitReqM2m         0xe10acc3c     0x4  Data  Gb  AppCn.o [1]
timerWaitReqSpi         0xe10acc40     0x4  Data  Gb  AppCn.o [1]
timer_num_to_clk_enum   0xe10332fc     0x4  Data  Lc  lpcAV1_timer_driver.o [1]
timing                  0xe10acd84     0x4  Data  Gb  main.o [1]
timingLoad              0xe10acd88     0x4  Data  Gb  main.o [1]
tmpUSTAVKI              0xe10ab00c   0x190  Data  Gb  ustmanager.o [1]
tmr_init                0xe10ac958    0x10  Data  Lc  lpcAV1_timer_driver.o [1]
tmrdat                  0xe10ac968    0x10  Data  Lc  lpcAV1_timer_driver.o [1]
total_measurement       0xe10a8e20   0x330  Data  Gb  ici_api.o [1]
trigReg                 0xe10acda0     0x4  Data  Gb  main.o [1]
twinDZ2                 0xe10ac9ac     0xc  Data  Gb  DZ2Component.o [1]
twinMTZ2                0xe10ac9b8     0xc  Data  Gb  MTZ2Component.o [1]
twinNZOP1               0xe10ace60     0x4  Data  Gb  NZOP1Component.o [1]
twinTZNP1               0xe10ac978    0x10  Data  Gb  TZNP1Component.o [1]
uiAmtSpiBadRvPacket     0xe10acd64     0x4  Data  Gb  lpu.o [1]
uiAmtSpiGoodRvPacket    0xe10acd60     0x4  Data  Gb  lpu.o [1]
ulCtrTrLpduSpi          0xe10acd54     0x4  Data  Gb  lpu.o [1]
ustavkiZN               0xe10acf88     0x4  Data  Gb  SettingIci_UMM.o [1]
vec_abort_handler       0xe1030394          Code  Gb  lpc32xx_vectors.o [1]
vec_fiq_handler         0xe103039c          Code  Gb  lpc32xx_vectors.o [1]
vec_irq_handler         0xe1030398          Code  Gb  lpc32xx_vectors.o [1]
vec_prefetch_handler    0xe1030390          Code  Gb  lpc32xx_vectors.o [1]
vec_reset_handler       0xe1030384          Code  Gb  lpc32xx_vectors.o [1]
vec_swi_handler         0xe103038c          Code  Gb  lpc32xx_vectors.o [1]
vec_undefined_handler   0xe1030388          Code  Gb  lpc32xx_vectors.o [1]
vecarea                 0xe10acd50     0x4  Data  Gb  lpc32xx_intc_driver.o [1]
voltage_difference_APV  0xe10acf84     0x4  Data  Gb  SettingIci_data.o [1]
workerUniversal1        0xe10acef4     0x4  Data  Gb  psvisor_help.o [1]
workerUniversal2        0xe10acef8     0x4  Data  Gb  psvisor_help.o [1]
zonaVertexBD            0xe10a7838   0x500  Data  Gb  isNewZonaMethodVRT.o [1]


[1] = D:\IAR projects\HR1_0100_00_I720_new2\EWP\Debug xRAM\Obj
[2] = command line
[3] = dl5E_aln.a
[4] = m5E_alv.a
[5] = rt5E_al.a

  199 506 bytes of readonly  code memory
   77 528 bytes of readwrite code memory
   48 445 bytes of readonly  data memory
  214 420 bytes of readwrite data memory (+ 152 absolute)

Errors: none
Warnings: 2
