###############################################################################
#
# IAR ELF Linker V7.40.3.8902/W32 for ARM                 15/Oct/2015  16:43:49
# Copyright 2007-2015 IAR Systems AB.
#
#    Output file  =  
#        D:\Program Files\IAR Systems\MYWORK\HR1_0100_00_I720_new2\EWP\Debug
#        xRAM\Exe\hr1_0100_00_i720.out
#    Map file     =  
#        D:\Program Files\IAR Systems\MYWORK\HR1_0100_00_I720_new2\EWP\Debug
#        xRAM\List\hr1_0100_00_i720.map
#    Command line =  
#        "D:\Program Files\IAR Systems\MYWORK\HR1_0100_00_I720_new2\EWP\Debug
#        xRAM\Obj\AppCn.o" "D:\Program Files\IAR
#        Systems\MYWORK\HR1_0100_00_I720_new2\EWP\Debug
#        xRAM\Obj\APVComponent.o" "D:\Program Files\IAR
#        Systems\MYWORK\HR1_0100_00_I720_new2\EWP\Debug
#        xRAM\Obj\arm926ej_cp15_drv.o" "D:\Program Files\IAR
#        Systems\MYWORK\HR1_0100_00_I720_new2\EWP\Debug
#        xRAM\Obj\board_lowlevel.o" "D:\Program Files\IAR
#        Systems\MYWORK\HR1_0100_00_I720_new2\EWP\Debug xRAM\Obj\br_var.o"
#        "D:\Program Files\IAR Systems\MYWORK\HR1_0100_00_I720_new2\EWP\Debug
#        xRAM\Obj\callBackElement.o" "D:\Program Files\IAR
#        Systems\MYWORK\HR1_0100_00_I720_new2\EWP\Debug
#        xRAM\Obj\cicloGrammaEEPROM1.o" "D:\Program Files\IAR
#        Systems\MYWORK\HR1_0100_00_I720_new2\EWP\Debug
#        xRAM\Obj\cicloGrammaEEPROM2.o" "D:\Program Files\IAR
#        Systems\MYWORK\HR1_0100_00_I720_new2\EWP\Debug xRAM\Obj\cstartup.o"
#        "D:\Program Files\IAR Systems\MYWORK\HR1_0100_00_I720_new2\EWP\Debug
#        xRAM\Obj\CTpu.o" "D:\Program Files\IAR
#        Systems\MYWORK\HR1_0100_00_I720_new2\EWP\Debug xRAM\Obj\cy7.o"
#        "D:\Program Files\IAR Systems\MYWORK\HR1_0100_00_I720_new2\EWP\Debug
#        xRAM\Obj\DZ1Component.o" "D:\Program Files\IAR
#        Systems\MYWORK\HR1_0100_00_I720_new2\EWP\Debug
#        xRAM\Obj\DZ2Component.o" "D:\Program Files\IAR
#        Systems\MYWORK\HR1_0100_00_I720_new2\EWP\Debug
#        xRAM\Obj\DZ3Component.o" "D:\Program Files\IAR
#        Systems\MYWORK\HR1_0100_00_I720_new2\EWP\Debug
#        xRAM\Obj\DZ4Component.o" "D:\Program Files\IAR
#        Systems\MYWORK\HR1_0100_00_I720_new2\EWP\Debug
#        xRAM\Obj\DZ5Component.o" "D:\Program Files\IAR
#        Systems\MYWORK\HR1_0100_00_I720_new2\EWP\Debug xRAM\Obj\DZPacket.o"
#        "D:\Program Files\IAR Systems\MYWORK\HR1_0100_00_I720_new2\EWP\Debug
#        xRAM\Obj\extentiontoEEPROM.o" "D:\Program Files\IAR
#        Systems\MYWORK\HR1_0100_00_I720_new2\EWP\Debug xRAM\Obj\extmanager.o"
#        "D:\Program Files\IAR Systems\MYWORK\HR1_0100_00_I720_new2\EWP\Debug
#        xRAM\Obj\FLogTimer.o" "D:\Program Files\IAR
#        Systems\MYWORK\HR1_0100_00_I720_new2\EWP\Debug
#        xRAM\Obj\FLogTimerRES.o" "D:\Program Files\IAR
#        Systems\MYWORK\HR1_0100_00_I720_new2\EWP\Debug
#        xRAM\Obj\getINTERFACE.o" "D:\Program Files\IAR
#        Systems\MYWORK\HR1_0100_00_I720_new2\EWP\Debug xRAM\Obj\hu1.o"
#        "D:\Program Files\IAR Systems\MYWORK\HR1_0100_00_I720_new2\EWP\Debug
#        xRAM\Obj\hu1l.o" "D:\Program Files\IAR
#        Systems\MYWORK\HR1_0100_00_I720_new2\EWP\Debug xRAM\Obj\hu2.o"
#        "D:\Program Files\IAR Systems\MYWORK\HR1_0100_00_I720_new2\EWP\Debug
#        xRAM\Obj\hu2l.o" "D:\Program Files\IAR
#        Systems\MYWORK\HR1_0100_00_I720_new2\EWP\Debug xRAM\Obj\hu7.o"
#        "D:\Program Files\IAR Systems\MYWORK\HR1_0100_00_I720_new2\EWP\Debug
#        xRAM\Obj\hu7l.o" "D:\Program Files\IAR
#        Systems\MYWORK\HR1_0100_00_I720_new2\EWP\Debug xRAM\Obj\ici_api.o"
#        "D:\Program Files\IAR Systems\MYWORK\HR1_0100_00_I720_new2\EWP\Debug
#        xRAM\Obj\ILogTimer.o" "D:\Program Files\IAR
#        Systems\MYWORK\HR1_0100_00_I720_new2\EWP\Debug
#        xRAM\Obj\ILogTimerRES.o" "D:\Program Files\IAR
#        Systems\MYWORK\HR1_0100_00_I720_new2\EWP\Debug
#        xRAM\Obj\isNewZonaMethodVRT.o" "D:\Program Files\IAR
#        Systems\MYWORK\HR1_0100_00_I720_new2\EWP\Debug
#        xRAM\Obj\isZonaTrianMethodVRT.o" "D:\Program Files\IAR
#        Systems\MYWORK\HR1_0100_00_I720_new2\EWP\Debug
#        xRAM\Obj\JLINKDCC_HandleDataAbort.o" "D:\Program Files\IAR
#        Systems\MYWORK\HR1_0100_00_I720_new2\EWP\Debug
#        xRAM\Obj\JLINKDCC_Process.o" "D:\Program Files\IAR
#        Systems\MYWORK\HR1_0100_00_I720_new2\EWP\Debug xRAM\Obj\logicAPV.o"
#        "D:\Program Files\IAR Systems\MYWORK\HR1_0100_00_I720_new2\EWP\Debug
#        xRAM\Obj\logicDZ1.o" "D:\Program Files\IAR
#        Systems\MYWORK\HR1_0100_00_I720_new2\EWP\Debug xRAM\Obj\logicDZ2to5.o"
#        "D:\Program Files\IAR Systems\MYWORK\HR1_0100_00_I720_new2\EWP\Debug
#        xRAM\Obj\logicMTZ1.o" "D:\Program Files\IAR
#        Systems\MYWORK\HR1_0100_00_I720_new2\EWP\Debug
#        xRAM\Obj\logicMTZ2to5.o" "D:\Program Files\IAR
#        Systems\MYWORK\HR1_0100_00_I720_new2\EWP\Debug
#        xRAM\Obj\logicNZOP1to2.o" "D:\Program Files\IAR
#        Systems\MYWORK\HR1_0100_00_I720_new2\EWP\Debug xRAM\Obj\logicOF.o"
#        "D:\Program Files\IAR Systems\MYWORK\HR1_0100_00_I720_new2\EWP\Debug
#        xRAM\Obj\logicPF.o" "D:\Program Files\IAR
#        Systems\MYWORK\HR1_0100_00_I720_new2\EWP\Debug xRAM\Obj\logicPRM1.o"
#        "D:\Program Files\IAR Systems\MYWORK\HR1_0100_00_I720_new2\EWP\Debug
#        xRAM\Obj\logictimers.o" "D:\Program Files\IAR
#        Systems\MYWORK\HR1_0100_00_I720_new2\EWP\Debug
#        xRAM\Obj\logicTZNP1to5.o" "D:\Program Files\IAR
#        Systems\MYWORK\HR1_0100_00_I720_new2\EWP\Debug xRAM\Obj\logicUMM.o"
#        "D:\Program Files\IAR Systems\MYWORK\HR1_0100_00_I720_new2\EWP\Debug
#        xRAM\Obj\logicUROV.o" "D:\Program Files\IAR
#        Systems\MYWORK\HR1_0100_00_I720_new2\EWP\Debug xRAM\Obj\logicWL.o"
#        "D:\Program Files\IAR Systems\MYWORK\HR1_0100_00_I720_new2\EWP\Debug
#        xRAM\Obj\lpc32xx_clkpwr_driver.o" "D:\Program Files\IAR
#        Systems\MYWORK\HR1_0100_00_I720_new2\EWP\Debug
#        xRAM\Obj\lpc32xx_dma_driver.o" "D:\Program Files\IAR
#        Systems\MYWORK\HR1_0100_00_I720_new2\EWP\Debug
#        xRAM\Obj\lpc32xx_gpio_driver.o" "D:\Program Files\IAR
#        Systems\MYWORK\HR1_0100_00_I720_new2\EWP\Debug
#        xRAM\Obj\lpc32xx_hstimer_driver.o" "D:\Program Files\IAR
#        Systems\MYWORK\HR1_0100_00_I720_new2\EWP\Debug
#        xRAM\Obj\lpc32xx_intc_driver.o" "D:\Program Files\IAR
#        Systems\MYWORK\HR1_0100_00_I720_new2\EWP\Debug
#        xRAM\Obj\lpc32xx_spi_driver.o" "D:\Program Files\IAR
#        Systems\MYWORK\HR1_0100_00_I720_new2\EWP\Debug
#        xRAM\Obj\lpc32xx_uart_driver.o" "D:\Program Files\IAR
#        Systems\MYWORK\HR1_0100_00_I720_new2\EWP\Debug
#        xRAM\Obj\lpc32xx_vectors.o" "D:\Program Files\IAR
#        Systems\MYWORK\HR1_0100_00_I720_new2\EWP\Debug
#        xRAM\Obj\lpc_arm922t_cp15_driver.o" "D:\Program Files\IAR
#        Systems\MYWORK\HR1_0100_00_I720_new2\EWP\Debug
#        xRAM\Obj\lpcAV1_dma_driver.o" "D:\Program Files\IAR
#        Systems\MYWORK\HR1_0100_00_I720_new2\EWP\Debug
#        xRAM\Obj\lpcAV1_hsuart_driver.o" "D:\Program Files\IAR
#        Systems\MYWORK\HR1_0100_00_I720_new2\EWP\Debug
#        xRAM\Obj\lpcAV1_intc_driver.o" "D:\Program Files\IAR
#        Systems\MYWORK\HR1_0100_00_I720_new2\EWP\Debug
#        xRAM\Obj\lpcAV1_ssp_driver.o" "D:\Program Files\IAR
#        Systems\MYWORK\HR1_0100_00_I720_new2\EWP\Debug
#        xRAM\Obj\lpcAV1_timer_driver.o" "D:\Program Files\IAR
#        Systems\MYWORK\HR1_0100_00_I720_new2\EWP\Debug
#        xRAM\Obj\lpcAV1_uart_driver.o" "D:\Program Files\IAR
#        Systems\MYWORK\HR1_0100_00_I720_new2\EWP\Debug xRAM\Obj\lpu.o"
#        "D:\Program Files\IAR Systems\MYWORK\HR1_0100_00_I720_new2\EWP\Debug
#        xRAM\Obj\main.o" "D:\Program Files\IAR
#        Systems\MYWORK\HR1_0100_00_I720_new2\EWP\Debug
#        xRAM\Obj\missionCollectionEEPROM1.o" "D:\Program Files\IAR
#        Systems\MYWORK\HR1_0100_00_I720_new2\EWP\Debug
#        xRAM\Obj\missionCollectionEEPROM2.o" "D:\Program Files\IAR
#        Systems\MYWORK\HR1_0100_00_I720_new2\EWP\Debug
#        xRAM\Obj\MTZ1Component.o" "D:\Program Files\IAR
#        Systems\MYWORK\HR1_0100_00_I720_new2\EWP\Debug
#        xRAM\Obj\MTZ2Component.o" "D:\Program Files\IAR
#        Systems\MYWORK\HR1_0100_00_I720_new2\EWP\Debug
#        xRAM\Obj\MTZ3Component.o" "D:\Program Files\IAR
#        Systems\MYWORK\HR1_0100_00_I720_new2\EWP\Debug
#        xRAM\Obj\MTZ4Component.o" "D:\Program Files\IAR
#        Systems\MYWORK\HR1_0100_00_I720_new2\EWP\Debug
#        xRAM\Obj\MTZ5Component.o" "D:\Program Files\IAR
#        Systems\MYWORK\HR1_0100_00_I720_new2\EWP\Debug xRAM\Obj\MTZPacket.o"
#        "D:\Program Files\IAR Systems\MYWORK\HR1_0100_00_I720_new2\EWP\Debug
#        xRAM\Obj\NZOP1Component.o" "D:\Program Files\IAR
#        Systems\MYWORK\HR1_0100_00_I720_new2\EWP\Debug
#        xRAM\Obj\NZOP2Component.o" "D:\Program Files\IAR
#        Systems\MYWORK\HR1_0100_00_I720_new2\EWP\Debug xRAM\Obj\NZOPPacket.o"
#        "D:\Program Files\IAR Systems\MYWORK\HR1_0100_00_I720_new2\EWP\Debug
#        xRAM\Obj\OFComponent.o" "D:\Program Files\IAR
#        Systems\MYWORK\HR1_0100_00_I720_new2\EWP\Debug xRAM\Obj\partial_vfp.o"
#        "D:\Program Files\IAR Systems\MYWORK\HR1_0100_00_I720_new2\EWP\Debug
#        xRAM\Obj\periodOperations.o" "D:\Program Files\IAR
#        Systems\MYWORK\HR1_0100_00_I720_new2\EWP\Debug xRAM\Obj\PFComponent.o"
#        "D:\Program Files\IAR Systems\MYWORK\HR1_0100_00_I720_new2\EWP\Debug
#        xRAM\Obj\PRM1Component.o" "D:\Program Files\IAR
#        Systems\MYWORK\HR1_0100_00_I720_new2\EWP\Debug xRAM\Obj\psupervisor.o"
#        "D:\Program Files\IAR Systems\MYWORK\HR1_0100_00_I720_new2\EWP\Debug
#        xRAM\Obj\psvisor_help.o" "D:\Program Files\IAR
#        Systems\MYWORK\HR1_0100_00_I720_new2\EWP\Debug
#        xRAM\Obj\rangirtoEEPROM.o" "D:\Program Files\IAR
#        Systems\MYWORK\HR1_0100_00_I720_new2\EWP\Debug xRAM\Obj\rangmanager.o"
#        "D:\Program Files\IAR Systems\MYWORK\HR1_0100_00_I720_new2\EWP\Debug
#        xRAM\Obj\ResetSystemMenu.o" "D:\Program Files\IAR
#        Systems\MYWORK\HR1_0100_00_I720_new2\EWP\Debug
#        xRAM\Obj\SettingIci_APV.o" "D:\Program Files\IAR
#        Systems\MYWORK\HR1_0100_00_I720_new2\EWP\Debug
#        xRAM\Obj\SettingIci_data.o" "D:\Program Files\IAR
#        Systems\MYWORK\HR1_0100_00_I720_new2\EWP\Debug
#        xRAM\Obj\SettingIci_DZ1.o" "D:\Program Files\IAR
#        Systems\MYWORK\HR1_0100_00_I720_new2\EWP\Debug
#        xRAM\Obj\SettingIci_DZ2to5.o" "D:\Program Files\IAR
#        Systems\MYWORK\HR1_0100_00_I720_new2\EWP\Debug
#        xRAM\Obj\SettingIci_MTZ.o" "D:\Program Files\IAR
#        Systems\MYWORK\HR1_0100_00_I720_new2\EWP\Debug
#        xRAM\Obj\SettingIci_NZOP.o" "D:\Program Files\IAR
#        Systems\MYWORK\HR1_0100_00_I720_new2\EWP\Debug
#        xRAM\Obj\SettingIci_OF.o" "D:\Program Files\IAR
#        Systems\MYWORK\HR1_0100_00_I720_new2\EWP\Debug
#        xRAM\Obj\SettingIci_OFDZ.o" "D:\Program Files\IAR
#        Systems\MYWORK\HR1_0100_00_I720_new2\EWP\Debug
#        xRAM\Obj\SettingIci_OFMTZ.o" "D:\Program Files\IAR
#        Systems\MYWORK\HR1_0100_00_I720_new2\EWP\Debug
#        xRAM\Obj\SettingIci_OFTZNP.o" "D:\Program Files\IAR
#        Systems\MYWORK\HR1_0100_00_I720_new2\EWP\Debug
#        xRAM\Obj\SettingIci_OFUMM.o" "D:\Program Files\IAR
#        Systems\MYWORK\HR1_0100_00_I720_new2\EWP\Debug
#        xRAM\Obj\SettingIci_PRM1.o" "D:\Program Files\IAR
#        Systems\MYWORK\HR1_0100_00_I720_new2\EWP\Debug
#        xRAM\Obj\SettingIci_Rangir.o" "D:\Program Files\IAR
#        Systems\MYWORK\HR1_0100_00_I720_new2\EWP\Debug
#        xRAM\Obj\SettingIci_RangirAPV.o" "D:\Program Files\IAR
#        Systems\MYWORK\HR1_0100_00_I720_new2\EWP\Debug
#        xRAM\Obj\SettingIci_RangirDZ.o" "D:\Program Files\IAR
#        Systems\MYWORK\HR1_0100_00_I720_new2\EWP\Debug
#        xRAM\Obj\SettingIci_RangirMTZ.o" "D:\Program Files\IAR
#        Systems\MYWORK\HR1_0100_00_I720_new2\EWP\Debug
#        xRAM\Obj\SettingIci_RangirNZOP.o" "D:\Program Files\IAR
#        Systems\MYWORK\HR1_0100_00_I720_new2\EWP\Debug
#        xRAM\Obj\SettingIci_RangirOF.o" "D:\Program Files\IAR
#        Systems\MYWORK\HR1_0100_00_I720_new2\EWP\Debug
#        xRAM\Obj\SettingIci_RangirPRM1.o" "D:\Program Files\IAR
#        Systems\MYWORK\HR1_0100_00_I720_new2\EWP\Debug
#        xRAM\Obj\SettingIci_RangirTZNP.o" "D:\Program Files\IAR
#        Systems\MYWORK\HR1_0100_00_I720_new2\EWP\Debug
#        xRAM\Obj\SettingIci_RangirUMM.o" "D:\Program Files\IAR
#        Systems\MYWORK\HR1_0100_00_I720_new2\EWP\Debug
#        xRAM\Obj\SettingIci_RangirUROV.o" "D:\Program Files\IAR
#        Systems\MYWORK\HR1_0100_00_I720_new2\EWP\Debug
#        xRAM\Obj\SettingIci_TZNP.o" "D:\Program Files\IAR
#        Systems\MYWORK\HR1_0100_00_I720_new2\EWP\Debug
#        xRAM\Obj\SettingIci_UMM.o" "D:\Program Files\IAR
#        Systems\MYWORK\HR1_0100_00_I720_new2\EWP\Debug
#        xRAM\Obj\SettingIci_UROV.o" "D:\Program Files\IAR
#        Systems\MYWORK\HR1_0100_00_I720_new2\EWP\Debug xRAM\Obj\ssp1.o"
#        "D:\Program Files\IAR Systems\MYWORK\HR1_0100_00_I720_new2\EWP\Debug
#        xRAM\Obj\ssp1L.o" "D:\Program Files\IAR
#        Systems\MYWORK\HR1_0100_00_I720_new2\EWP\Debug
#        xRAM\Obj\start_settings.o" "D:\Program Files\IAR
#        Systems\MYWORK\HR1_0100_00_I720_new2\EWP\Debug xRAM\Obj\systemMenu.o"
#        "D:\Program Files\IAR Systems\MYWORK\HR1_0100_00_I720_new2\EWP\Debug
#        xRAM\Obj\toSpeedDIS.o" "D:\Program Files\IAR
#        Systems\MYWORK\HR1_0100_00_I720_new2\EWP\Debug
#        xRAM\Obj\toSpeedOptim.o" "D:\Program Files\IAR
#        Systems\MYWORK\HR1_0100_00_I720_new2\EWP\Debug
#        xRAM\Obj\toSpeedZonaVRT.o" "D:\Program Files\IAR
#        Systems\MYWORK\HR1_0100_00_I720_new2\EWP\Debug xRAM\Obj\translateI.o"
#        "D:\Program Files\IAR Systems\MYWORK\HR1_0100_00_I720_new2\EWP\Debug
#        xRAM\Obj\ttbl.o" "D:\Program Files\IAR
#        Systems\MYWORK\HR1_0100_00_I720_new2\EWP\Debug xRAM\Obj\TxtStream.o"
#        "D:\Program Files\IAR Systems\MYWORK\HR1_0100_00_I720_new2\EWP\Debug
#        xRAM\Obj\TZNP1Component.o" "D:\Program Files\IAR
#        Systems\MYWORK\HR1_0100_00_I720_new2\EWP\Debug
#        xRAM\Obj\TZNP2Component.o" "D:\Program Files\IAR
#        Systems\MYWORK\HR1_0100_00_I720_new2\EWP\Debug
#        xRAM\Obj\TZNP3Component.o" "D:\Program Files\IAR
#        Systems\MYWORK\HR1_0100_00_I720_new2\EWP\Debug
#        xRAM\Obj\TZNP4Component.o" "D:\Program Files\IAR
#        Systems\MYWORK\HR1_0100_00_I720_new2\EWP\Debug
#        xRAM\Obj\TZNP5Component.o" "D:\Program Files\IAR
#        Systems\MYWORK\HR1_0100_00_I720_new2\EWP\Debug xRAM\Obj\TZNPPacket.o"
#        "D:\Program Files\IAR Systems\MYWORK\HR1_0100_00_I720_new2\EWP\Debug
#        xRAM\Obj\u3.o" "D:\Program Files\IAR
#        Systems\MYWORK\HR1_0100_00_I720_new2\EWP\Debug xRAM\Obj\u3l.o"
#        "D:\Program Files\IAR Systems\MYWORK\HR1_0100_00_I720_new2\EWP\Debug
#        xRAM\Obj\UMMComponent.o" "D:\Program Files\IAR
#        Systems\MYWORK\HR1_0100_00_I720_new2\EWP\Debug
#        xRAM\Obj\UROVComponent.o" "D:\Program Files\IAR
#        Systems\MYWORK\HR1_0100_00_I720_new2\EWP\Debug
#        xRAM\Obj\ustavkitoEEPROM.o" "D:\Program Files\IAR
#        Systems\MYWORK\HR1_0100_00_I720_new2\EWP\Debug xRAM\Obj\ustmanager.o"
#        "D:\Program Files\IAR Systems\MYWORK\HR1_0100_00_I720_new2\EWP\Debug
#        xRAM\Obj\ViewMenuCnf.o" "D:\Program Files\IAR
#        Systems\MYWORK\HR1_0100_00_I720_new2\EWP\Debug
#        xRAM\Obj\viewMenuList.o" "D:\Program Files\IAR
#        Systems\MYWORK\HR1_0100_00_I720_new2\EWP\Debug
#        xRAM\Obj\ViewMenuRang.o" "D:\Program Files\IAR
#        Systems\MYWORK\HR1_0100_00_I720_new2\EWP\Debug xRAM\Obj\ViewMenuReg.o"
#        "D:\Program Files\IAR Systems\MYWORK\HR1_0100_00_I720_new2\EWP\Debug
#        xRAM\Obj\viewMenuSub.o" "D:\Program Files\IAR
#        Systems\MYWORK\HR1_0100_00_I720_new2\EWP\Debug xRAM\Obj\ViewMenuTip.o"
#        "D:\Program Files\IAR Systems\MYWORK\HR1_0100_00_I720_new2\EWP\Debug
#        xRAM\Obj\ViewMenuWideLog.o" "D:\Program Files\IAR
#        Systems\MYWORK\HR1_0100_00_I720_new2\EWP\Debug xRAM\Obj\ViewRepozit.o"
#        "D:\Program Files\IAR Systems\MYWORK\HR1_0100_00_I720_new2\EWP\Debug
#        xRAM\Obj\ViewRepozitWL.o" "D:\Program Files\IAR
#        Systems\MYWORK\HR1_0100_00_I720_new2\EWP\Debug
#        xRAM\Obj\widelogmanager.o" "D:\Program Files\IAR
#        Systems\MYWORK\HR1_0100_00_I720_new2\EWP\Debug xRAM\Obj\WLComponent.o"
#        --redirect _Printf=_PrintfFull --redirect _Scanf=_ScanfFull -o
#        "D:\Program Files\IAR Systems\MYWORK\HR1_0100_00_I720_new2\EWP\Debug
#        xRAM\Exe\hr1_0100_00_i720.out" --map "D:\Program Files\IAR
#        Systems\MYWORK\HR1_0100_00_I720_new2\EWP\Debug
#        xRAM\List\hr1_0100_00_i720.map" --config "D:\Program Files\IAR
#        Systems\MYWORK\HR1_0100_00_I720_new2\EWP\..\cfg\LPC3000_xRAM.icf"
#        --entry __iar_program_start --vfe
#
###############################################################################

*******************************************************************************
*** MESSAGES
***


  place in RAM_code_region                { section Fast_function, readonly };
  ^
"D:\Program Files\IAR Systems\MYWORK\HR1_0100_00_I720_new2\EWP\..\cfg\LPC3000_xRAM.icf",67  Warning[Lp005]: 
          placement includes a mix of sections with content (example
          "ro data section .data_init in AppCn.o") and sections without content
          (example "rw code section Fast_function in AppCn.o symbols: [ExecExis
          tProxy, ExecProxy, ProcessReceiveEvt, UpdateRVGoosBCTpuUnit, ExecExis
          tProxyManager, ProcessTransmitEvt, UpdateAppData, UpdateRVGoosACTpuUn
          it]")

  place in RAM_code_region                { section Fast_function, readonly };
  ^
"D:\Program Files\IAR Systems\MYWORK\HR1_0100_00_I720_new2\EWP\..\cfg\LPC3000_xRAM.icf",67  Warning[Lp006]: 
          placement includes a mix of writable sections (example "rw code secti
          on Fast_function in AppCn.o symbols: [ExecExistProxy, ExecProxy, Proc
          essReceiveEvt, UpdateRVGoosBCTpuUnit, ExecExistProxyManager, ProcessT
          ransmitEvt, UpdateAppData, UpdateRVGoosACTpuUnit]") and non-writable
          sections (example "ro data section .data_init in AppCn.o")


*******************************************************************************
*** RUNTIME MODEL ATTRIBUTES
***

CppFlavor       = *
__SystemLibrary = DLib


*******************************************************************************
*** PLACEMENT SUMMARY
***

"A1":  place at start of [0xe1000000-0xe10000ff] { section .cstartup };
"P1":  place in [from 0xe1000100 to 0xe107efff] { section Fast_function, ro };
"P2":  place in [from 0xe107f000 to 0xe107ffff] {
          section Fast_function_no_cache, ro section CODE_NOCACHE };
"P3":  place in [from 0xe1080000 to 0xe10fefff] {
          zi, rw, block CSTACK, block SVC_STACK, block IRQ_STACK,
          block FIQ_STACK, block UND_STACK, block ABT_STACK, block HEAP };
"P4":  place in [from 0xe10ff000 to 0xe10fffff] { rw data section DMA_BUFFERS };
"P5":  place in [from 0x08000100 to 0x0803ffff] {
          rw data section MMU_TT, section I_RAM_variables,
          section IRAM_function };

  Section                 Kind        Address     Size  Object
  -------                 ----        -------     ----  ------
"P5":                                           0x4c00
  MMU_TT                  uninit   0x08004000   0x4000  ttbl.o [1]
  MMU_TT                  uninit   0x08008000    0x400  ttbl.o [1]
  MMU_TT                  uninit   0x08008800    0x400  ttbl.o [1]
                                 - 0x08008c00   0x4c00

Absolute sections, part 1 of 20:                   0x4
  .noinit                 uninit   0x31080000      0x4  board_lowlevel.o [1]
                                 - 0x31080004      0x4

Absolute sections, part 2 of 20:                   0x4
  .noinit                 uninit   0x31080008      0x4  board_lowlevel.o [1]
                                 - 0x3108000c      0x4

Absolute sections, part 3 of 20:                   0x4
  .noinit                 uninit   0x31080080      0x4  board_lowlevel.o [1]
                                 - 0x31080084      0x4

Absolute sections, part 4 of 20:                  0x10
  .noinit                 uninit   0x31080200      0x4  board_lowlevel.o [1]
  .noinit                 uninit   0x31080204      0x4  board_lowlevel.o [1]
  .noinit                 uninit   0x31080208      0x4  board_lowlevel.o [1]
  .noinit                 uninit   0x3108020c      0x4  board_lowlevel.o [1]
                                 - 0x31080210     0x10

Absolute sections, part 5 of 20:                   0x8
  .noinit                 uninit   0x31080214      0x4  board_lowlevel.o [1]
  .noinit                 uninit   0x31080218      0x4  board_lowlevel.o [1]
                                 - 0x3108021c      0x8

Absolute sections, part 6 of 20:                  0x10
  .noinit                 uninit   0x31080220      0x4  board_lowlevel.o [1]
  .noinit                 uninit   0x31080224      0x4  board_lowlevel.o [1]
  .noinit                 uninit   0x31080228      0x4  board_lowlevel.o [1]
  .noinit                 uninit   0x3108022c      0x4  board_lowlevel.o [1]
                                 - 0x31080230     0x10

Absolute sections, part 7 of 20:                   0x8
  .noinit                 uninit   0x31080234      0x4  board_lowlevel.o [1]
  .noinit                 uninit   0x31080238      0x4  board_lowlevel.o [1]
                                 - 0x3108023c      0x8

Absolute sections, part 8 of 20:                  0x10
  .noinit                 uninit   0x31080240      0x4  board_lowlevel.o [1]
  .noinit                 uninit   0x31080244      0x4  board_lowlevel.o [1]
  .noinit                 uninit   0x31080248      0x4  board_lowlevel.o [1]
  .noinit                 uninit   0x3108024c      0x4  board_lowlevel.o [1]
                                 - 0x31080250     0x10

Absolute sections, part 9 of 20:                   0x8
  .noinit                 uninit   0x31080254      0x4  board_lowlevel.o [1]
  .noinit                 uninit   0x31080258      0x4  board_lowlevel.o [1]
                                 - 0x3108025c      0x8

Absolute sections, part 10 of 20:                 0x10
  .noinit                 uninit   0x31080260      0x4  board_lowlevel.o [1]
  .noinit                 uninit   0x31080264      0x4  board_lowlevel.o [1]
  .noinit                 uninit   0x31080268      0x4  board_lowlevel.o [1]
  .noinit                 uninit   0x3108026c      0x4  board_lowlevel.o [1]
                                 - 0x31080270     0x10

Absolute sections, part 11 of 20:                  0x8
  .noinit                 uninit   0x31080274      0x4  board_lowlevel.o [1]
  .noinit                 uninit   0x31080278      0x4  board_lowlevel.o [1]
                                 - 0x3108027c      0x8

Absolute sections, part 12 of 20:                  0x4
  .noinit                 uninit   0x31080400      0x4  board_lowlevel.o [1]
                                 - 0x31080404      0x4

Absolute sections, part 13 of 20:                  0x4
  .noinit                 uninit   0x31080440      0x4  board_lowlevel.o [1]
                                 - 0x31080444      0x4

Absolute sections, part 14 of 20:                  0x4
  .noinit                 uninit   0x31080460      0x4  board_lowlevel.o [1]
                                 - 0x31080464      0x4

Absolute sections, part 15 of 20:                  0x4
  .noinit                 uninit   0x31080480      0x4  board_lowlevel.o [1]
                                 - 0x31080484      0x4

Absolute sections, part 16 of 20:                  0x4
  .noinit                 uninit   0x40004014      0x4  board_lowlevel.o [1]
                                 - 0x40004018      0x4

Absolute sections, part 17 of 20:                  0xc
  .noinit                 uninit   0x40004040      0x4  board_lowlevel.o [1]
  .noinit                 uninit   0x40004044      0x4  board_lowlevel.o [1]
  .noinit                 uninit   0x40004048      0x4  board_lowlevel.o [1]
                                 - 0x4000404c      0xc

Absolute sections, part 18 of 20:                  0x4
  .noinit                 uninit   0x40004050      0x4  board_lowlevel.o [1]
                                 - 0x40004054      0x4

Absolute sections, part 19 of 20:                  0x4
  .noinit                 uninit   0x40004058      0x4  board_lowlevel.o [1]
                                 - 0x4000405c      0x4

Absolute sections, part 20 of 20:                  0x4
  .noinit                 uninit   0x40004068      0x4  board_lowlevel.o [1]
                                 - 0x4000406c      0x4

"A1":                                             0xe4
  .cstartup               ro code  0xe1000000     0xe4  cstartup.o [1]
                                 - 0xe10000e4     0xe4

"P1":                                          0x4e1d5
  .text                   ro code  0xe1000100   0x34bc  AppCn.o [1]
  .text                   ro code  0xe10035bc    0x150  CTpu.o [1]
  .text                   ro code  0xe100370c     0xd4  ABImemcpy.o [5]
  .text                   ro code  0xe10037e0     0x54  strlen.o [5]
  .text                   ro code  0xe1003834     0x98  strncpy.o [5]
  .text                   ro code  0xe10038cc     0x78  ABImemset.o [5]
  .text                   ro code  0xe1003944   0x27b8  isNewZonaMethodVRT.o [1]
  .text                   ro code  0xe10060fc     0x94  ceil.o [4]
  .text                   ro code  0xe1006190     0xb8  DblToS64.o [4]
  .text                   ro code  0xe1006248     0x80  acos.o [4]
  .text                   ro code  0xe10062c8     0x98  asin.o [4]
  .text                   ro code  0xe1006360     0x20  sqrt.o [4]
  .text                   ro code  0xe1006380    0x120  xatan.o [4]
  .text                   ro code  0xe10064a0     0x14  iarEdom.o [5]
  .text                   ro code  0xe10064b4      0xc  errno.o [3]
  .text                   ro code  0xe10064c0      0x4  xtls.o [3]
  .text                   ro code  0xe10064c4   0x1b20  SettingIci_DZ2to5.o [1]
  .text                   ro code  0xe1007fe4    0x794  ResetSystemMenu.o [1]
  .text                   ro code  0xe1008778    0x6a4  psvisor_help.o [1]
  .text                   ro code  0xe1008e1c    0x33c  ViewMenuCnf.o [1]
  .text                   ro code  0xe1009158    0x264  TxtStream.o [1]
  .text                   ro code  0xe10093bc    0xf2c  systemMenu.o [1]
  .text                   ro code  0xe100a2e8    0x2a0  main.o [1]
  .text                   ro code  0xe100a588    0x8f0  rangmanager.o [1]
  .text                   ro code  0xe100ae78     0xfc  ViewMenuWideLog.o [1]
  .text                   ro code  0xe100af74    0x508  ustmanager.o [1]
  .text                   ro code  0xe100b47c   0x14ac  psupervisor.o [1]
  .text                   ro code  0xe100c928     0x58  logictimers.o [1]
  .text                   ro code  0xe100c980    0x1a8  I32DivMod.o [5]
  .text                   ro code  0xe100cb28      0x4  viewMenuList.o [1]
  .text                   ro code  0xe100cb2c     0xe0  viewMenuSub.o [1]
  .text                   ro code  0xe100cc0c     0x68  strcpy.o [5]
  .text                   ro code  0xe100cc74     0x58  sprintf.o [3]
  .text                   ro code  0xe100cccc     0x30  strcat.o [3]
  .text                   ro code  0xe100ccfc     0x74  memcmp.o [5]
  .text                   ro code  0xe100cd70    0x1bc  u3.o [1]
  .text                   ro code  0xe100cf2c    0x760  periodOperations.o [1]
  .text                   ro code  0xe100d68c    0x564  arm926ej_cp15_drv.o [1]
  .text                   ro code  0xe100dbf0     0xfc  callBackElement.o [1]
  .text                   ro code  0xe100dcec    0x490  lpc32xx_intc_driver.o [1]
  .text                   ro code  0xe100e17c    0xb88  lpc32xx_clkpwr_driver.o [1]
  .text                   ro code  0xe100ed04     0xdc  widelogmanager.o [1]
  .text                   ro code  0xe100ede0    0x2b8  ViewRepozit.o [1]
  .text                   ro code  0xe100f098    0x2e8  ViewRepozitWL.o [1]
  .text                   ro code  0xe100f380      0x4  IntDivZer.o [5]
  .text                   ro code  0xe100f384   0x163e  xprintffull.o [3]
  .rodata                 const    0xe10109c2      0x2  lpcAV1_ssp_driver.o [1]
  .text                   ro code  0xe10109c4    0x210  lpcAV1_timer_driver.o [1]
  .text                   ro code  0xe1010bd4    0x27c  ssp1.o [1]
  .text                   ro code  0xe1010e50    0x89c  lpu.o [1]
  .text                   ro code  0xe10116ec    0x450  lpcAV1_intc_driver.o [1]
  .text                   ro code  0xe1011b3c     0x3c  lpc32xx_gpio_driver.o [1]
  .text                   ro code  0xe1011b78    0x58c  JLINKDCC_Process.o [1]
  .text                   ro code  0xe1012104    0xbfc  SettingIci_data.o [1]
  .text                   ro code  0xe1012d00     0x20  uread4.o [5]
  .text                   ro code  0xe1012d20     0x58  lpc_arm922t_cp15_driver.o [1]
  .text                   ro code  0xe1012d78    0x130  I64DivMod.o [5]
  .text                   ro code  0xe1012ea8     0x20  strchr.o [5]
  .text                   ro code  0xe1012ec8     0x94  memchr.o [5]
  .text                   ro code  0xe1012f5c     0x78  xdnorm.o [4]
  .text                   ro code  0xe1012fd4     0x38  DblCmpLe.o [4]
  .text                   ro code  0xe101300c     0x38  DblCmpGe.o [4]
  .text                   ro code  0xe1013044    0x1dc  xdscale.o [4]
  .text                   ro code  0xe1013220     0x10  DblToS32.o [4]
  .text                   ro code  0xe1013230     0x10  S32ToDbl.o [4]
  .text                   ro code  0xe1013240     0x14  DblSub.o [4]
  .text                   ro code  0xe1013254     0xf8  partial_vfp.o [1]
  .text                   ro code  0xe101334c     0x10  DblToU32.o [4]
  .text                   ro code  0xe101335c     0x34  div.o [3]
  .text                   ro code  0xe1013390    0x690  lpcAV1_ssp_driver.o [1]
  .text                   ro code  0xe1013a20    0x308  lpcAV1_dma_driver.o [1]
  .text                   ro code  0xe1013d28    0x4f4  SettingIci_Rangir.o [1]
  .text                   ro code  0xe101421c   0x1a28  SettingIci_MTZ.o [1]
  .text                   ro code  0xe1015c44    0x4f0  SettingIci_UMM.o [1]
  .text                   ro code  0xe1016134    0x3d4  SettingIci_DZ1.o [1]
  .text                   ro code  0xe1016508   0x1328  SettingIci_TZNP.o [1]
  .text                   ro code  0xe1017830     0xd0  SettingIci_PRM1.o [1]
  .text                   ro code  0xe1017900    0x3fc  SettingIci_NZOP.o [1]
  .text                   ro code  0xe1017cfc    0xbc8  SettingIci_APV.o [1]
  .text                   ro code  0xe10188c4    0x9f8  SettingIci_UROV.o [1]
  .text                   ro code  0xe10192bc    0xd24  SettingIci_OF.o [1]
  .text                   ro code  0xe1019fe0     0x8c  ustavkitoEEPROM.o [1]
  .text                   ro code  0xe101a06c      0x4  I64DivZer.o [5]
  .text                   ro code  0xe101a070    0xea0  SettingIci_RangirMTZ.o [1]
  .text                   ro code  0xe101af10    0x450  SettingIci_RangirUMM.o [1]
  .text                   ro code  0xe101b360    0xa70  SettingIci_RangirTZNP.o [1]
  .text                   ro code  0xe101bdd0    0xaa0  SettingIci_RangirDZ.o [1]
  .text                   ro code  0xe101c870     0xb0  SettingIci_RangirPRM1.o [1]
  .text                   ro code  0xe101c920    0x320  SettingIci_RangirNZOP.o [1]
  .text                   ro code  0xe101cc40    0x110  SettingIci_RangirAPV.o [1]
  .text                   ro code  0xe101cd50     0xe0  SettingIci_RangirUROV.o [1]
  .text                   ro code  0xe101ce30    0x620  SettingIci_RangirOF.o [1]
  .text                   ro code  0xe101d450    0xba4  SettingIci_OFDZ.o [1]
  .text                   ro code  0xe101dff4    0x964  SettingIci_OFMTZ.o [1]
  .text                   ro code  0xe101e958    0x364  SettingIci_OFUMM.o [1]
  .text                   ro code  0xe101ecbc    0xae4  SettingIci_OFTZNP.o [1]
  .text                   ro code  0xe101f7a0    0x474  missionCollectionEEPROM1.o [1]
  .text                   ro code  0xe101fc14   0x16f8  PRM1Component.o [1]
  .text                   ro code  0xe102130c   0x15dc  OFComponent.o [1]
  .text                   ro code  0xe10228e8   0x12a8  DZ2Component.o [1]
  .text                   ro code  0xe1023b90    0xdec  isZonaTrianMethodVRT.o [1]
  .text                   ro code  0xe102497c    0xf7c  APVComponent.o [1]
  .text                   ro code  0xe10258f8    0xe64  MTZ2Component.o [1]
  .text                   ro code  0xe102675c    0xbd0  MTZ1Component.o [1]
  .text                   ro code  0xe102732c    0xd7c  DZ1Component.o [1]
  .text                   ro code  0xe10280a8    0xbe8  logicUMM.o [1]
  .text                   ro code  0xe1028c90    0xb58  TZNP1Component.o [1]
  .text                   ro code  0xe10297e8    0xabc  NZOP1Component.o [1]
  .text                   ro code  0xe102a2a4    0xa4c  UMMComponent.o [1]
  .text                   ro code  0xe102acf0    0x810  UROVComponent.o [1]
  .text                   ro code  0xe102b500    0x4b4  lpcAV1_hsuart_driver.o [1]
  .text                   ro code  0xe102b9b4    0x454  ViewMenuRang.o [1]
  .text                   ro code  0xe102be08    0x41c  MTZ3Component.o [1]
  .text                   ro code  0xe102c224    0x41c  MTZ5Component.o [1]
  .text                   ro code  0xe102c640    0x3f0  TZNP2Component.o [1]
  .text                   ro code  0xe102ca30    0x3e0  MTZ4Component.o [1]
  .text                   ro code  0xe102ce10    0x3d8  NZOP2Component.o [1]
  .text                   ro code  0xe102d1e8    0x3d0  DZ5Component.o [1]
  .text                   ro code  0xe102d5b8    0x3b0  DZ4Component.o [1]
  .text                   ro code  0xe102d968    0x3b0  TZNP3Component.o [1]
  .text                   ro code  0xe102dd18    0x3b0  TZNP4Component.o [1]
  .text                   ro code  0xe102e0c8    0x3b0  TZNP5Component.o [1]
  .text                   ro code  0xe102e478    0x358  DZ3Component.o [1]
  .text                   ro code  0xe102e7d0    0x310  WLComponent.o [1]
  .text                   ro code  0xe102eae0    0x308  ViewMenuReg.o [1]
  .text                   ro code  0xe102ede8    0x300  TZNPPacket.o [1]
  .text                   ro code  0xe102f0e8    0x2f0  DZPacket.o [1]
  .text                   ro code  0xe102f3d8    0x2f0  MTZPacket.o [1]
  .text                   ro code  0xe102f6c8    0x2b8  board_lowlevel.o [1]
  .text                   ro code  0xe102f980    0x124  start_settings.o [1]
  .text                   ro code  0xe102faa4    0x258  NZOPPacket.o [1]
  .text                   ro code  0xe102fcfc    0x1d0  lpc32xx_vectors.o [1]
  .text                   ro code  0xe102fecc    0x1be  lz77_init.o [5]
  .text                   ro code  0xe103008c      0x8  abort.o [3]
  .text                   ro code  0xe1030094     0x14  XXexit.o [5]
  .text                   ro code  0xe10300a8    0x1b8  PFComponent.o [1]
  .rodata                 const    0xe1030260    0x110  ttbl.o [1]
  .text                   ro code  0xe1030370     0xd8  hu2l.o [1]
  .rodata                 const    0xe1030448     0x6c  lpu.o [1]
  .text                   ro code  0xe10304b4     0x68  ici_api.o [1]
  .rodata                 const    0xe103051c     0x48  AppCn.o [1]
  .intvec                 ro code  0xe1030564     0x40  cstartup.o [1]
  .text                   ro code  0xe10305a4     0x3c  zero_init3.o [5]
  .text                   ro code  0xe10305e0     0x38  ABImemset48.o [5]
  .text                   ro code  0xe1030618     0x2c  cmain.o [5]
  .text                   ro code  0xe1030644      0x8  low_level_init.o [3]
  .text                   ro code  0xe103064c     0x28  data_init.o [5]
  .text                   ro code  0xe1030674      0x4  exit.o [3]
  .text                   ro code  0xe1030678     0x10  cexit.o [5]
  .text                   ro code  0xe1030688     0x28  hu7l.o [1]
  .text                   ro code  0xe10306b0     0x28  ssp1L.o [1]
  .rodata                 const    0xe10306d8     0x24  APVComponent.o [1]
  .rodata                 const    0xe10306fc     0x24  APVComponent.o [1]
  .iar.init_table         const    0xe1030720     0x6c  - Linker created -
  .rodata                 const    0xe103078c     0x1c  PRM1Component.o [1]
  .rodata                 const    0xe10307a8     0x18  APVComponent.o [1]
  .rodata                 const    0xe10307c0     0x18  APVComponent.o [1]
  .rodata                 const    0xe10307d8     0x18  MTZ1Component.o [1]
  .rodata                 const    0xe10307f0     0x18  NZOP1Component.o [1]
  .rodata                 const    0xe1030808     0x18  NZOP1Component.o [1]
  .rodata                 const    0xe1030820     0x18  NZOP2Component.o [1]
  .rodata                 const    0xe1030838     0x18  NZOP2Component.o [1]
  .rodata                 const    0xe1030850     0x18  OFComponent.o [1]
  .rodata                 const    0xe1030868     0x18  OFComponent.o [1]
  .rodata                 const    0xe1030880     0x18  PRM1Component.o [1]
  .rodata                 const    0xe1030898     0x18  PRM1Component.o [1]
  .rodata                 const    0xe10308b0     0x18  PRM1Component.o [1]
  .rodata                 const    0xe10308c8     0x18  ResetSystemMenu.o [1]
  .rodata                 const    0xe10308e0     0x14  APVComponent.o [1]
  .rodata                 const    0xe10308f4     0x14  DZ1Component.o [1]
  .rodata                 const    0xe1030908     0x14  DZ2Component.o [1]
  .rodata                 const    0xe103091c     0x14  DZ3Component.o [1]
  .rodata                 const    0xe1030930     0x14  DZ4Component.o [1]
  .rodata                 const    0xe1030944     0x14  DZ5Component.o [1]
  .rodata                 const    0xe1030958     0x14  MTZ1Component.o [1]
  .rodata                 const    0xe103096c     0x14  MTZ1Component.o [1]
  .rodata                 const    0xe1030980     0x14  MTZ1Component.o [1]
  .rodata                 const    0xe1030994     0x14  MTZ1Component.o [1]
  .rodata                 const    0xe10309a8     0x14  MTZ1Component.o [1]
  .rodata                 const    0xe10309bc     0x14  MTZ2Component.o [1]
  .rodata                 const    0xe10309d0     0x14  MTZ2Component.o [1]
  .rodata                 const    0xe10309e4     0x14  MTZ2Component.o [1]
  .rodata                 const    0xe10309f8     0x14  MTZ2Component.o [1]
  .rodata                 const    0xe1030a0c     0x14  MTZ2Component.o [1]
  .rodata                 const    0xe1030a20     0x14  MTZ3Component.o [1]
  .rodata                 const    0xe1030a34     0x14  MTZ3Component.o [1]
  .rodata                 const    0xe1030a48     0x14  MTZ3Component.o [1]
  .rodata                 const    0xe1030a5c     0x14  MTZ3Component.o [1]
  .rodata                 const    0xe1030a70     0x14  MTZ4Component.o [1]
  .rodata                 const    0xe1030a84     0x14  MTZ4Component.o [1]
  .rodata                 const    0xe1030a98     0x14  MTZ4Component.o [1]
  .rodata                 const    0xe1030aac     0x14  MTZ4Component.o [1]
  .rodata                 const    0xe1030ac0     0x14  MTZ5Component.o [1]
  .rodata                 const    0xe1030ad4     0x14  MTZ5Component.o [1]
  .rodata                 const    0xe1030ae8     0x14  MTZ5Component.o [1]
  .rodata                 const    0xe1030afc     0x14  MTZ5Component.o [1]
  .rodata                 const    0xe1030b10     0x14  NZOP1Component.o [1]
  .rodata                 const    0xe1030b24     0x14  NZOP1Component.o [1]
  .rodata                 const    0xe1030b38     0x14  NZOP1Component.o [1]
  .rodata                 const    0xe1030b4c     0x14  NZOP1Component.o [1]
  .rodata                 const    0xe1030b60     0x14  NZOP1Component.o [1]
  .rodata                 const    0xe1030b74     0x14  NZOP1Component.o [1]
  .rodata                 const    0xe1030b88     0x14  NZOP1Component.o [1]
  .rodata                 const    0xe1030b9c     0x14  NZOP1Component.o [1]
  .rodata                 const    0xe1030bb0     0x14  NZOP1Component.o [1]
  .rodata                 const    0xe1030bc4     0x14  NZOP2Component.o [1]
  .rodata                 const    0xe1030bd8     0x14  NZOP2Component.o [1]
  .rodata                 const    0xe1030bec     0x14  NZOP2Component.o [1]
  .rodata                 const    0xe1030c00     0x14  NZOP2Component.o [1]
  .rodata                 const    0xe1030c14     0x14  NZOP2Component.o [1]
  .rodata                 const    0xe1030c28     0x14  NZOP2Component.o [1]
  .rodata                 const    0xe1030c3c     0x14  OFComponent.o [1]
  .rodata                 const    0xe1030c50     0x14  OFComponent.o [1]
  .rodata                 const    0xe1030c64     0x14  OFComponent.o [1]
  .rodata                 const    0xe1030c78     0x14  OFComponent.o [1]
  .rodata                 const    0xe1030c8c     0x14  OFComponent.o [1]
  .rodata                 const    0xe1030ca0     0x14  OFComponent.o [1]
  .rodata                 const    0xe1030cb4     0x14  OFComponent.o [1]
  .rodata                 const    0xe1030cc8     0x14  OFComponent.o [1]
  .rodata                 const    0xe1030cdc     0x14  OFComponent.o [1]
  .rodata                 const    0xe1030cf0     0x14  OFComponent.o [1]
  .rodata                 const    0xe1030d04     0x14  OFComponent.o [1]
  .rodata                 const    0xe1030d18     0x14  OFComponent.o [1]
  .rodata                 const    0xe1030d2c     0x14  OFComponent.o [1]
  .rodata                 const    0xe1030d40     0x14  OFComponent.o [1]
  .rodata                 const    0xe1030d54     0x14  OFComponent.o [1]
  .rodata                 const    0xe1030d68     0x14  OFComponent.o [1]
  .rodata                 const    0xe1030d7c     0x14  OFComponent.o [1]
  .rodata                 const    0xe1030d90     0x14  OFComponent.o [1]
  .rodata                 const    0xe1030da4     0x14  OFComponent.o [1]
  .rodata                 const    0xe1030db8     0x14  OFComponent.o [1]
  .rodata                 const    0xe1030dcc     0x14  OFComponent.o [1]
  .rodata                 const    0xe1030de0     0x14  OFComponent.o [1]
  .rodata                 const    0xe1030df4     0x14  OFComponent.o [1]
  .rodata                 const    0xe1030e08     0x14  OFComponent.o [1]
  .rodata                 const    0xe1030e1c     0x14  OFComponent.o [1]
  .rodata                 const    0xe1030e30     0x14  OFComponent.o [1]
  .rodata                 const    0xe1030e44     0x14  OFComponent.o [1]
  .rodata                 const    0xe1030e58     0x14  OFComponent.o [1]
  .rodata                 const    0xe1030e6c     0x14  OFComponent.o [1]
  .rodata                 const    0xe1030e80     0x14  OFComponent.o [1]
  .rodata                 const    0xe1030e94     0x14  OFComponent.o [1]
  .rodata                 const    0xe1030ea8     0x14  PRM1Component.o [1]
  .rodata                 const    0xe1030ebc     0x14  ResetSystemMenu.o [1]
  .rodata                 const    0xe1030ed0     0x14  ttbl.o [1]
  .rodata                 const    0xe1030ee4     0x14  TZNP1Component.o [1]
  .rodata                 const    0xe1030ef8     0x14  TZNP1Component.o [1]
  .rodata                 const    0xe1030f0c     0x14  TZNP1Component.o [1]
  .rodata                 const    0xe1030f20     0x14  TZNP1Component.o [1]
  .rodata                 const    0xe1030f34     0x14  TZNP1Component.o [1]
  .rodata                 const    0xe1030f48     0x14  TZNP1Component.o [1]
  .rodata                 const    0xe1030f5c     0x14  TZNP2Component.o [1]
  .rodata                 const    0xe1030f70     0x14  TZNP2Component.o [1]
  .rodata                 const    0xe1030f84     0x14  TZNP2Component.o [1]
  .rodata                 const    0xe1030f98     0x14  TZNP2Component.o [1]
  .rodata                 const    0xe1030fac     0x14  TZNP2Component.o [1]
  .rodata                 const    0xe1030fc0     0x14  TZNP2Component.o [1]
  .rodata                 const    0xe1030fd4     0x14  TZNP3Component.o [1]
  .rodata                 const    0xe1030fe8     0x14  TZNP3Component.o [1]
  .rodata                 const    0xe1030ffc     0x14  TZNP3Component.o [1]
  .rodata                 const    0xe1031010     0x14  TZNP3Component.o [1]
  .rodata                 const    0xe1031024     0x14  TZNP3Component.o [1]
  .rodata                 const    0xe1031038     0x14  TZNP3Component.o [1]
  .rodata                 const    0xe103104c     0x14  TZNP4Component.o [1]
  .rodata                 const    0xe1031060     0x14  TZNP4Component.o [1]
  .rodata                 const    0xe1031074     0x14  TZNP4Component.o [1]
  .rodata                 const    0xe1031088     0x14  TZNP4Component.o [1]
  .rodata                 const    0xe103109c     0x14  TZNP4Component.o [1]
  .rodata                 const    0xe10310b0     0x14  TZNP4Component.o [1]
  .rodata                 const    0xe10310c4     0x14  TZNP5Component.o [1]
  .rodata                 const    0xe10310d8     0x14  TZNP5Component.o [1]
  .rodata                 const    0xe10310ec     0x14  TZNP5Component.o [1]
  .rodata                 const    0xe1031100     0x14  TZNP5Component.o [1]
  .rodata                 const    0xe1031114     0x14  TZNP5Component.o [1]
  .rodata                 const    0xe1031128     0x14  TZNP5Component.o [1]
  .rodata                 const    0xe103113c     0x14  ViewMenuWideLog.o [1]
  .text                   ro code  0xe1031150     0x14  fpinit.o [4]
  .text                   ro code  0xe1031164     0x14  xsprout.o [3]
  .rodata                 const    0xe1031178     0x10  APVComponent.o [1]
  .rodata                 const    0xe1031188     0x10  APVComponent.o [1]
  .rodata                 const    0xe1031198     0x10  APVComponent.o [1]
  .rodata                 const    0xe10311a8     0x10  APVComponent.o [1]
  .rodata                 const    0xe10311b8     0x10  APVComponent.o [1]
  .rodata                 const    0xe10311c8     0x10  APVComponent.o [1]
  .rodata                 const    0xe10311d8     0x10  APVComponent.o [1]
  .rodata                 const    0xe10311e8     0x10  DZ1Component.o [1]
  .rodata                 const    0xe10311f8     0x10  DZ1Component.o [1]
  .rodata                 const    0xe1031208     0x10  DZ1Component.o [1]
  .rodata                 const    0xe1031218     0x10  DZ1Component.o [1]
  .rodata                 const    0xe1031228     0x10  DZ1Component.o [1]
  .rodata                 const    0xe1031238     0x10  DZ1Component.o [1]
  .rodata                 const    0xe1031248     0x10  DZ2Component.o [1]
  .rodata                 const    0xe1031258     0x10  DZ2Component.o [1]
  .rodata                 const    0xe1031268     0x10  DZ2Component.o [1]
  .rodata                 const    0xe1031278     0x10  DZ2Component.o [1]
  .rodata                 const    0xe1031288     0x10  DZ2Component.o [1]
  .rodata                 const    0xe1031298     0x10  DZ2Component.o [1]
  .rodata                 const    0xe10312a8     0x10  DZ2Component.o [1]
  .rodata                 const    0xe10312b8     0x10  DZ3Component.o [1]
  .rodata                 const    0xe10312c8     0x10  DZ3Component.o [1]
  .rodata                 const    0xe10312d8     0x10  DZ3Component.o [1]
  .rodata                 const    0xe10312e8     0x10  DZ3Component.o [1]
  .rodata                 const    0xe10312f8     0x10  DZ3Component.o [1]
  .rodata                 const    0xe1031308     0x10  DZ3Component.o [1]
  .rodata                 const    0xe1031318     0x10  DZ3Component.o [1]
  .rodata                 const    0xe1031328     0x10  DZ3Component.o [1]
  .rodata                 const    0xe1031338     0x10  DZ3Component.o [1]
  .rodata                 const    0xe1031348     0x10  DZ3Component.o [1]
  .rodata                 const    0xe1031358     0x10  DZ3Component.o [1]
  .rodata                 const    0xe1031368     0x10  DZ4Component.o [1]
  .rodata                 const    0xe1031378     0x10  DZ4Component.o [1]
  .rodata                 const    0xe1031388     0x10  DZ4Component.o [1]
  .rodata                 const    0xe1031398     0x10  DZ4Component.o [1]
  .rodata                 const    0xe10313a8     0x10  DZ4Component.o [1]
  .rodata                 const    0xe10313b8     0x10  DZ4Component.o [1]
  .rodata                 const    0xe10313c8     0x10  DZ4Component.o [1]
  .rodata                 const    0xe10313d8     0x10  DZ4Component.o [1]
  .rodata                 const    0xe10313e8     0x10  DZ4Component.o [1]
  .rodata                 const    0xe10313f8     0x10  DZ4Component.o [1]
  .rodata                 const    0xe1031408     0x10  DZ4Component.o [1]
  .rodata                 const    0xe1031418     0x10  DZ4Component.o [1]
  .rodata                 const    0xe1031428     0x10  DZ4Component.o [1]
  .rodata                 const    0xe1031438     0x10  DZ4Component.o [1]
  .rodata                 const    0xe1031448     0x10  DZ4Component.o [1]
  .rodata                 const    0xe1031458     0x10  DZ5Component.o [1]
  .rodata                 const    0xe1031468     0x10  DZ5Component.o [1]
  .rodata                 const    0xe1031478     0x10  DZ5Component.o [1]
  .rodata                 const    0xe1031488     0x10  DZ5Component.o [1]
  .rodata                 const    0xe1031498     0x10  DZ5Component.o [1]
  .rodata                 const    0xe10314a8     0x10  DZ5Component.o [1]
  .rodata                 const    0xe10314b8     0x10  DZ5Component.o [1]
  .rodata                 const    0xe10314c8     0x10  DZ5Component.o [1]
  .rodata                 const    0xe10314d8     0x10  DZ5Component.o [1]
  .rodata                 const    0xe10314e8     0x10  DZ5Component.o [1]
  .rodata                 const    0xe10314f8     0x10  DZ5Component.o [1]
  .rodata                 const    0xe1031508     0x10  DZ5Component.o [1]
  .rodata                 const    0xe1031518     0x10  DZ5Component.o [1]
  .rodata                 const    0xe1031528     0x10  DZ5Component.o [1]
  .rodata                 const    0xe1031538     0x10  DZ5Component.o [1]
  .rodata                 const    0xe1031548     0x10  MTZ1Component.o [1]
  .rodata                 const    0xe1031558     0x10  MTZ1Component.o [1]
  .rodata                 const    0xe1031568     0x10  MTZ1Component.o [1]
  .rodata                 const    0xe1031578     0x10  MTZ1Component.o [1]
  .rodata                 const    0xe1031588     0x10  MTZ1Component.o [1]
  .rodata                 const    0xe1031598     0x10  MTZ1Component.o [1]
  .rodata                 const    0xe10315a8     0x10  MTZ1Component.o [1]
  .rodata                 const    0xe10315b8     0x10  MTZ1Component.o [1]
  .rodata                 const    0xe10315c8     0x10  MTZ1Component.o [1]
  .rodata                 const    0xe10315d8     0x10  MTZ1Component.o [1]
  .rodata                 const    0xe10315e8     0x10  MTZ1Component.o [1]
  .rodata                 const    0xe10315f8     0x10  MTZ1Component.o [1]
  .rodata                 const    0xe1031608     0x10  MTZ1Component.o [1]
  .rodata                 const    0xe1031618     0x10  MTZ2Component.o [1]
  .rodata                 const    0xe1031628     0x10  MTZ2Component.o [1]
  .rodata                 const    0xe1031638     0x10  MTZ2Component.o [1]
  .rodata                 const    0xe1031648     0x10  MTZ2Component.o [1]
  .rodata                 const    0xe1031658     0x10  MTZ2Component.o [1]
  .rodata                 const    0xe1031668     0x10  MTZ2Component.o [1]
  .rodata                 const    0xe1031678     0x10  MTZ2Component.o [1]
  .rodata                 const    0xe1031688     0x10  MTZ2Component.o [1]
  .rodata                 const    0xe1031698     0x10  MTZ2Component.o [1]
  .rodata                 const    0xe10316a8     0x10  MTZ2Component.o [1]
  .rodata                 const    0xe10316b8     0x10  MTZ2Component.o [1]
  .rodata                 const    0xe10316c8     0x10  MTZ2Component.o [1]
  .rodata                 const    0xe10316d8     0x10  MTZ2Component.o [1]
  .rodata                 const    0xe10316e8     0x10  MTZ2Component.o [1]
  .rodata                 const    0xe10316f8     0x10  MTZ3Component.o [1]
  .rodata                 const    0xe1031708     0x10  MTZ3Component.o [1]
  .rodata                 const    0xe1031718     0x10  MTZ3Component.o [1]
  .rodata                 const    0xe1031728     0x10  MTZ3Component.o [1]
  .rodata                 const    0xe1031738     0x10  MTZ3Component.o [1]
  .rodata                 const    0xe1031748     0x10  MTZ3Component.o [1]
  .rodata                 const    0xe1031758     0x10  MTZ3Component.o [1]
  .rodata                 const    0xe1031768     0x10  MTZ3Component.o [1]
  .rodata                 const    0xe1031778     0x10  MTZ3Component.o [1]
  .rodata                 const    0xe1031788     0x10  MTZ3Component.o [1]
  .rodata                 const    0xe1031798     0x10  MTZ3Component.o [1]
  .rodata                 const    0xe10317a8     0x10  MTZ3Component.o [1]
  .rodata                 const    0xe10317b8     0x10  MTZ3Component.o [1]
  .rodata                 const    0xe10317c8     0x10  MTZ3Component.o [1]
  .rodata                 const    0xe10317d8     0x10  MTZ3Component.o [1]
  .rodata                 const    0xe10317e8     0x10  MTZ3Component.o [1]
  .rodata                 const    0xe10317f8     0x10  MTZ4Component.o [1]
  .rodata                 const    0xe1031808     0x10  MTZ4Component.o [1]
  .rodata                 const    0xe1031818     0x10  MTZ4Component.o [1]
  .rodata                 const    0xe1031828     0x10  MTZ4Component.o [1]
  .rodata                 const    0xe1031838     0x10  MTZ4Component.o [1]
  .rodata                 const    0xe1031848     0x10  MTZ4Component.o [1]
  .rodata                 const    0xe1031858     0x10  MTZ4Component.o [1]
  .rodata                 const    0xe1031868     0x10  MTZ4Component.o [1]
  .rodata                 const    0xe1031878     0x10  MTZ4Component.o [1]
  .rodata                 const    0xe1031888     0x10  MTZ4Component.o [1]
  .rodata                 const    0xe1031898     0x10  MTZ4Component.o [1]
  .rodata                 const    0xe10318a8     0x10  MTZ4Component.o [1]
  .rodata                 const    0xe10318b8     0x10  MTZ4Component.o [1]
  .rodata                 const    0xe10318c8     0x10  MTZ4Component.o [1]
  .rodata                 const    0xe10318d8     0x10  MTZ4Component.o [1]
  .rodata                 const    0xe10318e8     0x10  MTZ4Component.o [1]
  .rodata                 const    0xe10318f8     0x10  MTZ5Component.o [1]
  .rodata                 const    0xe1031908     0x10  MTZ5Component.o [1]
  .rodata                 const    0xe1031918     0x10  MTZ5Component.o [1]
  .rodata                 const    0xe1031928     0x10  MTZ5Component.o [1]
  .rodata                 const    0xe1031938     0x10  MTZ5Component.o [1]
  .rodata                 const    0xe1031948     0x10  MTZ5Component.o [1]
  .rodata                 const    0xe1031958     0x10  MTZ5Component.o [1]
  .rodata                 const    0xe1031968     0x10  MTZ5Component.o [1]
  .rodata                 const    0xe1031978     0x10  MTZ5Component.o [1]
  .rodata                 const    0xe1031988     0x10  MTZ5Component.o [1]
  .rodata                 const    0xe1031998     0x10  MTZ5Component.o [1]
  .rodata                 const    0xe10319a8     0x10  MTZ5Component.o [1]
  .rodata                 const    0xe10319b8     0x10  MTZ5Component.o [1]
  .rodata                 const    0xe10319c8     0x10  MTZ5Component.o [1]
  .rodata                 const    0xe10319d8     0x10  MTZ5Component.o [1]
  .rodata                 const    0xe10319e8     0x10  MTZ5Component.o [1]
  .rodata                 const    0xe10319f8     0x10  NZOP1Component.o [1]
  .rodata                 const    0xe1031a08     0x10  NZOP1Component.o [1]
  .rodata                 const    0xe1031a18     0x10  NZOP1Component.o [1]
  .rodata                 const    0xe1031a28     0x10  NZOP1Component.o [1]
  .rodata                 const    0xe1031a38     0x10  NZOP1Component.o [1]
  .rodata                 const    0xe1031a48     0x10  NZOP1Component.o [1]
  .rodata                 const    0xe1031a58     0x10  NZOP1Component.o [1]
  .rodata                 const    0xe1031a68     0x10  NZOP1Component.o [1]
  .rodata                 const    0xe1031a78     0x10  NZOP1Component.o [1]
  .rodata                 const    0xe1031a88     0x10  NZOP2Component.o [1]
  .rodata                 const    0xe1031a98     0x10  NZOP2Component.o [1]
  .rodata                 const    0xe1031aa8     0x10  NZOP2Component.o [1]
  .rodata                 const    0xe1031ab8     0x10  NZOP2Component.o [1]
  .rodata                 const    0xe1031ac8     0x10  NZOP2Component.o [1]
  .rodata                 const    0xe1031ad8     0x10  NZOP2Component.o [1]
  .rodata                 const    0xe1031ae8     0x10  NZOP2Component.o [1]
  .rodata                 const    0xe1031af8     0x10  NZOP2Component.o [1]
  .rodata                 const    0xe1031b08     0x10  OFComponent.o [1]
  .rodata                 const    0xe1031b18     0x10  OFComponent.o [1]
  .rodata                 const    0xe1031b28     0x10  OFComponent.o [1]
  .rodata                 const    0xe1031b38     0x10  OFComponent.o [1]
  .rodata                 const    0xe1031b48     0x10  OFComponent.o [1]
  .rodata                 const    0xe1031b58     0x10  OFComponent.o [1]
  .rodata                 const    0xe1031b68     0x10  OFComponent.o [1]
  .rodata                 const    0xe1031b78     0x10  OFComponent.o [1]
  .rodata                 const    0xe1031b88     0x10  OFComponent.o [1]
  .rodata                 const    0xe1031b98     0x10  OFComponent.o [1]
  .rodata                 const    0xe1031ba8     0x10  OFComponent.o [1]
  .rodata                 const    0xe1031bb8     0x10  OFComponent.o [1]
  .rodata                 const    0xe1031bc8     0x10  OFComponent.o [1]
  .rodata                 const    0xe1031bd8     0x10  OFComponent.o [1]
  .rodata                 const    0xe1031be8     0x10  OFComponent.o [1]
  .rodata                 const    0xe1031bf8     0x10  OFComponent.o [1]
  .rodata                 const    0xe1031c08     0x10  OFComponent.o [1]
  .rodata                 const    0xe1031c18     0x10  OFComponent.o [1]
  .rodata                 const    0xe1031c28     0x10  OFComponent.o [1]
  .rodata                 const    0xe1031c38     0x10  OFComponent.o [1]
  .rodata                 const    0xe1031c48     0x10  OFComponent.o [1]
  .rodata                 const    0xe1031c58     0x10  OFComponent.o [1]
  .rodata                 const    0xe1031c68     0x10  OFComponent.o [1]
  .rodata                 const    0xe1031c78     0x10  OFComponent.o [1]
  .rodata                 const    0xe1031c88     0x10  OFComponent.o [1]
  .rodata                 const    0xe1031c98     0x10  OFComponent.o [1]
  .rodata                 const    0xe1031ca8     0x10  OFComponent.o [1]
  .rodata                 const    0xe1031cb8     0x10  PRM1Component.o [1]
  .rodata                 const    0xe1031cc8     0x10  PRM1Component.o [1]
  .rodata                 const    0xe1031cd8     0x10  PRM1Component.o [1]
  .rodata                 const    0xe1031ce8     0x10  PRM1Component.o [1]
  .rodata                 const    0xe1031cf8     0x10  PRM1Component.o [1]
  .rodata                 const    0xe1031d08     0x10  PRM1Component.o [1]
  .rodata                 const    0xe1031d18     0x10  ResetSystemMenu.o [1]
  .rodata                 const    0xe1031d28     0x10  ResetSystemMenu.o [1]
  .rodata                 const    0xe1031d38     0x10  ResetSystemMenu.o [1]
  .rodata                 const    0xe1031d48     0x10  ResetSystemMenu.o [1]
  .rodata                 const    0xe1031d58     0x10  ResetSystemMenu.o [1]
  .rodata                 const    0xe1031d68     0x10  systemMenu.o [1]
  .rodata                 const    0xe1031d78     0x10  systemMenu.o [1]
  .rodata                 const    0xe1031d88     0x10  TZNP1Component.o [1]
  .rodata                 const    0xe1031d98     0x10  TZNP1Component.o [1]
  .rodata                 const    0xe1031da8     0x10  TZNP1Component.o [1]
  .rodata                 const    0xe1031db8     0x10  TZNP1Component.o [1]
  .rodata                 const    0xe1031dc8     0x10  TZNP1Component.o [1]
  .rodata                 const    0xe1031dd8     0x10  TZNP1Component.o [1]
  .rodata                 const    0xe1031de8     0x10  TZNP1Component.o [1]
  .rodata                 const    0xe1031df8     0x10  TZNP1Component.o [1]
  .rodata                 const    0xe1031e08     0x10  TZNP1Component.o [1]
  .rodata                 const    0xe1031e18     0x10  TZNP1Component.o [1]
  .rodata                 const    0xe1031e28     0x10  TZNP1Component.o [1]
  .rodata                 const    0xe1031e38     0x10  TZNP1Component.o [1]
  .rodata                 const    0xe1031e48     0x10  TZNP1Component.o [1]
  .rodata                 const    0xe1031e58     0x10  TZNP1Component.o [1]
  .rodata                 const    0xe1031e68     0x10  TZNP1Component.o [1]
  .rodata                 const    0xe1031e78     0x10  TZNP1Component.o [1]
  .rodata                 const    0xe1031e88     0x10  TZNP2Component.o [1]
  .rodata                 const    0xe1031e98     0x10  TZNP2Component.o [1]
  .rodata                 const    0xe1031ea8     0x10  TZNP2Component.o [1]
  .rodata                 const    0xe1031eb8     0x10  TZNP2Component.o [1]
  .rodata                 const    0xe1031ec8     0x10  TZNP2Component.o [1]
  .rodata                 const    0xe1031ed8     0x10  TZNP2Component.o [1]
  .rodata                 const    0xe1031ee8     0x10  TZNP2Component.o [1]
  .rodata                 const    0xe1031ef8     0x10  TZNP2Component.o [1]
  .rodata                 const    0xe1031f08     0x10  TZNP2Component.o [1]
  .rodata                 const    0xe1031f18     0x10  TZNP2Component.o [1]
  .rodata                 const    0xe1031f28     0x10  TZNP2Component.o [1]
  .rodata                 const    0xe1031f38     0x10  TZNP2Component.o [1]
  .rodata                 const    0xe1031f48     0x10  TZNP2Component.o [1]
  .rodata                 const    0xe1031f58     0x10  TZNP2Component.o [1]
  .rodata                 const    0xe1031f68     0x10  TZNP2Component.o [1]
  .rodata                 const    0xe1031f78     0x10  TZNP2Component.o [1]
  .rodata                 const    0xe1031f88     0x10  TZNP3Component.o [1]
  .rodata                 const    0xe1031f98     0x10  TZNP3Component.o [1]
  .rodata                 const    0xe1031fa8     0x10  TZNP3Component.o [1]
  .rodata                 const    0xe1031fb8     0x10  TZNP3Component.o [1]
  .rodata                 const    0xe1031fc8     0x10  TZNP3Component.o [1]
  .rodata                 const    0xe1031fd8     0x10  TZNP3Component.o [1]
  .rodata                 const    0xe1031fe8     0x10  TZNP3Component.o [1]
  .rodata                 const    0xe1031ff8     0x10  TZNP3Component.o [1]
  .rodata                 const    0xe1032008     0x10  TZNP3Component.o [1]
  .rodata                 const    0xe1032018     0x10  TZNP3Component.o [1]
  .rodata                 const    0xe1032028     0x10  TZNP3Component.o [1]
  .rodata                 const    0xe1032038     0x10  TZNP3Component.o [1]
  .rodata                 const    0xe1032048     0x10  TZNP3Component.o [1]
  .rodata                 const    0xe1032058     0x10  TZNP3Component.o [1]
  .rodata                 const    0xe1032068     0x10  TZNP3Component.o [1]
  .rodata                 const    0xe1032078     0x10  TZNP3Component.o [1]
  .rodata                 const    0xe1032088     0x10  TZNP4Component.o [1]
  .rodata                 const    0xe1032098     0x10  TZNP4Component.o [1]
  .rodata                 const    0xe10320a8     0x10  TZNP4Component.o [1]
  .rodata                 const    0xe10320b8     0x10  TZNP4Component.o [1]
  .rodata                 const    0xe10320c8     0x10  TZNP4Component.o [1]
  .rodata                 const    0xe10320d8     0x10  TZNP4Component.o [1]
  .rodata                 const    0xe10320e8     0x10  TZNP4Component.o [1]
  .rodata                 const    0xe10320f8     0x10  TZNP4Component.o [1]
  .rodata                 const    0xe1032108     0x10  TZNP4Component.o [1]
  .rodata                 const    0xe1032118     0x10  TZNP4Component.o [1]
  .rodata                 const    0xe1032128     0x10  TZNP4Component.o [1]
  .rodata                 const    0xe1032138     0x10  TZNP4Component.o [1]
  .rodata                 const    0xe1032148     0x10  TZNP4Component.o [1]
  .rodata                 const    0xe1032158     0x10  TZNP4Component.o [1]
  .rodata                 const    0xe1032168     0x10  TZNP4Component.o [1]
  .rodata                 const    0xe1032178     0x10  TZNP4Component.o [1]
  .rodata                 const    0xe1032188     0x10  TZNP5Component.o [1]
  .rodata                 const    0xe1032198     0x10  TZNP5Component.o [1]
  .rodata                 const    0xe10321a8     0x10  TZNP5Component.o [1]
  .rodata                 const    0xe10321b8     0x10  TZNP5Component.o [1]
  .rodata                 const    0xe10321c8     0x10  TZNP5Component.o [1]
  .rodata                 const    0xe10321d8     0x10  TZNP5Component.o [1]
  .rodata                 const    0xe10321e8     0x10  TZNP5Component.o [1]
  .rodata                 const    0xe10321f8     0x10  TZNP5Component.o [1]
  .rodata                 const    0xe1032208     0x10  TZNP5Component.o [1]
  .rodata                 const    0xe1032218     0x10  TZNP5Component.o [1]
  .rodata                 const    0xe1032228     0x10  TZNP5Component.o [1]
  .rodata                 const    0xe1032238     0x10  TZNP5Component.o [1]
  .rodata                 const    0xe1032248     0x10  TZNP5Component.o [1]
  .rodata                 const    0xe1032258     0x10  TZNP5Component.o [1]
  .rodata                 const    0xe1032268     0x10  TZNP5Component.o [1]
  .rodata                 const    0xe1032278     0x10  TZNP5Component.o [1]
  .rodata                 const    0xe1032288     0x10  UMMComponent.o [1]
  .rodata                 const    0xe1032298     0x10  UMMComponent.o [1]
  .rodata                 const    0xe10322a8     0x10  UMMComponent.o [1]
  .rodata                 const    0xe10322b8     0x10  UMMComponent.o [1]
  .rodata                 const    0xe10322c8     0x10  UMMComponent.o [1]
  .rodata                 const    0xe10322d8     0x10  UMMComponent.o [1]
  .rodata                 const    0xe10322e8     0x10  UMMComponent.o [1]
  .rodata                 const    0xe10322f8     0x10  UMMComponent.o [1]
  .rodata                 const    0xe1032308     0x10  UMMComponent.o [1]
  .rodata                 const    0xe1032318     0x10  UMMComponent.o [1]
  .rodata                 const    0xe1032328     0x10  UMMComponent.o [1]
  .rodata                 const    0xe1032338     0x10  UROVComponent.o [1]
  .rodata                 const    0xe1032348     0x10  UROVComponent.o [1]
  .rodata                 const    0xe1032358     0x10  UROVComponent.o [1]
  .rodata                 const    0xe1032368     0x10  UROVComponent.o [1]
  .rodata                 const    0xe1032378     0x10  UROVComponent.o [1]
  .rodata                 const    0xe1032388     0x10  UROVComponent.o [1]
  .rodata                 const    0xe1032398     0x10  UROVComponent.o [1]
  .rodata                 const    0xe10323a8     0x10  ViewMenuWideLog.o [1]
  .rodata                 const    0xe10323b8     0x10  ViewRepozitWL.o [1]
  .rodata                 const    0xe10323c8     0x10  WLComponent.o [1]
  .rodata                 const    0xe10323d8     0x10  WLComponent.o [1]
  .rodata                 const    0xe10323e8     0x10  WLComponent.o [1]
  .rodata                 const    0xe10323f8     0x10  WLComponent.o [1]
  .rodata                 const    0xe1032408     0x10  WLComponent.o [1]
  .rodata                 const    0xe1032418      0xc  AppCn.o [1]
  .rodata                 const    0xe1032424      0xc  AppCn.o [1]
  .rodata                 const    0xe1032430      0xc  APVComponent.o [1]
  .rodata                 const    0xe103243c      0xc  APVComponent.o [1]
  .rodata                 const    0xe1032448      0xc  APVComponent.o [1]
  .rodata                 const    0xe1032454      0xc  APVComponent.o [1]
  .rodata                 const    0xe1032460      0xc  APVComponent.o [1]
  .rodata                 const    0xe103246c      0xc  APVComponent.o [1]
  .rodata                 const    0xe1032478      0xc  APVComponent.o [1]
  .rodata                 const    0xe1032484      0xc  APVComponent.o [1]
  .rodata                 const    0xe1032490      0xc  APVComponent.o [1]
  .rodata                 const    0xe103249c      0xc  APVComponent.o [1]
  .rodata                 const    0xe10324a8      0xc  APVComponent.o [1]
  .rodata                 const    0xe10324b4      0xc  APVComponent.o [1]
  .rodata                 const    0xe10324c0      0xc  APVComponent.o [1]
  .rodata                 const    0xe10324cc      0xc  APVComponent.o [1]
  .rodata                 const    0xe10324d8      0xc  APVComponent.o [1]
  .rodata                 const    0xe10324e4      0xc  DZ1Component.o [1]
  .rodata                 const    0xe10324f0      0xc  DZ1Component.o [1]
  .rodata                 const    0xe10324fc      0xc  DZ1Component.o [1]
  .rodata                 const    0xe1032508      0xc  DZ1Component.o [1]
  .rodata                 const    0xe1032514      0xc  DZ2Component.o [1]
  .rodata                 const    0xe1032520      0xc  DZ2Component.o [1]
  .rodata                 const    0xe103252c      0xc  DZ3Component.o [1]
  .rodata                 const    0xe1032538      0xc  DZ3Component.o [1]
  .rodata                 const    0xe1032544      0xc  DZ3Component.o [1]
  .rodata                 const    0xe1032550      0xc  DZ3Component.o [1]
  .rodata                 const    0xe103255c      0xc  DZ3Component.o [1]
  .rodata                 const    0xe1032568      0xc  DZ4Component.o [1]
  .rodata                 const    0xe1032574      0xc  DZ4Component.o [1]
  .rodata                 const    0xe1032580      0xc  DZ4Component.o [1]
  .rodata                 const    0xe103258c      0xc  DZ4Component.o [1]
  .rodata                 const    0xe1032598      0xc  DZ4Component.o [1]
  .rodata                 const    0xe10325a4      0xc  DZ5Component.o [1]
  .rodata                 const    0xe10325b0      0xc  DZ5Component.o [1]
  .rodata                 const    0xe10325bc      0xc  DZ5Component.o [1]
  .rodata                 const    0xe10325c8      0xc  DZ5Component.o [1]
  .rodata                 const    0xe10325d4      0xc  DZ5Component.o [1]
  .rodata                 const    0xe10325e0      0xc  missionCollectionEEPROM1.o [1]
  .rodata                 const    0xe10325ec      0xc  MTZ1Component.o [1]
  .rodata                 const    0xe10325f8      0xc  MTZ1Component.o [1]
  .rodata                 const    0xe1032604      0xc  MTZ1Component.o [1]
  .rodata                 const    0xe1032610      0xc  MTZ1Component.o [1]
  .rodata                 const    0xe103261c      0xc  MTZ1Component.o [1]
  .rodata                 const    0xe1032628      0xc  MTZ1Component.o [1]
  .rodata                 const    0xe1032634      0xc  MTZ1Component.o [1]
  .rodata                 const    0xe1032640      0xc  MTZ1Component.o [1]
  .rodata                 const    0xe103264c      0xc  MTZ2Component.o [1]
  .rodata                 const    0xe1032658      0xc  MTZ2Component.o [1]
  .rodata                 const    0xe1032664      0xc  MTZ2Component.o [1]
  .rodata                 const    0xe1032670      0xc  MTZ2Component.o [1]
  .rodata                 const    0xe103267c      0xc  MTZ2Component.o [1]
  .rodata                 const    0xe1032688      0xc  MTZ2Component.o [1]
  .rodata                 const    0xe1032694      0xc  MTZ2Component.o [1]
  .rodata                 const    0xe10326a0      0xc  MTZ3Component.o [1]
  .rodata                 const    0xe10326ac      0xc  MTZ3Component.o [1]
  .rodata                 const    0xe10326b8      0xc  MTZ3Component.o [1]
  .rodata                 const    0xe10326c4      0xc  MTZ3Component.o [1]
  .rodata                 const    0xe10326d0      0xc  MTZ3Component.o [1]
  .rodata                 const    0xe10326dc      0xc  MTZ3Component.o [1]
  .rodata                 const    0xe10326e8      0xc  MTZ3Component.o [1]
  .rodata                 const    0xe10326f4      0xc  MTZ4Component.o [1]
  .rodata                 const    0xe1032700      0xc  MTZ4Component.o [1]
  .rodata                 const    0xe103270c      0xc  MTZ4Component.o [1]
  .rodata                 const    0xe1032718      0xc  MTZ4Component.o [1]
  .rodata                 const    0xe1032724      0xc  MTZ4Component.o [1]
  .rodata                 const    0xe1032730      0xc  MTZ4Component.o [1]
  .rodata                 const    0xe103273c      0xc  MTZ4Component.o [1]
  .rodata                 const    0xe1032748      0xc  MTZ5Component.o [1]
  .rodata                 const    0xe1032754      0xc  MTZ5Component.o [1]
  .rodata                 const    0xe1032760      0xc  MTZ5Component.o [1]
  .rodata                 const    0xe103276c      0xc  MTZ5Component.o [1]
  .rodata                 const    0xe1032778      0xc  MTZ5Component.o [1]
  .rodata                 const    0xe1032784      0xc  MTZ5Component.o [1]
  .rodata                 const    0xe1032790      0xc  MTZ5Component.o [1]
  .rodata                 const    0xe103279c      0xc  NZOP1Component.o [1]
  .rodata                 const    0xe10327a8      0xc  NZOP1Component.o [1]
  .rodata                 const    0xe10327b4      0xc  NZOP2Component.o [1]
  .rodata                 const    0xe10327c0      0xc  NZOP2Component.o [1]
  .rodata                 const    0xe10327cc      0xc  NZOP2Component.o [1]
  .rodata                 const    0xe10327d8      0xc  OFComponent.o [1]
  .rodata                 const    0xe10327e4      0xc  PFComponent.o [1]
  .rodata                 const    0xe10327f0      0xc  PFComponent.o [1]
  .rodata                 const    0xe10327fc      0xc  PFComponent.o [1]
  .rodata                 const    0xe1032808      0xc  PFComponent.o [1]
  .rodata                 const    0xe1032814      0xc  PFComponent.o [1]
  .rodata                 const    0xe1032820      0xc  PFComponent.o [1]
  .rodata                 const    0xe103282c      0xc  PFComponent.o [1]
  .rodata                 const    0xe1032838      0xc  PFComponent.o [1]
  .rodata                 const    0xe1032844      0xc  PFComponent.o [1]
  .rodata                 const    0xe1032850      0xc  PFComponent.o [1]
  .rodata                 const    0xe103285c      0xc  PFComponent.o [1]
  .rodata                 const    0xe1032868      0xc  PFComponent.o [1]
  .rodata                 const    0xe1032874      0xc  PFComponent.o [1]
  .rodata                 const    0xe1032880      0xc  PFComponent.o [1]
  .rodata                 const    0xe103288c      0xc  PFComponent.o [1]
  .rodata                 const    0xe1032898      0xc  PFComponent.o [1]
  .rodata                 const    0xe10328a4      0xc  PRM1Component.o [1]
  .rodata                 const    0xe10328b0      0xc  PRM1Component.o [1]
  .rodata                 const    0xe10328bc      0xc  PRM1Component.o [1]
  .rodata                 const    0xe10328c8      0xc  PRM1Component.o [1]
  .rodata                 const    0xe10328d4      0xc  PRM1Component.o [1]
  .rodata                 const    0xe10328e0      0xc  PRM1Component.o [1]
  .rodata                 const    0xe10328ec      0xc  PRM1Component.o [1]
  .rodata                 const    0xe10328f8      0xc  PRM1Component.o [1]
  .rodata                 const    0xe1032904      0xc  PRM1Component.o [1]
  .rodata                 const    0xe1032910      0xc  PRM1Component.o [1]
  .rodata                 const    0xe103291c      0xc  PRM1Component.o [1]
  .rodata                 const    0xe1032928      0xc  PRM1Component.o [1]
  .rodata                 const    0xe1032934      0xc  ResetSystemMenu.o [1]
  .rodata                 const    0xe1032940      0xc  ResetSystemMenu.o [1]
  .rodata                 const    0xe103294c      0xc  ResetSystemMenu.o [1]
  .rodata                 const    0xe1032958      0xc  ResetSystemMenu.o [1]
  .rodata                 const    0xe1032964      0xc  ResetSystemMenu.o [1]
  .rodata                 const    0xe1032970      0xc  ResetSystemMenu.o [1]
  .rodata                 const    0xe103297c      0xc  ResetSystemMenu.o [1]
  .rodata                 const    0xe1032988      0xc  ResetSystemMenu.o [1]
  .rodata                 const    0xe1032994      0xc  ResetSystemMenu.o [1]
  .rodata                 const    0xe10329a0      0xc  ResetSystemMenu.o [1]
  .rodata                 const    0xe10329ac      0xc  ResetSystemMenu.o [1]
  .rodata                 const    0xe10329b8      0xc  ResetSystemMenu.o [1]
  .rodata                 const    0xe10329c4      0xc  ResetSystemMenu.o [1]
  .rodata                 const    0xe10329d0      0xc  ResetSystemMenu.o [1]
  .rodata                 const    0xe10329dc      0xc  systemMenu.o [1]
  .rodata                 const    0xe10329e8      0xc  systemMenu.o [1]
  .rodata                 const    0xe10329f4      0xc  TZNP1Component.o [1]
  .rodata                 const    0xe1032a00      0xc  TZNP2Component.o [1]
  .rodata                 const    0xe1032a0c      0xc  TZNP3Component.o [1]
  .rodata                 const    0xe1032a18      0xc  TZNP4Component.o [1]
  .rodata                 const    0xe1032a24      0xc  TZNP5Component.o [1]
  .rodata                 const    0xe1032a30      0xc  UMMComponent.o [1]
  .rodata                 const    0xe1032a3c      0xc  UMMComponent.o [1]
  .rodata                 const    0xe1032a48      0xc  UMMComponent.o [1]
  .rodata                 const    0xe1032a54      0xc  UMMComponent.o [1]
  .rodata                 const    0xe1032a60      0xc  UMMComponent.o [1]
  .rodata                 const    0xe1032a6c      0xc  UMMComponent.o [1]
  .rodata                 const    0xe1032a78      0xc  UMMComponent.o [1]
  .rodata                 const    0xe1032a84      0xc  UMMComponent.o [1]
  .rodata                 const    0xe1032a90      0xc  UMMComponent.o [1]
  .rodata                 const    0xe1032a9c      0xc  UMMComponent.o [1]
  .rodata                 const    0xe1032aa8      0xc  UMMComponent.o [1]
  .rodata                 const    0xe1032ab4      0xc  UMMComponent.o [1]
  .rodata                 const    0xe1032ac0      0xc  UMMComponent.o [1]
  .rodata                 const    0xe1032acc      0xc  UMMComponent.o [1]
  .rodata                 const    0xe1032ad8      0xc  UMMComponent.o [1]
  .rodata                 const    0xe1032ae4      0xc  UMMComponent.o [1]
  .rodata                 const    0xe1032af0      0xc  UMMComponent.o [1]
  .rodata                 const    0xe1032afc      0xc  UROVComponent.o [1]
  .rodata                 const    0xe1032b08      0xc  UROVComponent.o [1]
  .rodata                 const    0xe1032b14      0xc  UROVComponent.o [1]
[...]
resistance_fB0Y1        0xe10acb10     0x8  Data  Gb  SettingIci_data.o [1]
resistance_fB0Y2        0xe10acb40     0x8  Data  Gb  SettingIci_data.o [1]
resistance_fB0Y3        0xe10acb70     0x8  Data  Gb  SettingIci_data.o [1]
resistance_fB0Y4        0xe10acba0     0x8  Data  Gb  SettingIci_data.o [1]
resistance_fB0Y5        0xe10acbd0     0x8  Data  Gb  SettingIci_data.o [1]
resistance_fBMX         0xe10acbf8     0x8  Data  Gb  SettingIci_data.o [1]
resistance_fBMY         0xe10acc00     0x8  Data  Gb  SettingIci_data.o [1]
resistance_fC0X1        0xe10acb18     0x8  Data  Gb  SettingIci_data.o [1]
resistance_fC0X2        0xe10acb48     0x8  Data  Gb  SettingIci_data.o [1]
resistance_fC0X3        0xe10acb78     0x8  Data  Gb  SettingIci_data.o [1]
resistance_fC0X4        0xe10acba8     0x8  Data  Gb  SettingIci_data.o [1]
resistance_fC0X5        0xe10acbd8     0x8  Data  Gb  SettingIci_data.o [1]
resistance_fC0Y1        0xe10acb20     0x8  Data  Gb  SettingIci_data.o [1]
resistance_fC0Y2        0xe10acb50     0x8  Data  Gb  SettingIci_data.o [1]
resistance_fC0Y3        0xe10acb80     0x8  Data  Gb  SettingIci_data.o [1]
resistance_fC0Y4        0xe10acbb0     0x8  Data  Gb  SettingIci_data.o [1]
resistance_fC0Y5        0xe10acbe0     0x8  Data  Gb  SettingIci_data.o [1]
resistance_fCMX         0xe10acc08     0x8  Data  Gb  SettingIci_data.o [1]
resistance_fCMY         0xe10acc10     0x8  Data  Gb  SettingIci_data.o [1]
restore_partial_VFP_state
                        0xe1013264          Code  Gb  partial_vfp.o [1]
rpzCOMPONENT            0xe1082820   0x210  Data  Gb  ViewRepozit.o [1]
rpzCOMPONENT_WL         0xe10832c0    0x84  Data  Gb  ViewRepozitWL.o [1]
rpzcomponent_obj        0xe10abe00    0x90  Data  Gb  ViewRepozit.o [1]
rst1OT1                 0xe10ad080     0x4  Data  Gb  toSpeedDIS.o [1]
rst1OT2                 0xe10ad088     0x4  Data  Gb  toSpeedDIS.o [1]
rst1OT3                 0xe10ad090     0x4  Data  Gb  toSpeedDIS.o [1]
rst1OT4                 0xe10ad098     0x4  Data  Gb  toSpeedDIS.o [1]
rst1OT5                 0xe10ad0a0     0x4  Data  Gb  toSpeedDIS.o [1]
rst1OT6                 0xe10ad0a8     0x4  Data  Gb  toSpeedDIS.o [1]
rst1OT7                 0xe10ad0b0     0x4  Data  Gb  toSpeedDIS.o [1]
rst1OT8                 0xe10ad0b8     0x4  Data  Gb  toSpeedDIS.o [1]
rst2OT1                 0xe10ad084     0x4  Data  Gb  toSpeedDIS.o [1]
rst2OT2                 0xe10ad08c     0x4  Data  Gb  toSpeedDIS.o [1]
rst2OT3                 0xe10ad094     0x4  Data  Gb  toSpeedDIS.o [1]
rst2OT4                 0xe10ad09c     0x4  Data  Gb  toSpeedDIS.o [1]
rst2OT5                 0xe10ad0a4     0x4  Data  Gb  toSpeedDIS.o [1]
rst2OT6                 0xe10ad0ac     0x4  Data  Gb  toSpeedDIS.o [1]
rst2OT7                 0xe10ad0b4     0x4  Data  Gb  toSpeedDIS.o [1]
rst2OT8                 0xe10ad0bc     0x4  Data  Gb  toSpeedDIS.o [1]
samples_data_rdy        0xe10acd0c     0x4  Data  Gb  ici_api.o [1]
savePARAMtoEEPROM       0xe1019fe0    0x78  Code  Gb  ustavkitoEEPROM.o [1]
save_partial_VFP_state  0xe1013254          Code  Gb  partial_vfp.o [1]
sectorMTZ_IA_N          0xe10acf08     0x4  Data  Gb  SettingIci_data.o [1]
sectorMTZ_IA_V          0xe10acf04     0x4  Data  Gb  SettingIci_data.o [1]
sectorMTZ_IB_N          0xe10acf10     0x4  Data  Gb  SettingIci_data.o [1]
sectorMTZ_IB_V          0xe10acf0c     0x4  Data  Gb  SettingIci_data.o [1]
sectorMTZ_IC_N          0xe10acf18     0x4  Data  Gb  SettingIci_data.o [1]
sectorMTZ_IC_V          0xe10acf14     0x4  Data  Gb  SettingIci_data.o [1]
sectorNZOP1_N           0xe10acf34     0x4  Data  Gb  SettingIci_data.o [1]
sectorNZOP1_V           0xe10acf30     0x4  Data  Gb  SettingIci_data.o [1]
sectorNZOP2_N           0xe10acf3c     0x4  Data  Gb  SettingIci_data.o [1]
sectorNZOP2_V           0xe10acf38     0x4  Data  Gb  SettingIci_data.o [1]
sectorTZNP1             0xe10acf1c     0x4  Data  Gb  SettingIci_data.o [1]
sectorTZNP2             0xe10acf20     0x4  Data  Gb  SettingIci_data.o [1]
sectorTZNP3             0xe10acf24     0x4  Data  Gb  SettingIci_data.o [1]
sectorTZNP4             0xe10acf28     0x4  Data  Gb  SettingIci_data.o [1]
sectorTZNP5             0xe10acf2c     0x4  Data  Gb  SettingIci_data.o [1]
selectorDVHi            0xe10ace64     0x4  Data  Gb  periodOperations.o [1]
selectorDVLow           0xe10ace5c     0x4  Data  Gb  periodOperations.o [1]
selectorDVMidd          0xe10ace60     0x4  Data  Gb  periodOperations.o [1]
selectorUVVHi           0xe10ad0fc     0x4  Data  Gb  ViewMenuRang.o [1]
selectorUVVLow          0xe10ad0f4     0x4  Data  Gb  ViewMenuRang.o [1]
selectorUVVMidd         0xe10ad0f8     0x4  Data  Gb  ViewMenuRang.o [1]
selectorUprStrAPV       0xe1024f6c    0x3c  Code  Gb  APVComponent.o [1]
selectorUprStrDV        0xe102043c    0x3c  Code  Gb  PRM1Component.o [1]
selectorUprStrDZ1       0xe10275f0    0x3c  Code  Gb  DZ1Component.o [1]
selectorUprStrDZ2       0xe10228e8    0x3c  Code  Gb  DZ2Component.o [1]
selectorUprStrMTZ1      0xe1026b34    0x3c  Code  Gb  MTZ1Component.o [1]
selectorUprStrMTZ2      0xe1025be8    0x3c  Code  Gb  MTZ2Component.o [1]
selectorUprStrNZOP1     0xe1029b50    0xc4  Code  Gb  NZOP1Component.o [1]
selectorUprStrOF        0xe1021558    0x3c  Code  Gb  OFComponent.o [1]
selectorUprStrPRM1      0xe1020400    0x3c  Code  Gb  PRM1Component.o [1]
selectorUprStrRELE      0xe1020478    0x3c  Code  Gb  PRM1Component.o [1]
selectorUprStrTZNP1     0xe1028fd0    0x3c  Code  Gb  TZNP1Component.o [1]
selectorUprStrTZNP2     0xe102c8c4    0x3c  Code  Gb  TZNP2Component.o [1]
selectorUprStrUMM       0xe102a5bc    0xd0  Code  Gb  UMMComponent.o [1]
selectorUprStrUROV      0xe102b114    0x3c  Code  Gb  UROVComponent.o [1]
send_cb_spi1            0xe1040a20   0x10c  Code  Gb  ssp1L.o [1]
send_cb_ssp_Dma         0xe1010d3c    0x74  Code  Gb  ssp1.o [1]
setCRCMassiv            0xe1008de8    0x34  Code  Gb  psvisor_help.o [1]
setClonMngUSTAVKI       0xe100b0a4   0x100  Code  Gb  ustmanager.o [1]
setTimerENABLE          0xe103b92c    0x14  Code  Gb  logictimers.o [1]
setTimerENABLE_WL       0xe103b954    0x14  Code  Gb  logictimers.o [1]
setTimerPorog           0xe103b940    0x14  Code  Gb  logictimers.o [1]
setTimerPorog_WL        0xe103b968    0x14  Code  Gb  logictimers.o [1]
shCtrTrLpduSpiTeleMechs
                        0xe10ad116     0x2  Data  Gb  lpu.o [1]
speed_angle_APV         0xe10acf40     0x4  Data  Gb  SettingIci_data.o [1]
spi1_rxbuff             0xe10ff320   0x320  Data  Lc  ssp1L.o [1]
spi1_rxfill             0xe10acf6c     0x4  Data  Gb  ssp1L.o [1]
spi1_rxget              0xe10acf64     0x4  Data  Gb  ssp1L.o [1]
spi1_rxsize             0xe10acf5c     0x4  Data  Gb  ssp1L.o [1]
spi1_txbuff             0xe10ff000   0x320  Data  Lc  ssp1L.o [1]
spi1_txfill             0xe10acf60     0x4  Data  Gb  ssp1L.o [1]
spi1_txget              0xe10acf68     0x4  Data  Gb  ssp1L.o [1]
spi1_txsize             0xe10acf58     0x4  Data  Gb  ssp1L.o [1]
splitUgolSVRT           0xe1004e38    0x34  Code  Gb  isNewZonaMethodVRT.o [1]
sprintf                 0xe100cc74    0x58  Code  Gb  sprintf.o [3]
spvUSTAVKI              0xe10a6038   0x708  Data  Gb  psupervisor.o [1]
sqrt                    0xe1006360          Code  Gb  sqrt.o [4]
sqrtl                   0xe1006360          Code  Gb  sqrt.o [4]
ssp1_hdr_init           0xe1010bfc   0x140  Code  Gb  ssp1.o [1]
ssp1_regptr             0xe10acd5c     0x4  Data  Gb  main.o [1]
sspclks                 0xe10109c2     0x2  Data  Lc  lpcAV1_ssp_driver.o [1]
sspdev0                 0xe10acf54     0x4  Data  Gb  ssp1L.o [1]
sspdrv                  0xe10ac4a0    0x30  Data  Lc  lpcAV1_ssp_driver.o [1]
start_settings          0xe100a324    0x80  Code  Gb  main.o [1]
strcat                  0xe100cccc    0x30  Code  Gb  strcat.o [3]
strchr                  0xe1012ea8          Code  Gb  strchr.o [5]
strcpy                  0xe100cc0c          Code  Gb  strcpy.o [5]
stringList              0xe10a6740   0x600  Data  Gb  main.o [1]
strlen                  0xe10037e0          Code  Gb  strlen.o [5]
strncpy                 0xe1003834          Code  Gb  strncpy.o [5]
struct_maskaOTAPVUROVOFcmd
                        0xe10a58b8   0x780  Data  Gb  toSpeedDIS.o [1]
struct_maskaOTcmd       0xe10a7d38   0x500  Data  Gb  toSpeedDIS.o [1]
sub_menu_DZ             0xe10837f4    0x6c  Data  Gb  DZPacket.o [1]
sub_menu_MTZ            0xe1083860    0x6c  Data  Gb  MTZPacket.o [1]
sub_menu_NZOP           0xe1084e84    0x48  Data  Gb  NZOPPacket.o [1]
sub_menu_TZNP           0xe1083938    0x6c  Data  Gb  TZNPPacket.o [1]
sub_menu_act            0xe10859d0    0x18  Data  Gb  ResetSystemMenu.o [1]
sub_menu_apv            0xe1085a00    0x18  Data  Gb  ResetSystemMenu.o [1]
sub_menu_cdi            0xe1085788    0x24  Data  Gb  ResetSystemMenu.o [1]
sub_menu_cnf            0xe1082328   0x27c  Data  Gb  ResetSystemMenu.o [1]
sub_menu_cnfwl          0xe1082edc    0x9c  Data  Gb  ResetSystemMenu.o [1]
sub_menu_cntr           0xe1084f5c    0x48  Data  Gb  ResetSystemMenu.o [1]
sub_menu_comp_APV       0xe1083ad8    0x60  Data  Gb  APVComponent.o [1]
sub_menu_comp_DZ1       0xe1083b38    0x60  Data  Gb  DZ1Component.o [1]
sub_menu_comp_DZ2       0xe1083b98    0x60  Data  Gb  DZ2Component.o [1]
sub_menu_comp_DZ3       0xe1083bf8    0x60  Data  Gb  DZ3Component.o [1]
sub_menu_comp_DZ4       0xe1083c58    0x60  Data  Gb  DZ4Component.o [1]
sub_menu_comp_DZ5       0xe1083d18    0x60  Data  Gb  DZ5Component.o [1]
sub_menu_comp_MTZ1      0xe1083dd8    0x60  Data  Gb  MTZ1Component.o [1]
sub_menu_comp_MTZ2      0xe1083e98    0x60  Data  Gb  MTZ2Component.o [1]
sub_menu_comp_MTZ3      0xe1083f58    0x60  Data  Gb  MTZ3Component.o [1]
sub_menu_comp_MTZ4      0xe1084018    0x60  Data  Gb  MTZ4Component.o [1]
sub_menu_comp_MTZ5      0xe10840d8    0x60  Data  Gb  MTZ5Component.o [1]
sub_menu_comp_NZOP1     0xe1084198    0x60  Data  Gb  NZOP1Component.o [1]
sub_menu_comp_NZOP2     0xe10841f8    0x60  Data  Gb  NZOP2Component.o [1]
sub_menu_comp_OF        0xe1084258    0x60  Data  Gb  OFComponent.o [1]
sub_menu_comp_PF        0xe10842b8    0x60  Data  Gb  PFComponent.o [1]
sub_menu_comp_PRM1      0xe1084318    0x60  Data  Gb  PRM1Component.o [1]
sub_menu_comp_TZNP1     0xe1084378    0x60  Data  Gb  TZNP1Component.o [1]
sub_menu_comp_TZNP2     0xe10843d8    0x60  Data  Gb  TZNP2Component.o [1]
sub_menu_comp_TZNP3     0xe1084438    0x60  Data  Gb  TZNP3Component.o [1]
sub_menu_comp_TZNP4     0xe1084498    0x60  Data  Gb  TZNP4Component.o [1]
sub_menu_comp_TZNP5     0xe10844f8    0x60  Data  Gb  TZNP5Component.o [1]
sub_menu_comp_UMM       0xe1084558    0x60  Data  Gb  UMMComponent.o [1]
sub_menu_comp_UROV      0xe10845b8    0x60  Data  Gb  UROVComponent.o [1]
sub_menu_comp_WL        0xe1084618    0x60  Data  Gb  WLComponent.o [1]
sub_menu_dv             0xe1085740    0x24  Data  Gb  ResetSystemMenu.o [1]
sub_menu_main           0xe1082f78    0x9c  Data  Gb  ResetSystemMenu.o [1]
sub_menu_p1of           0xe1085a30    0x18  Data  Gb  ResetSystemMenu.o [1]
sub_menu_p2of           0xe1085a48    0x18  Data  Gb  ResetSystemMenu.o [1]
sub_menu_p3of           0xe1085a60    0x18  Data  Gb  ResetSystemMenu.o [1]
sub_menu_rdis           0xe10859e8    0x18  Data  Gb  ResetSystemMenu.o [1]
sub_menu_reg            0xe10859b8    0x18  Data  Gb  ResetSystemMenu.o [1]
sub_menu_rele           0xe1085764    0x24  Data  Gb  ResetSystemMenu.o [1]
sub_menu_rpz            0xe10825a4   0x27c  Data  Gb  ViewRepozit.o [1]
sub_menu_rpzWL          0xe1083014    0x9c  Data  Gb  ViewRepozitWL.o [1]
sub_menu_tmp            0xe1085a78    0x18  Data  Gb  ResetSystemMenu.o [1]
sub_menu_upr_compAPV    0xe1084990    0x54  Data  Gb  APVComponent.o [1]
sub_menu_upr_compCDI    0xe108571c    0x24  Data  Gb  PRM1Component.o [1]
sub_menu_upr_compDV     0xe10856d4    0x24  Data  Gb  PRM1Component.o [1]
sub_menu_upr_compDZ1    0xe1085500    0x24  Data  Gb  DZ1Component.o [1]
sub_menu_upr_compDZ3    0xe1085548    0x24  Data  Gb  DZ3Component.o [1]
sub_menu_upr_compDZ4    0xe1083cb8    0x60  Data  Gb  DZ4Component.o [1]
sub_menu_upr_compDZ5    0xe1083d78    0x60  Data  Gb  DZ5Component.o [1]
sub_menu_upr_compMTZ1   0xe1084b34    0x54  Data  Gb  MTZ1Component.o [1]
sub_menu_upr_compMTZ2   0xe10834b4    0x78  Data  Gb  MTZ2Component.o [1]
sub_menu_upr_compMTZ3   0xe1083134    0x84  Data  Gb  MTZ3Component.o [1]
sub_menu_upr_compMTZ4   0xe10831b8    0x84  Data  Gb  MTZ4Component.o [1]
sub_menu_upr_compMTZ5   0xe108323c    0x84  Data  Gb  MTZ5Component.o [1]
sub_menu_upr_compNZOP1  0xe1084d64    0x48  Data  Gb  NZOP1Component.o [1]
sub_menu_upr_compNZOP2  0xe1084e3c    0x48  Data  Gb  NZOP2Component.o [1]
sub_menu_upr_compOF     0xe108568c    0x24  Data  Gb  OFComponent.o [1]
sub_menu_upr_compPRM1   0xe1085064    0x3c  Data  Gb  PRM1Component.o [1]
sub_menu_upr_compRELE   0xe10856f8    0x24  Data  Gb  PRM1Component.o [1]
sub_menu_upr_compTZNP1  0xe108352c    0x78  Data  Gb  TZNP1Component.o [1]
sub_menu_upr_compTZNP2  0xe10835a4    0x78  Data  Gb  TZNP2Component.o [1]
sub_menu_upr_compTZNP3  0xe108361c    0x78  Data  Gb  TZNP3Component.o [1]
sub_menu_upr_compTZNP4  0xe1083694    0x78  Data  Gb  TZNP4Component.o [1]
sub_menu_upr_compTZNP5  0xe108370c    0x78  Data  Gb  TZNP5Component.o [1]
sub_menu_upr_compUMM    0xe1085860    0x24  Data  Gb  UMMComponent.o [1]
sub_menu_upr_compUROV   0xe10853a4    0x30  Data  Gb  UROVComponent.o [1]
sub_menu_upr_compUVV    0xe1084f14    0x48  Data  Gb  PRM1Component.o [1]
sub_menu_urov           0xe1085a18    0x18  Data  Gb  ResetSystemMenu.o [1]
sub_menu_ust_compAPV    0xe10833c4    0x78  Data  Gb  APVComponent.o [1]
sub_menu_ust_compDZ1    0xe10854b8    0x24  Data  Gb  DZ1Component.o [1]
sub_menu_ust_compDZ3    0xe10849e4    0x54  Data  Gb  DZ3Component.o [1]
sub_menu_ust_compDZ4    0xe1084a38    0x54  Data  Gb  DZ4Component.o [1]
sub_menu_ust_compDZ5    0xe1084a8c    0x54  Data  Gb  DZ5Component.o [1]
sub_menu_ust_compMTZ1   0xe1083e38    0x60  Data  Gb  MTZ1Component.o [1]
sub_menu_ust_compMTZ2   0xe1083ef8    0x60  Data  Gb  MTZ2Component.o [1]
sub_menu_ust_compMTZ3   0xe1083fb8    0x60  Data  Gb  MTZ3Component.o [1]
sub_menu_ust_compMTZ4   0xe1084078    0x60  Data  Gb  MTZ4Component.o [1]
sub_menu_ust_compMTZ5   0xe1084138    0x60  Data  Gb  MTZ5Component.o [1]
sub_menu_ust_compNZOP1  0xe10838cc    0x6c  Data  Gb  NZOP1Component.o [1]
sub_menu_ust_compNZOP2  0xe1084dac    0x48  Data  Gb  NZOP2Component.o [1]
sub_menu_ust_compOF     0xe1085668    0x24  Data  Gb  OFComponent.o [1]
sub_menu_ust_compPRM1   0xe1085028    0x3c  Data  Gb  PRM1Component.o [1]
sub_menu_ust_compTZNP1  0xe10850a0    0x3c  Data  Gb  TZNP1Component.o [1]
sub_menu_ust_compTZNP2  0xe10850dc    0x3c  Data  Gb  TZNP2Component.o [1]
sub_menu_ust_compTZNP3  0xe1085118    0x3c  Data  Gb  TZNP3Component.o [1]
sub_menu_ust_compTZNP4  0xe1085154    0x3c  Data  Gb  TZNP4Component.o [1]
sub_menu_ust_compTZNP5  0xe1085190    0x3c  Data  Gb  TZNP5Component.o [1]
sub_menu_ust_compUMM    0xe10839a4    0x6c  Data  Gb  UMMComponent.o [1]
sub_menu_ust_compUROV   0xe1085374    0x30  Data  Gb  UROVComponent.o [1]
sub_menu_ust_compUVV    0xe10856b0    0x24  Data  Gb  PRM1Component.o [1]
sub_menu_vid_compAPV    0xe1085428    0x24  Data  Gb  APVComponent.o [1]
sub_menu_vid_compDZ1    0xe10854dc    0x24  Data  Gb  DZ1Component.o [1]
sub_menu_vid_compDZ3    0xe1085524    0x24  Data  Gb  DZ3Component.o [1]
sub_menu_vid_compDZ4    0xe108556c    0x24  Data  Gb  DZ4Component.o [1]
sub_menu_vid_compDZ5    0xe1085590    0x24  Data  Gb  DZ5Component.o [1]
sub_menu_vid_compMTZ1   0xe1084ae0    0x54  Data  Gb  MTZ1Component.o [1]
sub_menu_vid_compMTZ2   0xe10855d8    0x24  Data  Gb  MTZ2Component.o [1]
sub_menu_vid_compMTZ3   0xe10855fc    0x24  Data  Gb  MTZ3Component.o [1]
sub_menu_vid_compMTZ4   0xe1085620    0x24  Data  Gb  MTZ4Component.o [1]
sub_menu_vid_compMTZ5   0xe1085644    0x24  Data  Gb  MTZ5Component.o [1]
sub_menu_vid_compNZOP1  0xe1084d1c    0x48  Data  Gb  NZOP1Component.o [1]
sub_menu_vid_compNZOP2  0xe1084df4    0x48  Data  Gb  NZOP2Component.o [1]
sub_menu_vid_compPRM1   0xe1084ecc    0x48  Data  Gb  PRM1Component.o [1]
sub_menu_vid_compTZNP1  0xe10857ac    0x24  Data  Gb  TZNP1Component.o [1]
sub_menu_vid_compTZNP2  0xe10857d0    0x24  Data  Gb  TZNP2Component.o [1]
sub_menu_vid_compTZNP3  0xe10857f4    0x24  Data  Gb  TZNP3Component.o [1]
sub_menu_vid_compTZNP4  0xe1085818    0x24  Data  Gb  TZNP4Component.o [1]
sub_menu_vid_compTZNP5  0xe108583c    0x24  Data  Gb  TZNP5Component.o [1]
sub_menu_vid_compUMM    0xe1084b88    0x54  Data  Gb  UMMComponent.o [1]
sub_menu_vid_compUROV   0xe10851cc    0x3c  Data  Gb  UROVComponent.o [1]
sub_menu_widel          0xe1085884    0x24  Data  Gb  WLComponent.o [1]
tempLog                 0xe10a282c   0xaf0  Data  Gb  psupervisor.o [1]
tempLog_WL              0xe10aae7c   0x190  Data  Gb  psupervisor.o [1]
testPrtTblState         0xe1085b74     0x8  Data  Gb  AppCn.o [1]
test_external_SRAM      0xe102f980   0x114  Code  Gb  start_settings.o [1]
timer0_user_interrupt   0xe100cf0c    0x20  Code  Gb  u3.o [1]
timer0dev               0xe10ad0e8     0x4  Data  Gb  u3.o [1]
timerEnableWL           0xe10acd2c     0x4  Data  Gb  logictimers.o [1]
timerWaitReqHSU1        0xe10acc18     0x4  Data  Gb  AppCn.o [1]
timerWaitReqHSU2        0xe10ac9b4     0x4  Data  Gb  AppCn.o [1]
timerWaitReqM2m         0xe10acc1c     0x4  Data  Gb  AppCn.o [1]
timerWaitReqSpi         0xe10acc20     0x4  Data  Gb  AppCn.o [1]
timer_num_to_clk_enum   0xe1032ce4     0x4  Data  Lc  lpcAV1_timer_driver.o [1]
timing                  0xe10acd64     0x4  Data  Gb  main.o [1]
timingLoad              0xe10acd68     0x4  Data  Gb  main.o [1]
tmpUSTAVKI              0xe10ab00c   0x190  Data  Gb  ustmanager.o [1]
tmr_init                0xe10ac938    0x10  Data  Lc  lpcAV1_timer_driver.o [1]
tmrdat                  0xe10ac948    0x10  Data  Lc  lpcAV1_timer_driver.o [1]
total_measurement       0xe10a8e20   0x330  Data  Gb  ici_api.o [1]
trigReg                 0xe10acd80     0x4  Data  Gb  main.o [1]
twinDZ2                 0xe10ac98c     0xc  Data  Gb  DZ2Component.o [1]
twinMTZ2                0xe10ac998     0xc  Data  Gb  MTZ2Component.o [1]
twinNZOP1               0xe10ace40     0x4  Data  Gb  NZOP1Component.o [1]
twinTZNP1               0xe10ac958    0x10  Data  Gb  TZNP1Component.o [1]
uiAmtSpiBadRvPacket     0xe10acd44     0x4  Data  Gb  lpu.o [1]
uiAmtSpiGoodRvPacket    0xe10acd40     0x4  Data  Gb  lpu.o [1]
ulCtrTrLpduSpi          0xe10acd34     0x4  Data  Gb  lpu.o [1]
ustavkiZN               0xe10acf4c     0x4  Data  Gb  SettingIci_UMM.o [1]
vec_abort_handler       0xe102fd2c          Code  Gb  lpc32xx_vectors.o [1]
vec_fiq_handler         0xe102fd34          Code  Gb  lpc32xx_vectors.o [1]
vec_irq_handler         0xe102fd30          Code  Gb  lpc32xx_vectors.o [1]
vec_prefetch_handler    0xe102fd28          Code  Gb  lpc32xx_vectors.o [1]
vec_reset_handler       0xe102fd1c          Code  Gb  lpc32xx_vectors.o [1]
vec_swi_handler         0xe102fd24          Code  Gb  lpc32xx_vectors.o [1]
vec_undefined_handler   0xe102fd20          Code  Gb  lpc32xx_vectors.o [1]
vecarea                 0xe10acd30     0x4  Data  Gb  lpc32xx_intc_driver.o [1]
voltage_difference_APV  0xe10acf48     0x4  Data  Gb  SettingIci_data.o [1]
workerUniversal1        0xe10aceb8     0x4  Data  Gb  psvisor_help.o [1]
workerUniversal2        0xe10acebc     0x4  Data  Gb  psvisor_help.o [1]
zonaVertexBD            0xe10a7838   0x500  Data  Gb  isNewZonaMethodVRT.o [1]


[1] = D:\Program Files\IAR Systems\MYWORK\HR1_0100_00_I720_new2\EWP\Debug xRAM\Obj
[2] = command line
[3] = dl5E_aln.a
[4] = m5E_alv.a
[5] = rt5E_al.a

  197 926 bytes of readonly  code memory
   75 876 bytes of readwrite code memory
   47 859 bytes of readonly  data memory
  214 360 bytes of readwrite data memory (+ 152 absolute)

Errors: none
Warnings: 2
