###############################################################################
#
# IAR ANSI C/C++ Compiler V7.40.2.8542/W32 for ARM        20/Oct/2015  12:12:07
# Copyright 1999-2015 IAR Systems AB.
#
#    Cpu mode     =  arm
#    Endian       =  little
#    Source file  =  
#        D:\IAR projects\HR1_0100_00_I720_new2\virtualMenu\ViewMenuTip.c
#    Command line =  
#        "D:\IAR projects\HR1_0100_00_I720_new2\virtualMenu\ViewMenuTip.c" -lcN
#        "D:\IAR projects\HR1_0100_00_I720_new2\EWP\Debug xRAM\List\" -o
#        "D:\IAR projects\HR1_0100_00_I720_new2\EWP\Debug xRAM\Obj\" --no_cse
#        --no_unroll --no_inline --no_code_motion --no_tbaa --no_clustering
#        --no_scheduling --debug --endian=little --cpu=ARM926EJ-S -e
#        --fpu=VFP9-S --dlib_config "C:\Program Files\IAR Systems\Embedded
#        Workbench 7.40\arm\INC\c\DLib_Config_Normal.h" -I "D:\IAR
#        projects\HR1_0100_00_I720_new2\EWP\..\NXP\" -I "D:\IAR
#        projects\HR1_0100_00_I720_new2\EWP\..\LIB\include\" -I "D:\IAR
#        projects\HR1_0100_00_I720_new2\EWP\..\inc\" -I "D:\IAR
#        projects\HR1_0100_00_I720_new2\EWP\..\Igor\" -I "D:\IAR
#        projects\HR1_0100_00_I720_new2\EWP\..\mal\" -I "D:\IAR
#        projects\HR1_0100_00_I720_new2\EWP\..\component\" -I "D:\IAR
#        projects\HR1_0100_00_I720_new2\EWP\..\psupervisor\" -I "D:\IAR
#        projects\HR1_0100_00_I720_new2\EWP\..\virtualMenu\" -I "D:\IAR
#        projects\HR1_0100_00_I720_new2\EWP\..\callbackElement\" -I "D:\IAR
#        projects\HR1_0100_00_I720_new2\EWP\..\logictimers\" -I "D:\IAR
#        projects\HR1_0100_00_I720_new2\EWP\..\zonaVRT\" -I "D:\IAR
#        projects\HR1_0100_00_I720_new2\EWP\..\" --interwork --cpu_mode arm -On
#        --use_c++_inline
#    List file    =  
#        D:\IAR projects\HR1_0100_00_I720_new2\EWP\Debug
#        xRAM\List\ViewMenuTip.lst
#    Object file  =  
#        D:\IAR projects\HR1_0100_00_I720_new2\EWP\Debug xRAM\Obj\ViewMenuTip.o
#
###############################################################################

D:\IAR projects\HR1_0100_00_I720_new2\virtualMenu\ViewMenuTip.c
      1          /*
      2          #include <vcl.h>
      3          #include <strstrea.h>
      4          #include <math.h>
      5          #include <mem.h>
      6          #include <fstream.h>
      7          #include <strstrea.h>
      8          #include <iomanip.h>
      9          #pragma hdrstop
     10          
     11          #include "vmenuDis.h"
     12          */
     13          
     14          #include <stdio.h>
     15          #include <string.h>
     16          
     17          #include "psuperVisor\supermanager.h"
     18          
     19          #include "bazisdef.h"
     20          #include "component\componentdef.h"
     21          #include "virtualMenu\systemmenudef.h"
     22          #include "virtualMenu\rangmanagerdef.h"
     23          
     24          #include "virtualMenu\textstreamfnc.h"
     25          #include "virtualMenu\systemmenufnc.h"
     26          #include "virtualMenu\rangmanagerfnc.h"
     27          #include "psuperVisor\psvisor_helpfnc.h"
     28          
     29          #include "virtualMenu\viewMenuTip.h"
     30          #include "virtualMenu\viewMenuRang.h"
     31          #include "virtualMenu\viewMenuWideLog.h"
     32          
     33          #include "toSpeedOptim.h"
     34          
     35          extern IONAMESTATUS_RANGIR  nameStatusRANGIR[];
     36          extern int workerUniversal1;//данные для работника
     37          extern int workerUniversal2;//данные для работника
     38          
     39          StreamControl controlStruct_tip;//управл структура
     40          
     41          void PgUpTipPanel()
     42          {
     43          //панель подсказки TipPanel
     44            controlStruct_tip.topStrPnt = TxtStreamPgUpButtonPrepare(&controlStruct_tip);//подготовка
     45            ViewDiskrTip();//вывести окно TipPanel
     46          }//PgUpTipPanel()
     47          
     48          void PgDownTipPanel()
     49          {
     50          //панель подсказки TipPanel
     51            controlStruct_tip.topStrPnt = TxtStreamPgDownButtonPrepare(&controlStruct_tip);//подготовка
     52            ViewDiskrTip();//вывести окно TipPanel
     53          }//PgDownTipPanel()
     54          
     55          void ViewTipPanel(int isRangORwl)
     56          {
     57          //панель подсказки TipPanel
     58           if(isRangORwl)
     59            TxtStreamInit(&controlStruct_tip, &KadrMenuFormat_viewLE, NULL);//инит управл структ и формир кадра
     60           else
     61            TxtStreamInit(&controlStruct_tip, &KadrMenuFormat_viewRang, NULL);//инит управл структ и формир кадра
     62            ViewDiskrTip();//вывести окно TipPanel
     63          }//ViewTipPanel()
     64          
     65          void ViewDiskrTip()
     66          {
     67          /*
     68          //вывести окно TipPanel
     69          //вывести страницу
     70            WorkVariantChar workVariantCharLoc;//буфер кадра
     71          
     72            int tmp = TxtStreamIteratorBegin((void *)&workVariantCharLoc, &controlStruct_tip);//движение вниз
     73          
     74            if(tmp==-1) //файла нет или пустой
     75            {
     76              FvmenuDis->Str1PnlLabel->Caption = "ПУСТО";
     77              return ;
     78            }//if
     79          
     80            if(tmp==0) //достигнут конец файла
     81            {
     82              return ;
     83            }//if
     84            //показать результат
     85            FvmenuDis->Str1PnlLabel->Caption = workVariantCharLoc.TwoString[0];
     86          
     87            if(TxtStreamIteratorMidle(&controlStruct_tip)==0) //движение вниз
     88            {
     89              //достигнут конец файла
     90              controlStruct_tip.StpStringViewer = 0;//stp указател строки
     91              FvmenuDis->Str2PnlLabel->Caption = "";
     92              return ;
     93            }//if
     94            //показать результат
     95            FvmenuDis->Str2PnlLabel->Caption = workVariantCharLoc.TwoString[0];
     96          
     97            TxtStreamIteratorEnd(&controlStruct_tip);//конец страницы
     98          
     99            controlStruct_tip.StpStringViewer = 1;//stp указател строки
    100          */
    101          
    102          }//ViewDiskrTip()
    103          

   Maximum stack usage in bytes:

   .cstack Function
   ------- --------
       8   PgDownTipPanel
         8   -> TxtStreamPgDownButtonPrepare
         8   -> ViewDiskrTip
       8   PgUpTipPanel
         8   -> TxtStreamPgUpButtonPrepare
         8   -> ViewDiskrTip
       0   ViewDiskrTip
       8   ViewTipPanel
         8   -> TxtStreamInit
         8   -> ViewDiskrTip


   Section sizes:

   Bytes  Function/Label
   -----  --------------
       4  ??DataTable2
       4  ??DataTable2_1
       4  ??DataTable2_2
      28  PgDownTipPanel
      28  PgUpTipPanel
       4  ViewDiskrTip
      60  ViewTipPanel
      40  controlStruct_tip

 
  40 bytes in section .bss
 132 bytes in section .text
 
 132 bytes of CODE memory
  40 bytes of DATA memory

Errors: none
Warnings: none
